Archive member included to satisfy reference by file (symbol)

/usr/lib/gcc/arm-none-eabi/7.3.1/../../../arm-none-eabi/lib/thumb/v7e-m/fpv5/hard/libc_nano.a(lib_a-atexit.o)
                              /usr/lib/gcc/arm-none-eabi/7.3.1/../../../arm-none-eabi/lib/thumb/v7e-m/fpv5/hard/crt0.o (atexit)
/usr/lib/gcc/arm-none-eabi/7.3.1/../../../arm-none-eabi/lib/thumb/v7e-m/fpv5/hard/libc_nano.a(lib_a-exit.o)
                              /usr/lib/gcc/arm-none-eabi/7.3.1/../../../arm-none-eabi/lib/thumb/v7e-m/fpv5/hard/crt0.o (exit)
/usr/lib/gcc/arm-none-eabi/7.3.1/../../../arm-none-eabi/lib/thumb/v7e-m/fpv5/hard/libc_nano.a(lib_a-fini.o)
                              /usr/lib/gcc/arm-none-eabi/7.3.1/../../../arm-none-eabi/lib/thumb/v7e-m/fpv5/hard/crt0.o (__libc_fini_array)
/usr/lib/gcc/arm-none-eabi/7.3.1/../../../arm-none-eabi/lib/thumb/v7e-m/fpv5/hard/libc_nano.a(lib_a-impure.o)
                              /usr/lib/gcc/arm-none-eabi/7.3.1/../../../arm-none-eabi/lib/thumb/v7e-m/fpv5/hard/libc_nano.a(lib_a-exit.o) (_global_impure_ptr)
/usr/lib/gcc/arm-none-eabi/7.3.1/../../../arm-none-eabi/lib/thumb/v7e-m/fpv5/hard/libc_nano.a(lib_a-init.o)
                              /usr/lib/gcc/arm-none-eabi/7.3.1/../../../arm-none-eabi/lib/thumb/v7e-m/fpv5/hard/crt0.o (__libc_init_array)
/usr/lib/gcc/arm-none-eabi/7.3.1/../../../arm-none-eabi/lib/thumb/v7e-m/fpv5/hard/libc_nano.a(lib_a-memset.o)
                              /usr/lib/gcc/arm-none-eabi/7.3.1/../../../arm-none-eabi/lib/thumb/v7e-m/fpv5/hard/crt0.o (memset)
/usr/lib/gcc/arm-none-eabi/7.3.1/../../../arm-none-eabi/lib/thumb/v7e-m/fpv5/hard/libc_nano.a(lib_a-__atexit.o)
                              /usr/lib/gcc/arm-none-eabi/7.3.1/../../../arm-none-eabi/lib/thumb/v7e-m/fpv5/hard/libc_nano.a(lib_a-atexit.o) (__register_exitproc)
/usr/lib/gcc/arm-none-eabi/7.3.1/../../../arm-none-eabi/lib/thumb/v7e-m/fpv5/hard/libc_nano.a(lib_a-__call_atexit.o)
                              /usr/lib/gcc/arm-none-eabi/7.3.1/../../../arm-none-eabi/lib/thumb/v7e-m/fpv5/hard/libc_nano.a(lib_a-__atexit.o) (__call_exitprocs)
/usr/lib/gcc/arm-none-eabi/7.3.1/../../../arm-none-eabi/lib/thumb/v7e-m/fpv5/hard/libnosys.a(_exit.o)
                              /usr/lib/gcc/arm-none-eabi/7.3.1/../../../arm-none-eabi/lib/thumb/v7e-m/fpv5/hard/libc_nano.a(lib_a-exit.o) (_exit)
/usr/lib/gcc/arm-none-eabi/7.3.1/thumb/v7e-m/fpv5/hard/libgcc.a(_aeabi_uldivmod.o)
                              build/stm32h7xx_hal_uart.o (__aeabi_uldivmod)
/usr/lib/gcc/arm-none-eabi/7.3.1/thumb/v7e-m/fpv5/hard/libgcc.a(_udivmoddi4.o)
                              /usr/lib/gcc/arm-none-eabi/7.3.1/thumb/v7e-m/fpv5/hard/libgcc.a(_aeabi_uldivmod.o) (__udivmoddi4)
/usr/lib/gcc/arm-none-eabi/7.3.1/thumb/v7e-m/fpv5/hard/libgcc.a(_dvmd_tls.o)
                              /usr/lib/gcc/arm-none-eabi/7.3.1/thumb/v7e-m/fpv5/hard/libgcc.a(_aeabi_uldivmod.o) (__aeabi_ldiv0)

Allocating common symbols
Common symbol       size              file

hi2c4               0x4c              build/i2c.o
hpcd_USB_OTG_HS     0x408             build/usb_otg.o
hospi1              0x60              build/octospi.o
hsd1                0x80              build/sdmmc.o
uwTick              0x4               build/stm32h7xx_hal.o
pFlash              0x1c              build/stm32h7xx_hal_flash.o
htim3               0x4c              build/tim.o
hlpuart1            0x8c              build/usart.o
hadc1               0x70              build/adc.o
hspi4               0x88              build/spi.o
hrtc                0x24              build/rtc.o

Discarded input sections

 .text          0x0000000000000000        0x0 /usr/lib/gcc/arm-none-eabi/7.3.1/thumb/v7e-m/fpv5/hard/crti.o
 .data          0x0000000000000000        0x0 /usr/lib/gcc/arm-none-eabi/7.3.1/thumb/v7e-m/fpv5/hard/crti.o
 .bss           0x0000000000000000        0x0 /usr/lib/gcc/arm-none-eabi/7.3.1/thumb/v7e-m/fpv5/hard/crti.o
 .data          0x0000000000000000        0x4 /usr/lib/gcc/arm-none-eabi/7.3.1/thumb/v7e-m/fpv5/hard/crtbegin.o
 .text          0x0000000000000000       0x68 /usr/lib/gcc/arm-none-eabi/7.3.1/../../../arm-none-eabi/lib/thumb/v7e-m/fpv5/hard/crt0.o
 .data          0x0000000000000000        0x0 /usr/lib/gcc/arm-none-eabi/7.3.1/../../../arm-none-eabi/lib/thumb/v7e-m/fpv5/hard/crt0.o
 .bss           0x0000000000000000        0x0 /usr/lib/gcc/arm-none-eabi/7.3.1/../../../arm-none-eabi/lib/thumb/v7e-m/fpv5/hard/crt0.o
 .ARM.extab     0x0000000000000000        0x0 /usr/lib/gcc/arm-none-eabi/7.3.1/../../../arm-none-eabi/lib/thumb/v7e-m/fpv5/hard/crt0.o
 .ARM.exidx     0x0000000000000000        0x8 /usr/lib/gcc/arm-none-eabi/7.3.1/../../../arm-none-eabi/lib/thumb/v7e-m/fpv5/hard/crt0.o
 .debug_line    0x0000000000000000       0x87 /usr/lib/gcc/arm-none-eabi/7.3.1/../../../arm-none-eabi/lib/thumb/v7e-m/fpv5/hard/crt0.o
 .debug_info    0x0000000000000000       0x26 /usr/lib/gcc/arm-none-eabi/7.3.1/../../../arm-none-eabi/lib/thumb/v7e-m/fpv5/hard/crt0.o
[...]
Memory Configuration

Name             Origin             Length             Attributes
DTCMRAM          0x0000000020000000 0x0000000000020000 xrw
RAM_D1           0x0000000024000000 0x0000000000050000 xrw
RAM_D2           0x0000000030000000 0x0000000000008000 xrw
RAM_D3           0x0000000038000000 0x0000000000004000 xrw
ITCMRAM          0x0000000000000000 0x0000000000010000 xrw
FLASH            0x0000000008000000 0x0000000000100000 xr
*default*        0x0000000000000000 0xffffffffffffffff

Linker script and memory map

LOAD /usr/lib/gcc/arm-none-eabi/7.3.1/thumb/v7e-m/fpv5/hard/crti.o
LOAD /usr/lib/gcc/arm-none-eabi/7.3.1/thumb/v7e-m/fpv5/hard/crtbegin.o
LOAD /usr/lib/gcc/arm-none-eabi/7.3.1/../../../arm-none-eabi/lib/thumb/v7e-m/fpv5/hard/crt0.o
LOAD build/main.o
LOAD build/gpio.o
LOAD build/adc.o
LOAD build/i2c.o
LOAD build/usart.o
LOAD build/octospi.o
LOAD build/rtc.o
LOAD build/sdmmc.o
LOAD build/spi.o
LOAD build/tim.o
LOAD build/usb_otg.o
LOAD build/stm32h7xx_it.o
LOAD build/stm32h7xx_hal_msp.o
LOAD build/stm32h7xx_hal_adc.o
LOAD build/stm32h7xx_hal_adc_ex.o
LOAD build/stm32h7xx_hal_rcc.o
LOAD build/stm32h7xx_hal_rcc_ex.o
LOAD build/stm32h7xx_hal_flash.o
LOAD build/stm32h7xx_hal_flash_ex.o
LOAD build/stm32h7xx_hal_gpio.o
LOAD build/stm32h7xx_hal_hsem.o
LOAD build/stm32h7xx_hal_dma.o
LOAD build/stm32h7xx_hal_dma_ex.o
LOAD build/stm32h7xx_hal_mdma.o
LOAD build/stm32h7xx_hal_pwr.o
LOAD build/stm32h7xx_hal_pwr_ex.o
LOAD build/stm32h7xx_hal_cortex.o
LOAD build/stm32h7xx_hal.o
LOAD build/stm32h7xx_hal_i2c.o
LOAD build/stm32h7xx_hal_i2c_ex.o
LOAD build/stm32h7xx_hal_exti.o
LOAD build/stm32h7xx_hal_uart.o
LOAD build/stm32h7xx_hal_uart_ex.o
LOAD build/stm32h7xx_hal_ospi.o
LOAD build/stm32h7xx_hal_tim.o
LOAD build/stm32h7xx_hal_tim_ex.o
LOAD build/stm32h7xx_hal_rtc.o
LOAD build/stm32h7xx_hal_rtc_ex.o
LOAD build/stm32h7xx_ll_sdmmc.o
LOAD build/stm32h7xx_ll_delayblock.o
LOAD build/stm32h7xx_hal_sd.o
LOAD build/stm32h7xx_hal_sd_ex.o
LOAD build/stm32h7xx_hal_spi.o
LOAD build/stm32h7xx_hal_spi_ex.o
LOAD build/stm32h7xx_hal_pcd.o
LOAD build/stm32h7xx_hal_pcd_ex.o
LOAD build/stm32h7xx_ll_usb.o
LOAD build/system_stm32h7xx.o
LOAD build/startup_stm32h723xx.o
LOAD /usr/lib/gcc/arm-none-eabi/7.3.1/../../../arm-none-eabi/lib/thumb/v7e-m/fpv5/hard/libc_nano.a
LOAD /usr/lib/gcc/arm-none-eabi/7.3.1/../../../arm-none-eabi/lib/thumb/v7e-m/fpv5/hard/libm.a
LOAD /usr/lib/gcc/arm-none-eabi/7.3.1/../../../arm-none-eabi/lib/thumb/v7e-m/fpv5/hard/libnosys.a
START GROUP
LOAD /usr/lib/gcc/arm-none-eabi/7.3.1/thumb/v7e-m/fpv5/hard/libgcc.a
LOAD /usr/lib/gcc/arm-none-eabi/7.3.1/../../../arm-none-eabi/lib/thumb/v7e-m/fpv5/hard/libc_nano.a
END GROUP
START GROUP
LOAD /usr/lib/gcc/arm-none-eabi/7.3.1/thumb/v7e-m/fpv5/hard/libgcc.a
LOAD /usr/lib/gcc/arm-none-eabi/7.3.1/../../../arm-none-eabi/lib/thumb/v7e-m/fpv5/hard/libc_nano.a
END GROUP
LOAD /usr/lib/gcc/arm-none-eabi/7.3.1/thumb/v7e-m/fpv5/hard/crtend.o
LOAD /usr/lib/gcc/arm-none-eabi/7.3.1/thumb/v7e-m/fpv5/hard/crtn.o
                0x0000000020020000                _estack = 0x20020000
                0x0000000000000200                _Min_Heap_Size = 0x200
                0x0000000000000400                _Min_Stack_Size = 0x400

.isr_vector     0x0000000008000000      0x2cc
                0x0000000008000000                . = ALIGN (0x4)
 *(.isr_vector)
 .isr_vector    0x0000000008000000      0x2cc build/startup_stm32h723xx.o
                0x0000000008000000                g_pfnVectors
                0x00000000080002cc                . = ALIGN (0x4)

.text           0x00000000080002cc     0x7230
                0x00000000080002cc                . = ALIGN (0x4)
 *(.text)
 .text          0x00000000080002cc       0x88 /usr/lib/gcc/arm-none-eabi/7.3.1/thumb/v7e-m/fpv5/hard/crtbegin.o
 .text          0x0000000008000354       0x48 /usr/lib/gcc/arm-none-eabi/7.3.1/../../../arm-none-eabi/lib/thumb/v7e-m/fpv5/hard/libc_nano.a(lib_a-init.o)
                0x0000000008000354                __libc_init_array
 .text          0x000000000800039c       0x94 /usr/lib/gcc/arm-none-eabi/7.3.1/../../../arm-none-eabi/lib/thumb/v7e-m/fpv5/hard/libc_nano.a(lib_a-memset.o)
                0x000000000800039c                memset
 .text          0x0000000008000430       0x30 /usr/lib/gcc/arm-none-eabi/7.3.1/thumb/v7e-m/fpv5/hard/libgcc.a(_aeabi_uldivmod.o)
                0x0000000008000430                __aeabi_uldivmod
 .text          0x0000000008000460      0x2cc /usr/lib/gcc/arm-none-eabi/7.3.1/thumb/v7e-m/fpv5/hard/libgcc.a(_udivmoddi4.o)
                0x0000000008000460                __udivmoddi4
 .text          0x000000000800072c        0x4 /usr/lib/gcc/arm-none-eabi/7.3.1/thumb/v7e-m/fpv5/hard/libgcc.a(_dvmd_tls.o)
                0x000000000800072c                __aeabi_ldiv0
                0x000000000800072c                __aeabi_idiv0
 *(.text*)
 .text.Error_Handler
                0x0000000008000730        0x4 build/main.o
                0x0000000008000730                Error_Handler
 .text.SystemClock_Config
                0x0000000008000734      0x120 build/main.o
                0x0000000008000734                SystemClock_Config
 .text.main     0x0000000008000854       0x34 build/main.o
                0x0000000008000854                main
 .text.MX_GPIO_Init
                0x0000000008000888      0x234 build/gpio.o
                0x0000000008000888                MX_GPIO_Init
 .text.MX_ADC1_Init
                0x0000000008000abc       0xa0 build/adc.o
                0x0000000008000abc                MX_ADC1_Init
 .text.HAL_ADC_MspInit
                0x0000000008000b5c       0x6c build/adc.o
                0x0000000008000b5c                HAL_ADC_MspInit
 .text.MX_I2C4_Init
                0x0000000008000bc8       0x58 build/i2c.o
                0x0000000008000bc8                MX_I2C4_Init
 .text.HAL_I2C_MspInit
                0x0000000008000c20       0x70 build/i2c.o
                0x0000000008000c20                HAL_I2C_MspInit
 .text.MX_LPUART1_UART_Init
                0x0000000008000c90       0x6c build/usart.o
                0x0000000008000c90                MX_LPUART1_UART_Init
 .text.HAL_UART_MspInit
                0x0000000008000cfc       0x74 build/usart.o
                0x0000000008000cfc                HAL_UART_MspInit
 .text.MX_OCTOSPI1_Init
                0x0000000008000d70       0xac build/octospi.o
                0x0000000008000d70                MX_OCTOSPI1_Init
 .text.HAL_OSPI_MspInit
                0x0000000008000e1c      0x15c build/octospi.o
                0x0000000008000e1c                HAL_OSPI_MspInit
 .text.MX_RTC_Init
                0x0000000008000f78       0x34 build/rtc.o
                0x0000000008000f78                MX_RTC_Init
 .text.HAL_RTC_MspInit
                0x0000000008000fac       0x20 build/rtc.o
                0x0000000008000fac                HAL_RTC_MspInit
 .text.MX_SDMMC1_SD_Init
                0x0000000008000fcc       0x34 build/sdmmc.o
                0x0000000008000fcc                MX_SDMMC1_SD_Init
 .text.HAL_SD_MspInit
                0x0000000008001000       0xdc build/sdmmc.o
                0x0000000008001000                HAL_SD_MspInit
 .text.MX_SPI4_Init
                0x00000000080010dc       0x58 build/spi.o
                0x00000000080010dc                MX_SPI4_Init
 .text.HAL_SPI_MspInit
                0x0000000008001134       0x74 build/spi.o
                0x0000000008001134                HAL_SPI_MspInit
 .text.HAL_TIM_PWM_MspInit
                0x00000000080011a8       0x34 build/tim.o
                0x00000000080011a8                HAL_TIM_PWM_MspInit
 .text.HAL_TIM_MspPostInit
                0x00000000080011dc       0x58 build/tim.o
                0x00000000080011dc                HAL_TIM_MspPostInit
 .text.MX_TIM3_Init
                0x0000000008001234       0x80 build/tim.o
                0x0000000008001234                MX_TIM3_Init
 .text.MX_USB_OTG_HS_PCD_Init
                0x00000000080012b4       0x3c build/usb_otg.o
                0x00000000080012b4                MX_USB_OTG_HS_PCD_Init
 .text.HAL_PCD_MspInit
                0x00000000080012f0       0x34 build/usb_otg.o
                0x00000000080012f0                HAL_PCD_MspInit
 .text.NMI_Handler
                0x0000000008001324        0x2 build/stm32h7xx_it.o
                0x0000000008001324                NMI_Handler
 .text.HardFault_Handler
                0x0000000008001326        0x2 build/stm32h7xx_it.o
                0x0000000008001326                HardFault_Handler
 .text.MemManage_Handler
                0x0000000008001328        0x2 build/stm32h7xx_it.o
                0x0000000008001328                MemManage_Handler
 .text.BusFault_Handler
                0x000000000800132a        0x2 build/stm32h7xx_it.o
                0x000000000800132a                BusFault_Handler
 .text.UsageFault_Handler
                0x000000000800132c        0x2 build/stm32h7xx_it.o
                0x000000000800132c                UsageFault_Handler
 .text.SVC_Handler
                0x000000000800132e        0x2 build/stm32h7xx_it.o
                0x000000000800132e                SVC_Handler
 .text.DebugMon_Handler
                0x0000000008001330        0x2 build/stm32h7xx_it.o
                0x0000000008001330                DebugMon_Handler
 .text.PendSV_Handler
                0x0000000008001332        0x2 build/stm32h7xx_it.o
                0x0000000008001332                PendSV_Handler
 .text.SysTick_Handler
                0x0000000008001334        0x8 build/stm32h7xx_it.o
                0x0000000008001334                SysTick_Handler
 .text.HAL_MspInit
                0x000000000800133c       0x24 build/stm32h7xx_hal_msp.o
                0x000000000800133c                HAL_MspInit
 .text.HAL_ADC_ConfigChannel
                0x0000000008001360      0x664 build/stm32h7xx_hal_adc.o
                0x0000000008001360                HAL_ADC_ConfigChannel
 .text.ADC_ConfigureBoostMode
                0x00000000080019c4      0x130 build/stm32h7xx_hal_adc.o
                0x00000000080019c4                ADC_ConfigureBoostMode
 .text.HAL_ADC_Init
                0x0000000008001af4      0x2fc build/stm32h7xx_hal_adc.o
                0x0000000008001af4                HAL_ADC_Init
 .text.HAL_ADCEx_MultiModeConfigChannel
                0x0000000008001df0      0x178 build/stm32h7xx_hal_adc_ex.o
                0x0000000008001df0                HAL_ADCEx_MultiModeConfigChannel
 .text.HAL_RCC_OscConfig
                0x0000000008001f68      0x56c build/stm32h7xx_hal_rcc.o
                0x0000000008001f68                HAL_RCC_OscConfig
 .text.HAL_RCC_GetSysClockFreq
                0x00000000080024d4      0x1ec build/stm32h7xx_hal_rcc.o
                0x00000000080024d4                HAL_RCC_GetSysClockFreq
 .text.HAL_RCC_ClockConfig
                0x00000000080026c0      0x294 build/stm32h7xx_hal_rcc.o
                0x00000000080026c0                HAL_RCC_ClockConfig
 .text.HAL_RCC_GetHCLKFreq
                0x0000000008002954       0x44 build/stm32h7xx_hal_rcc.o
                0x0000000008002954                HAL_RCC_GetHCLKFreq
 .text.HAL_RCC_GetPCLK1Freq
                0x0000000008002998       0x24 build/stm32h7xx_hal_rcc.o
                0x0000000008002998                HAL_RCC_GetPCLK1Freq
 .text.HAL_RCC_GetPCLK2Freq
                0x00000000080029bc       0x24 build/stm32h7xx_hal_rcc.o
                0x00000000080029bc                HAL_RCC_GetPCLK2Freq
 .text.RCCEx_PLL2_Config
                0x00000000080029e0      0x10c build/stm32h7xx_hal_rcc_ex.o
 .text.RCCEx_PLL3_Config
                0x0000000008002aec      0x10c build/stm32h7xx_hal_rcc_ex.o
 .text.HAL_RCCEx_PeriphCLKConfig
                0x0000000008002bf8      0x8c4 build/stm32h7xx_hal_rcc_ex.o
                0x0000000008002bf8                HAL_RCCEx_PeriphCLKConfig
 .text.HAL_RCCEx_GetD3PCLK1Freq
                0x00000000080034bc       0x24 build/stm32h7xx_hal_rcc_ex.o
                0x00000000080034bc                HAL_RCCEx_GetD3PCLK1Freq
 .text.HAL_RCCEx_GetPLL2ClockFreq
                0x00000000080034e0      0x1fc build/stm32h7xx_hal_rcc_ex.o
                0x00000000080034e0                HAL_RCCEx_GetPLL2ClockFreq
 .text.HAL_RCCEx_GetPLL3ClockFreq
                0x00000000080036dc      0x1fc build/stm32h7xx_hal_rcc_ex.o
                0x00000000080036dc                HAL_RCCEx_GetPLL3ClockFreq
 .text.HAL_RCCEx_GetPLL1ClockFreq
                0x00000000080038d8      0x1fc build/stm32h7xx_hal_rcc_ex.o
                0x00000000080038d8                HAL_RCCEx_GetPLL1ClockFreq
 .text.HAL_RCCEx_GetPeriphCLKFreq
                0x0000000008003ad4      0x2f8 build/stm32h7xx_hal_rcc_ex.o
                0x0000000008003ad4                HAL_RCCEx_GetPeriphCLKFreq
 .text.HAL_GPIO_Init
                0x0000000008003dcc      0x1d4 build/stm32h7xx_hal_gpio.o
                0x0000000008003dcc                HAL_GPIO_Init
 .text.HAL_GPIO_WritePin
                0x0000000008003fa0        0xc build/stm32h7xx_hal_gpio.o
                0x0000000008003fa0                HAL_GPIO_WritePin
 .text.HAL_PWR_EnableBkUpAccess
                0x0000000008003fac       0x10 build/stm32h7xx_hal_pwr.o
                0x0000000008003fac                HAL_PWR_EnableBkUpAccess
 .text.HAL_PWREx_ConfigSupply
                0x0000000008003fbc       0x54 build/stm32h7xx_hal_pwr_ex.o
                0x0000000008003fbc                HAL_PWREx_ConfigSupply
 .text.HAL_PWREx_EnableUSBVoltageDetector
                0x0000000008004010       0x10 build/stm32h7xx_hal_pwr_ex.o
                0x0000000008004010                HAL_PWREx_EnableUSBVoltageDetector
 .text.HAL_NVIC_SetPriorityGrouping
                0x0000000008004020       0x24 build/stm32h7xx_hal_cortex.o
                0x0000000008004020                HAL_NVIC_SetPriorityGrouping
 .text.HAL_NVIC_SetPriority
                0x0000000008004044       0x64 build/stm32h7xx_hal_cortex.o
                0x0000000008004044                HAL_NVIC_SetPriority
 .text.HAL_SYSTICK_Config
                0x00000000080040a8       0x2c build/stm32h7xx_hal_cortex.o
                0x00000000080040a8                HAL_SYSTICK_Config
 .text.HAL_InitTick
                0x00000000080040d4       0x50 build/stm32h7xx_hal.o
                0x00000000080040d4                HAL_InitTick
 .text.HAL_Init
                0x0000000008004124       0x5c build/stm32h7xx_hal.o
                0x0000000008004124                HAL_Init
 .text.HAL_IncTick
                0x0000000008004180       0x18 build/stm32h7xx_hal.o
                0x0000000008004180                HAL_IncTick
 .text.HAL_GetTick
                0x0000000008004198        0xc build/stm32h7xx_hal.o
                0x0000000008004198                HAL_GetTick
 .text.HAL_Delay
                0x00000000080041a4       0x28 build/stm32h7xx_hal.o
                0x00000000080041a4                HAL_Delay
 .text.HAL_I2C_Init
                0x00000000080041cc       0xbc build/stm32h7xx_hal_i2c.o
                0x00000000080041cc                HAL_I2C_Init
 .text.HAL_I2CEx_ConfigAnalogFilter
                0x0000000008004288       0x5c build/stm32h7xx_hal_i2c_ex.o
                0x0000000008004288                HAL_I2CEx_ConfigAnalogFilter
 .text.HAL_I2CEx_ConfigDigitalFilter
                0x00000000080042e4       0x58 build/stm32h7xx_hal_i2c_ex.o
                0x00000000080042e4                HAL_I2CEx_ConfigDigitalFilter
 .text.UART_SetConfig
                0x000000000800433c      0x718 build/stm32h7xx_hal_uart.o
                0x000000000800433c                UART_SetConfig
 .text.UART_AdvFeatureConfig
                0x0000000008004a54       0xca build/stm32h7xx_hal_uart.o
                0x0000000008004a54                UART_AdvFeatureConfig
 .text.UART_WaitOnFlagUntilTimeout
                0x0000000008004b1e       0xa6 build/stm32h7xx_hal_uart.o
                0x0000000008004b1e                UART_WaitOnFlagUntilTimeout
 .text.UART_CheckIdleState
                0x0000000008004bc4       0x72 build/stm32h7xx_hal_uart.o
                0x0000000008004bc4                UART_CheckIdleState
 .text.HAL_UART_Init
                0x0000000008004c36       0x66 build/stm32h7xx_hal_uart.o
                0x0000000008004c36                HAL_UART_Init
 .text.UARTEx_SetNbDataToProcess
                0x0000000008004c9c       0x74 build/stm32h7xx_hal_uart_ex.o
 .text.HAL_UARTEx_DisableFifoMode
                0x0000000008004d10       0x3e build/stm32h7xx_hal_uart_ex.o
                0x0000000008004d10                HAL_UARTEx_DisableFifoMode
 .text.HAL_UARTEx_SetTxFifoThreshold
                0x0000000008004d4e       0x4a build/stm32h7xx_hal_uart_ex.o
                0x0000000008004d4e                HAL_UARTEx_SetTxFifoThreshold
 .text.HAL_UARTEx_SetRxFifoThreshold
                0x0000000008004d98       0x4a build/stm32h7xx_hal_uart_ex.o
                0x0000000008004d98                HAL_UARTEx_SetRxFifoThreshold
 *fill*         0x0000000008004de2        0x2 
 .text.OSPIM_GetConfig
                0x0000000008004de4       0xec build/stm32h7xx_hal_ospi.o
 .text.OSPI_WaitFlagStateUntilTimeout
                0x0000000008004ed0       0x4c build/stm32h7xx_hal_ospi.o
 .text.HAL_OSPI_HyperbusCfg
                0x0000000008004f1c       0x54 build/stm32h7xx_hal_ospi.o
                0x0000000008004f1c                HAL_OSPI_HyperbusCfg
 .text.HAL_OSPI_SetTimeout
                0x0000000008004f70        0x6 build/stm32h7xx_hal_ospi.o
                0x0000000008004f70                HAL_OSPI_SetTimeout
 *fill*         0x0000000008004f76        0x2 
 .text.HAL_OSPI_Init
                0x0000000008004f78      0x110 build/stm32h7xx_hal_ospi.o
                0x0000000008004f78                HAL_OSPI_Init
 .text.HAL_OSPIM_Config
                0x0000000008005088      0x4c4 build/stm32h7xx_hal_ospi.o
                0x0000000008005088                HAL_OSPIM_Config
 .text.TIM_OC1_SetConfig
                0x000000000800554c       0xa4 build/stm32h7xx_hal_tim.o
 .text.TIM_OC3_SetConfig
                0x00000000080055f0       0x90 build/stm32h7xx_hal_tim.o
 .text.TIM_OC4_SetConfig
                0x0000000008005680       0x70 build/stm32h7xx_hal_tim.o
 .text.TIM_OC5_SetConfig
                0x00000000080056f0       0x70 build/stm32h7xx_hal_tim.o
 .text.TIM_OC6_SetConfig
                0x0000000008005760       0x70 build/stm32h7xx_hal_tim.o
 .text.TIM_Base_SetConfig
                0x00000000080057d0      0x11c build/stm32h7xx_hal_tim.o
                0x00000000080057d0                TIM_Base_SetConfig
 .text.HAL_TIM_PWM_Init
                0x00000000080058ec       0x5e build/stm32h7xx_hal_tim.o
                0x00000000080058ec                HAL_TIM_PWM_Init
 *fill*         0x000000000800594a        0x2 
 .text.TIM_OC2_SetConfig
                0x000000000800594c       0x94 build/stm32h7xx_hal_tim.o
                0x000000000800594c                TIM_OC2_SetConfig
 .text.HAL_TIM_PWM_ConfigChannel
                0x00000000080059e0      0x128 build/stm32h7xx_hal_tim.o
                0x00000000080059e0                HAL_TIM_PWM_ConfigChannel
 .text.HAL_TIMEx_MasterConfigSynchronization
                0x0000000008005b08       0xb0 build/stm32h7xx_hal_tim_ex.o
                0x0000000008005b08                HAL_TIMEx_MasterConfigSynchronization
 .text.HAL_RTC_WaitForSynchro
                0x0000000008005bb8       0x32 build/stm32h7xx_hal_rtc.o
                0x0000000008005bb8                HAL_RTC_WaitForSynchro
 .text.RTC_EnterInitMode
                0x0000000008005bea       0x40 build/stm32h7xx_hal_rtc.o
                0x0000000008005bea                RTC_EnterInitMode
 *fill*         0x0000000008005c2a        0x2 
 .text.RTC_ExitInitMode
                0x0000000008005c2c       0x50 build/stm32h7xx_hal_rtc.o
                0x0000000008005c2c                RTC_ExitInitMode
 .text.HAL_RTC_Init
                0x0000000008005c7c       0x9c build/stm32h7xx_hal_rtc.o
                0x0000000008005c7c                HAL_RTC_Init
 .text.SDMMC_GetCmdError
                0x0000000008005d18       0x3c build/stm32h7xx_ll_sdmmc.o
 .text.SDMMC_GetCmdResp2
                0x0000000008005d54       0x64 build/stm32h7xx_ll_sdmmc.o
 .text.SDMMC_GetCmdResp3
                0x0000000008005db8       0x54 build/stm32h7xx_ll_sdmmc.o
 .text.SDMMC_GetCmdResp7
                0x0000000008005e0c       0x6c build/stm32h7xx_ll_sdmmc.o
 .text.SDMMC_Init
                0x0000000008005e78       0x34 build/stm32h7xx_ll_sdmmc.o
                0x0000000008005e78                SDMMC_Init
 .text.SDMMC_ReadFIFO
                0x0000000008005eac        0x6 build/stm32h7xx_ll_sdmmc.o
                0x0000000008005eac                SDMMC_ReadFIFO
 .text.SDMMC_PowerState_ON
                0x0000000008005eb2        0xc build/stm32h7xx_ll_sdmmc.o
                0x0000000008005eb2                SDMMC_PowerState_ON
 .text.SDMMC_GetPowerState
                0x0000000008005ebe        0x8 build/stm32h7xx_ll_sdmmc.o
                0x0000000008005ebe                SDMMC_GetPowerState
 *fill*         0x0000000008005ec6        0x2 
 .text.SDMMC_SendCommand
                0x0000000008005ec8       0x24 build/stm32h7xx_ll_sdmmc.o
                0x0000000008005ec8                SDMMC_SendCommand
 .text.SDMMC_GetCommandResponse
                0x0000000008005eec        0x6 build/stm32h7xx_ll_sdmmc.o
                0x0000000008005eec                SDMMC_GetCommandResponse
 .text.SDMMC_GetResponse
                0x0000000008005ef2        0x6 build/stm32h7xx_ll_sdmmc.o
                0x0000000008005ef2                SDMMC_GetResponse
 .text.SDMMC_GetCmdResp1
                0x0000000008005ef8      0x164 build/stm32h7xx_ll_sdmmc.o
 .text.SDMMC_GetCmdResp6
                0x000000000800605c       0xa8 build/stm32h7xx_ll_sdmmc.o
 .text.SDMMC_ConfigData
                0x0000000008006104       0x24 build/stm32h7xx_ll_sdmmc.o
                0x0000000008006104                SDMMC_ConfigData
 .text.SDMMC_CmdBlockLength
                0x0000000008006128       0x32 build/stm32h7xx_ll_sdmmc.o
                0x0000000008006128                SDMMC_CmdBlockLength
 .text.SDMMC_CmdSelDesel
                0x000000000800615a       0x32 build/stm32h7xx_ll_sdmmc.o
                0x000000000800615a                SDMMC_CmdSelDesel
 .text.SDMMC_CmdGoIdleState
                0x000000000800618c       0x26 build/stm32h7xx_ll_sdmmc.o
                0x000000000800618c                SDMMC_CmdGoIdleState
 .text.SDMMC_CmdOperCond
                0x00000000080061b2       0x30 build/stm32h7xx_ll_sdmmc.o
                0x00000000080061b2                SDMMC_CmdOperCond
 .text.SDMMC_CmdAppCommand
                0x00000000080061e2       0x32 build/stm32h7xx_ll_sdmmc.o
                0x00000000080061e2                SDMMC_CmdAppCommand
 .text.SDMMC_CmdAppOperCommand
                0x0000000008006214       0x2c build/stm32h7xx_ll_sdmmc.o
                0x0000000008006214                SDMMC_CmdAppOperCommand
 .text.SDMMC_CmdBusWidth
                0x0000000008006240       0x32 build/stm32h7xx_ll_sdmmc.o
                0x0000000008006240                SDMMC_CmdBusWidth
 .text.SDMMC_CmdSendSCR
                0x0000000008006272       0x32 build/stm32h7xx_ll_sdmmc.o
                0x0000000008006272                SDMMC_CmdSendSCR
 .text.SDMMC_CmdSendCID
                0x00000000080062a4       0x2c build/stm32h7xx_ll_sdmmc.o
                0x00000000080062a4                SDMMC_CmdSendCID
 .text.SDMMC_CmdSendCSD
                0x00000000080062d0       0x2c build/stm32h7xx_ll_sdmmc.o
                0x00000000080062d0                SDMMC_CmdSendCSD
 .text.SDMMC_CmdSetRelAdd
                0x00000000080062fc       0x32 build/stm32h7xx_ll_sdmmc.o
                0x00000000080062fc                SDMMC_CmdSetRelAdd
 .text.SDMMC_CmdSendStatus
                0x000000000800632e       0x32 build/stm32h7xx_ll_sdmmc.o
                0x000000000800632e                SDMMC_CmdSendStatus
 .text.SDMMC_CmdStatusRegister
                0x0000000008006360       0x32 build/stm32h7xx_ll_sdmmc.o
                0x0000000008006360                SDMMC_CmdStatusRegister
 .text.SDMMC_CmdVoltageSwitch
                0x0000000008006392       0x32 build/stm32h7xx_ll_sdmmc.o
                0x0000000008006392                SDMMC_CmdVoltageSwitch
 .text.SD_SendSDStatus
                0x00000000080063c4      0x110 build/stm32h7xx_hal_sd.o
 .text.SD_FindSCR
                0x00000000080064d4      0x114 build/stm32h7xx_hal_sd.o
 .text.SD_WideBus_Enable
                0x00000000080065e8       0x56 build/stm32h7xx_hal_sd.o
 .text.SD_WideBus_Disable
                0x000000000800663e       0x56 build/stm32h7xx_hal_sd.o
 .text.SD_SendStatus
                0x0000000008006694       0x2c build/stm32h7xx_hal_sd.o
 .text.HAL_SD_DriveTransceiver_1_8V_Callback
                0x00000000080066c0        0x2 build/stm32h7xx_hal_sd.o
                0x00000000080066c0                HAL_SD_DriveTransceiver_1_8V_Callback
 *fill*         0x00000000080066c2        0x2 
 .text.SD_PowerON
                0x00000000080066c4      0x16c build/stm32h7xx_hal_sd.o
 .text.HAL_SD_GetCardCSD
                0x0000000008006830      0x1bc build/stm32h7xx_hal_sd.o
                0x0000000008006830                HAL_SD_GetCardCSD
 .text.SD_InitCard
                0x00000000080069ec       0xe0 build/stm32h7xx_hal_sd.o
 .text.HAL_SD_InitCard
                0x0000000008006acc       0xd4 build/stm32h7xx_hal_sd.o
                0x0000000008006acc                HAL_SD_InitCard
 .text.HAL_SD_GetCardStatus
                0x0000000008006ba0       0xc0 build/stm32h7xx_hal_sd.o
                0x0000000008006ba0                HAL_SD_GetCardStatus
 .text.HAL_SD_ConfigWideBusOperation
                0x0000000008006c60       0xdc build/stm32h7xx_hal_sd.o
                0x0000000008006c60                HAL_SD_ConfigWideBusOperation
 .text.HAL_SD_GetCardState
                0x0000000008006d3c       0x26 build/stm32h7xx_hal_sd.o
                0x0000000008006d3c                HAL_SD_GetCardState
 .text.HAL_SD_Init
                0x0000000008006d62       0xc2 build/stm32h7xx_hal_sd.o
                0x0000000008006d62                HAL_SD_Init
 .text.SPI_GetPacketSize
                0x0000000008006e24       0x10 build/stm32h7xx_hal_spi.o
 .text.HAL_SPI_Init
                0x0000000008006e34      0x150 build/stm32h7xx_hal_spi.o
                0x0000000008006e34                HAL_SPI_Init
 .text.HAL_PCD_Init
                0x0000000008006f84      0x130 build/stm32h7xx_hal_pcd.o
                0x0000000008006f84                HAL_PCD_Init
 .text.HAL_PCDEx_ActivateLPM
                0x00000000080070b4       0x28 build/stm32h7xx_hal_pcd_ex.o
                0x00000000080070b4                HAL_PCDEx_ActivateLPM
 .text.USB_CoreReset
                0x00000000080070dc       0x3c build/stm32h7xx_ll_usb.o
 .text.USB_CoreInit
                0x0000000008007118       0x8c build/stm32h7xx_ll_usb.o
                0x0000000008007118                USB_CoreInit
 .text.USB_DisableGlobalInt
                0x00000000080071a4        0xc build/stm32h7xx_ll_usb.o
                0x00000000080071a4                USB_DisableGlobalInt
 .text.USB_SetCurrentMode
                0x00000000080071b0       0x30 build/stm32h7xx_ll_usb.o
                0x00000000080071b0                USB_SetCurrentMode
 .text.USB_FlushTxFifo
                0x00000000080071e0       0x28 build/stm32h7xx_ll_usb.o
                0x00000000080071e0                USB_FlushTxFifo
 .text.USB_FlushRxFifo
                0x0000000008007208       0x24 build/stm32h7xx_ll_usb.o
                0x0000000008007208                USB_FlushRxFifo
 .text.USB_SetDevSpeed
                0x000000000800722c        0xe build/stm32h7xx_ll_usb.o
                0x000000000800722c                USB_SetDevSpeed
 *fill*         0x000000000800723a        0x2 
 .text.USB_DevInit
                0x000000000800723c      0x188 build/stm32h7xx_ll_usb.o
                0x000000000800723c                USB_DevInit
 .text.USB_DevDisconnect
                0x00000000080073c4       0x18 build/stm32h7xx_ll_usb.o
                0x00000000080073c4                USB_DevDisconnect
 .text.SystemInit
                0x00000000080073dc       0xb4 build/system_stm32h7xx.o
                0x00000000080073dc                SystemInit
 .text.Reset_Handler
                0x0000000008007490       0x50 build/startup_stm32h723xx.o
                0x0000000008007490                Reset_Handler
 .text.Default_Handler
                0x00000000080074e0        0x2 build/startup_stm32h723xx.o
                0x00000000080074e0                RTC_Alarm_IRQHandler
                0x00000000080074e0                EXTI2_IRQHandler
                0x00000000080074e0                TIM8_CC_IRQHandler
                0x00000000080074e0                UART8_IRQHandler
                0x00000000080074e0                SPI4_IRQHandler
                0x00000000080074e0                FDCAN3_IT0_IRQHandler
                0x00000000080074e0                TIM1_CC_IRQHandler
                0x00000000080074e0                BDMA_Channel6_IRQHandler
                0x00000000080074e0                DMA2_Stream5_IRQHandler
                0x00000000080074e0                DMA1_Stream5_IRQHandler
                0x00000000080074e0                CORDIC_IRQHandler
                0x00000000080074e0                BDMA_Channel1_IRQHandler
                0x00000000080074e0                TAMP_STAMP_IRQHandler
                0x00000000080074e0                EXTI3_IRQHandler
                0x00000000080074e0                LPTIM4_IRQHandler
                0x00000000080074e0                TIM8_TRG_COM_TIM14_IRQHandler
                0x00000000080074e0                LPTIM2_IRQHandler
                0x00000000080074e0                DFSDM1_FLT1_IRQHandler
                0x00000000080074e0                DMAMUX2_OVR_IRQHandler
                0x00000000080074e0                TIM8_UP_TIM13_IRQHandler
                0x00000000080074e0                I2C3_ER_IRQHandler
                0x00000000080074e0                DFSDM1_FLT2_IRQHandler
                0x00000000080074e0                I2C5_EV_IRQHandler
                0x00000000080074e0                USART10_IRQHandler
                0x00000000080074e0                MDMA_IRQHandler
                0x00000000080074e0                LPTIM3_IRQHandler
                0x00000000080074e0                HSEM1_IRQHandler
                0x00000000080074e0                EXTI0_IRQHandler
                0x00000000080074e0                I2C2_EV_IRQHandler
                0x00000000080074e0                DMA1_Stream2_IRQHandler
                0x00000000080074e0                FPU_IRQHandler
                0x00000000080074e0                OTG_HS_WKUP_IRQHandler
                0x00000000080074e0                FDCAN1_IT1_IRQHandler
                0x00000000080074e0                LTDC_ER_IRQHandler
                0x00000000080074e0                DMA2_Stream2_IRQHandler
                0x00000000080074e0                SPI1_IRQHandler
                0x00000000080074e0                OCTOSPI1_IRQHandler
                0x00000000080074e0                TIM6_DAC_IRQHandler
                0x00000000080074e0                DMA2_Stream3_IRQHandler
                0x00000000080074e0                OCTOSPI2_IRQHandler
                0x00000000080074e0                DFSDM1_FLT3_IRQHandler
                0x00000000080074e0                TIM23_IRQHandler
                0x00000000080074e0                USART6_IRQHandler
                0x00000000080074e0                TIM17_IRQHandler
                0x00000000080074e0                USART3_IRQHandler
                0x00000000080074e0                BDMA_Channel7_IRQHandler
                0x00000000080074e0                LPTIM5_IRQHandler
                0x00000000080074e0                UART5_IRQHandler
                0x00000000080074e0                ADC3_IRQHandler
                0x00000000080074e0                DMA2_Stream0_IRQHandler
                0x00000000080074e0                TIM4_IRQHandler
                0x00000000080074e0                BDMA_Channel2_IRQHandler
                0x00000000080074e0                I2C1_EV_IRQHandler
                0x00000000080074e0                DMA1_Stream6_IRQHandler
                0x00000000080074e0                DMAMUX1_OVR_IRQHandler
                0x00000000080074e0                DMA1_Stream1_IRQHandler
                0x00000000080074e0                TIM16_IRQHandler
                0x00000000080074e0                UART4_IRQHandler
                0x00000000080074e0                BDMA_Channel5_IRQHandler
                0x00000000080074e0                TIM3_IRQHandler
                0x00000000080074e0                RCC_IRQHandler
                0x00000000080074e0                UART9_IRQHandler
                0x00000000080074e0                TIM8_BRK_TIM12_IRQHandler
                0x00000000080074e0                TIM1_TRG_COM_IRQHandler
                0x00000000080074e0                Default_Handler
                0x00000000080074e0                ECC_IRQHandler
                0x00000000080074e0                FMAC_IRQHandler
                0x00000000080074e0                CEC_IRQHandler
                0x00000000080074e0                EXTI15_10_IRQHandler
                0x00000000080074e0                BDMA_Channel0_IRQHandler
                0x00000000080074e0                ADC_IRQHandler
                0x00000000080074e0                I2C5_ER_IRQHandler
                0x00000000080074e0                DMA1_Stream7_IRQHandler
                0x00000000080074e0                SPI5_IRQHandler
                0x00000000080074e0                TIM7_IRQHandler
                0x00000000080074e0                FDCAN3_IT1_IRQHandler
                0x00000000080074e0                SDMMC1_IRQHandler
                0x00000000080074e0                TIM5_IRQHandler
                0x00000000080074e0                DMA2_Stream7_IRQHandler
                0x00000000080074e0                TIM15_IRQHandler
                0x00000000080074e0                PVD_AVD_IRQHandler
                0x00000000080074e0                I2C3_EV_IRQHandler
                0x00000000080074e0                EXTI9_5_IRQHandler
                0x00000000080074e0                RTC_WKUP_IRQHandler
                0x00000000080074e0                LTDC_IRQHandler
                0x00000000080074e0                ETH_WKUP_IRQHandler
                0x00000000080074e0                SPDIF_RX_IRQHandler
                0x00000000080074e0                SPI2_IRQHandler
                0x00000000080074e0                OTG_HS_EP1_IN_IRQHandler
                0x00000000080074e0                DMA1_Stream0_IRQHandler
                0x00000000080074e0                TIM24_IRQHandler
                0x00000000080074e0                CRS_IRQHandler
                0x00000000080074e0                EXTI4_IRQHandler
                0x00000000080074e0                RNG_IRQHandler
                0x00000000080074e0                FDCAN2_IT1_IRQHandler
                0x00000000080074e0                ETH_IRQHandler
                0x00000000080074e0                TIM1_UP_IRQHandler
                0x00000000080074e0                BDMA_Channel4_IRQHandler
                0x00000000080074e0                OTG_HS_EP1_OUT_IRQHandler
                0x00000000080074e0                WWDG_IRQHandler
                0x00000000080074e0                SPI6_IRQHandler
                0x00000000080074e0                MDIOS_IRQHandler
                0x00000000080074e0                I2C4_EV_IRQHandler
                0x00000000080074e0                FDCAN2_IT0_IRQHandler
                0x00000000080074e0                LPUART1_IRQHandler
                0x00000000080074e0                FDCAN1_IT0_IRQHandler
                0x00000000080074e0                TIM2_IRQHandler
                0x00000000080074e0                OTG_HS_IRQHandler
                0x00000000080074e0                DMA2D_IRQHandler
                0x00000000080074e0                TIM1_BRK_IRQHandler
                0x00000000080074e0                EXTI1_IRQHandler
                0x00000000080074e0                SDMMC2_IRQHandler
                0x00000000080074e0                BDMA_Channel3_IRQHandler
                0x00000000080074e0                DTS_IRQHandler
                0x00000000080074e0                UART7_IRQHandler
                0x00000000080074e0                MDIOS_WKUP_IRQHandler
                0x00000000080074e0                USART2_IRQHandler
                0x00000000080074e0                DFSDM1_FLT0_IRQHandler
                0x00000000080074e0                SAI4_IRQHandler
                0x00000000080074e0                I2C2_ER_IRQHandler
                0x00000000080074e0                DMA2_Stream1_IRQHandler
                0x00000000080074e0                FLASH_IRQHandler
                0x00000000080074e0                DMA2_Stream4_IRQHandler
                0x00000000080074e0                USART1_IRQHandler
                0x00000000080074e0                SPI3_IRQHandler
                0x00000000080074e0                WAKEUP_PIN_IRQHandler
                0x00000000080074e0                DMA1_Stream4_IRQHandler
                0x00000000080074e0                I2C1_ER_IRQHandler
                0x00000000080074e0                FMC_IRQHandler
                0x00000000080074e0                FDCAN_CAL_IRQHandler
                0x00000000080074e0                SWPMI1_IRQHandler
                0x00000000080074e0                COMP1_IRQHandler
                0x00000000080074e0                LPTIM1_IRQHandler
                0x00000000080074e0                DCMI_PSSI_IRQHandler
                0x00000000080074e0                I2C4_ER_IRQHandler
                0x00000000080074e0                DMA2_Stream6_IRQHandler
                0x00000000080074e0                SAI1_IRQHandler
                0x00000000080074e0                DMA1_Stream3_IRQHandler
 *(.glue_7)
 .glue_7        0x00000000080074e2        0x0 linker stubs
 *(.glue_7t)
 .glue_7t       0x00000000080074e2        0x0 linker stubs
 *(.eh_frame)
 *fill*         0x00000000080074e2        0x2 
 .eh_frame      0x00000000080074e4        0x0 /usr/lib/gcc/arm-none-eabi/7.3.1/thumb/v7e-m/fpv5/hard/crtbegin.o
 *(.init)
 .init          0x00000000080074e4        0x4 /usr/lib/gcc/arm-none-eabi/7.3.1/thumb/v7e-m/fpv5/hard/crti.o
                0x00000000080074e4                _init
 .init          0x00000000080074e8        0x8 /usr/lib/gcc/arm-none-eabi/7.3.1/thumb/v7e-m/fpv5/hard/crtn.o
 *(.fini)
 .fini          0x00000000080074f0        0x4 /usr/lib/gcc/arm-none-eabi/7.3.1/thumb/v7e-m/fpv5/hard/crti.o
                0x00000000080074f0                _fini
 .fini          0x00000000080074f4        0x8 /usr/lib/gcc/arm-none-eabi/7.3.1/thumb/v7e-m/fpv5/hard/crtn.o
                0x00000000080074fc                . = ALIGN (0x4)
                0x00000000080074fc                _etext = .

.vfp11_veneer   0x00000000080074fc        0x0
 .vfp11_veneer  0x00000000080074fc        0x0 linker stubs

.v4_bx          0x00000000080074fc        0x0
 .v4_bx         0x00000000080074fc        0x0 linker stubs

.iplt           0x00000000080074fc        0x0
 .iplt          0x00000000080074fc        0x0 /usr/lib/gcc/arm-none-eabi/7.3.1/thumb/v7e-m/fpv5/hard/crtbegin.o

.rodata         0x00000000080074fc       0x38
                0x00000000080074fc                . = ALIGN (0x4)
 *(.rodata)
 .rodata        0x00000000080074fc       0x10 build/stm32h7xx_hal_uart_ex.o
 *(.rodata*)
 .rodata.UARTPrescTable
                0x000000000800750c       0x18 build/stm32h7xx_hal_uart.o
                0x000000000800750c                UARTPrescTable
 .rodata.D1CorePrescTable
                0x0000000008007524       0x10 build/system_stm32h7xx.o
                0x0000000008007524                D1CorePrescTable
                0x0000000008007534                . = ALIGN (0x4)

.ARM.extab
 *(.ARM.extab* .gnu.linkonce.armextab.*)

.ARM            0x0000000008007534        0x8
                0x0000000008007534                __exidx_start = .
 *(.ARM.exidx*)
 .ARM.exidx     0x0000000008007534        0x8 /usr/lib/gcc/arm-none-eabi/7.3.1/thumb/v7e-m/fpv5/hard/libgcc.a(_udivmoddi4.o)
                0x000000000800753c                __exidx_end = .

.rel.dyn        0x000000000800753c        0x0
 .rel.iplt      0x000000000800753c        0x0 /usr/lib/gcc/arm-none-eabi/7.3.1/thumb/v7e-m/fpv5/hard/crtbegin.o

.preinit_array  0x000000000800753c        0x0
                0x000000000800753c                PROVIDE (__preinit_array_start = .)
 *(.preinit_array*)
                0x000000000800753c                PROVIDE (__preinit_array_end = .)

.init_array     0x000000000800753c        0x4
                0x000000000800753c                PROVIDE (__init_array_start = .)
 *(SORT_BY_NAME(.init_array.*))
 *(.init_array*)
 .init_array    0x000000000800753c        0x4 /usr/lib/gcc/arm-none-eabi/7.3.1/thumb/v7e-m/fpv5/hard/crtbegin.o
                0x0000000008007540                PROVIDE (__init_array_end = .)

.fini_array     0x0000000008007540        0x4
                0x0000000008007540                PROVIDE (__fini_array_start = .)
 *(SORT_BY_NAME(.fini_array.*))
 *(.fini_array*)
 .fini_array    0x0000000008007540        0x4 /usr/lib/gcc/arm-none-eabi/7.3.1/thumb/v7e-m/fpv5/hard/crtbegin.o
                0x0000000008007544                PROVIDE (__fini_array_end = .)
                0x0000000008007544                _sidata = LOADADDR (.data)

.data           0x0000000020000000       0x10 load address 0x0000000008007544
                0x0000000020000000                . = ALIGN (0x4)
                0x0000000020000000                _sdata = .
 *(.data)
 *(.data*)
 .data.uwTickFreq
                0x0000000020000000        0x1 build/stm32h7xx_hal.o
                0x0000000020000000                uwTickFreq
 *fill*         0x0000000020000001        0x3 
 .data.uwTickPrio
                0x0000000020000004        0x4 build/stm32h7xx_hal.o
                0x0000000020000004                uwTickPrio
 .data.SystemCoreClock
                0x0000000020000008        0x4 build/system_stm32h7xx.o
                0x0000000020000008                SystemCoreClock
 .data.SystemD2Clock
                0x000000002000000c        0x4 build/system_stm32h7xx.o
                0x000000002000000c                SystemD2Clock
                0x0000000020000010                . = ALIGN (0x4)
                0x0000000020000010                _edata = .

.tm_clone_table
                0x0000000020000010        0x0 load address 0x0000000008007554
 .tm_clone_table
                0x0000000020000010        0x0 /usr/lib/gcc/arm-none-eabi/7.3.1/thumb/v7e-m/fpv5/hard/crtbegin.o
 .tm_clone_table
                0x0000000020000010        0x0 /usr/lib/gcc/arm-none-eabi/7.3.1/thumb/v7e-m/fpv5/hard/crtend.o

.igot.plt       0x0000000020000010        0x0 load address 0x0000000008007554
 .igot.plt      0x0000000020000010        0x0 /usr/lib/gcc/arm-none-eabi/7.3.1/thumb/v7e-m/fpv5/hard/crtbegin.o
                0x0000000020000010                . = ALIGN (0x4)

.bss            0x0000000020000010      0x748 load address 0x0000000008007554
                0x0000000020000010                _sbss = .
                0x0000000020000010                __bss_start__ = _sbss
 *(.bss)
 .bss           0x0000000020000010       0x1c /usr/lib/gcc/arm-none-eabi/7.3.1/thumb/v7e-m/fpv5/hard/crtbegin.o
 *(.bss*)
 *(COMMON)
 COMMON         0x000000002000002c       0x70 build/adc.o
                0x000000002000002c                hadc1
 COMMON         0x000000002000009c       0x4c build/i2c.o
                0x000000002000009c                hi2c4
 COMMON         0x00000000200000e8       0x8c build/usart.o
                0x00000000200000e8                hlpuart1
 COMMON         0x0000000020000174       0x60 build/octospi.o
                0x0000000020000174                hospi1
 COMMON         0x00000000200001d4       0x24 build/rtc.o
                0x00000000200001d4                hrtc
 COMMON         0x00000000200001f8       0x80 build/sdmmc.o
                0x00000000200001f8                hsd1
 COMMON         0x0000000020000278       0x88 build/spi.o
                0x0000000020000278                hspi4
 COMMON         0x0000000020000300       0x4c build/tim.o
                0x0000000020000300                htim3
 COMMON         0x000000002000034c      0x408 build/usb_otg.o
                0x000000002000034c                hpcd_USB_OTG_HS
 COMMON         0x0000000020000754        0x4 build/stm32h7xx_hal.o
                0x0000000020000754                uwTick
                0x0000000020000758                . = ALIGN (0x4)
                0x0000000020000758                _ebss = .
                0x0000000020000758                __bss_end__ = _ebss

._user_heap_stack
                0x0000000020000758      0x600 load address 0x0000000008007554
                0x0000000020000758                . = ALIGN (0x8)
                [!provide]                        PROVIDE (end = .)
                [!provide]                        PROVIDE (_end = .)
                0x0000000020000958                . = (. + _Min_Heap_Size)
 *fill*         0x0000000020000758      0x200 
                0x0000000020000d58                . = (. + _Min_Stack_Size)
 *fill*         0x0000000020000958      0x400 
                0x0000000020000d58                . = ALIGN (0x8)

/DISCARD/
 libc.a(*)
 libm.a(*)
 libgcc.a(*)

.ARM.attributes
                0x0000000000000000       0x2e
 *(.ARM.attributes)
 .ARM.attributes
                0x0000000000000000       0x20 /usr/lib/gcc/arm-none-eabi/7.3.1/thumb/v7e-m/fpv5/hard/crti.o
 .ARM.attributes
                0x0000000000000020       0x32 /usr/lib/gcc/arm-none-eabi/7.3.1/thumb/v7e-m/fpv5/hard/crtbegin.o
 .ARM.attributes
                0x0000000000000052       0x37 build/main.o
 .ARM.attributes
                0x0000000000000089       0x37 build/gpio.o
 .ARM.attributes
                0x00000000000000c0       0x37 build/adc.o
 .ARM.attributes
                0x00000000000000f7       0x37 build/i2c.o
 .ARM.attributes
                0x000000000000012e       0x37 build/usart.o
 .ARM.attributes
                0x0000000000000165       0x37 build/octospi.o
 .ARM.attributes
                0x000000000000019c       0x37 build/rtc.o
 .ARM.attributes
                0x00000000000001d3       0x37 build/sdmmc.o
 .ARM.attributes
                0x000000000000020a       0x37 build/spi.o
 .ARM.attributes
                0x0000000000000241       0x37 build/tim.o
 .ARM.attributes
                0x0000000000000278       0x37 build/usb_otg.o
 .ARM.attributes
                0x00000000000002af       0x37 build/stm32h7xx_it.o
 .ARM.attributes
                0x00000000000002e6       0x37 build/stm32h7xx_hal_msp.o
 .ARM.attributes
                0x000000000000031d       0x37 build/stm32h7xx_hal_adc.o
 .ARM.attributes
                0x0000000000000354       0x37 build/stm32h7xx_hal_adc_ex.o
 .ARM.attributes
                0x000000000000038b       0x37 build/stm32h7xx_hal_rcc.o
 .ARM.attributes
                0x00000000000003c2       0x37 build/stm32h7xx_hal_rcc_ex.o
 .ARM.attributes
                0x00000000000003f9       0x37 build/stm32h7xx_hal_gpio.o
 .ARM.attributes
                0x0000000000000430       0x37 build/stm32h7xx_hal_pwr.o
 .ARM.attributes
                0x0000000000000467       0x37 build/stm32h7xx_hal_pwr_ex.o
 .ARM.attributes
                0x000000000000049e       0x37 build/stm32h7xx_hal_cortex.o
 .ARM.attributes
                0x00000000000004d5       0x37 build/stm32h7xx_hal.o
 .ARM.attributes
                0x000000000000050c       0x37 build/stm32h7xx_hal_i2c.o
 .ARM.attributes
                0x0000000000000543       0x37 build/stm32h7xx_hal_i2c_ex.o
 .ARM.attributes
                0x000000000000057a       0x37 build/stm32h7xx_hal_uart.o
 .ARM.attributes
                0x00000000000005b1       0x37 build/stm32h7xx_hal_uart_ex.o
 .ARM.attributes
                0x00000000000005e8       0x37 build/stm32h7xx_hal_ospi.o
 .ARM.attributes
                0x000000000000061f       0x37 build/stm32h7xx_hal_tim.o
 .ARM.attributes
                0x0000000000000656       0x37 build/stm32h7xx_hal_tim_ex.o
 .ARM.attributes
                0x000000000000068d       0x37 build/stm32h7xx_hal_rtc.o
 .ARM.attributes
                0x00000000000006c4       0x37 build/stm32h7xx_ll_sdmmc.o
 .ARM.attributes
                0x00000000000006fb       0x37 build/stm32h7xx_hal_sd.o
 .ARM.attributes
                0x0000000000000732       0x37 build/stm32h7xx_hal_spi.o
 .ARM.attributes
                0x0000000000000769       0x37 build/stm32h7xx_hal_pcd.o
 .ARM.attributes
                0x00000000000007a0       0x37 build/stm32h7xx_hal_pcd_ex.o
 .ARM.attributes
                0x00000000000007d7       0x37 build/stm32h7xx_ll_usb.o
 .ARM.attributes
                0x000000000000080e       0x37 build/system_stm32h7xx.o
 .ARM.attributes
                0x0000000000000845       0x21 build/startup_stm32h723xx.o
 .ARM.attributes
                0x0000000000000866       0x32 /usr/lib/gcc/arm-none-eabi/7.3.1/../../../arm-none-eabi/lib/thumb/v7e-m/fpv5/hard/libc_nano.a(lib_a-init.o)
 .ARM.attributes
                0x0000000000000898       0x32 /usr/lib/gcc/arm-none-eabi/7.3.1/../../../arm-none-eabi/lib/thumb/v7e-m/fpv5/hard/libc_nano.a(lib_a-memset.o)
 .ARM.attributes
                0x00000000000008ca       0x20 /usr/lib/gcc/arm-none-eabi/7.3.1/thumb/v7e-m/fpv5/hard/libgcc.a(_aeabi_uldivmod.o)
 .ARM.attributes
                0x00000000000008ea       0x32 /usr/lib/gcc/arm-none-eabi/7.3.1/thumb/v7e-m/fpv5/hard/libgcc.a(_udivmoddi4.o)
 .ARM.attributes
                0x000000000000091c       0x20 /usr/lib/gcc/arm-none-eabi/7.3.1/thumb/v7e-m/fpv5/hard/libgcc.a(_dvmd_tls.o)
 .ARM.attributes
                0x000000000000093c       0x32 /usr/lib/gcc/arm-none-eabi/7.3.1/thumb/v7e-m/fpv5/hard/crtend.o
 .ARM.attributes
                0x000000000000096e       0x20 /usr/lib/gcc/arm-none-eabi/7.3.1/thumb/v7e-m/fpv5/hard/crtn.o
OUTPUT(build/atlas_dev.elf elf32-littlearm)

.comment        0x0000000000000000       0xae
 .comment       0x0000000000000000       0x57 /usr/lib/gcc/arm-none-eabi/7.3.1/thumb/v7e-m/fpv5/hard/crtbegin.o
                                         0x58 (size before relaxing)
 .comment       0x0000000000000057       0x58 build/main.o
 .comment       0x0000000000000057       0x58 build/gpio.o
 .comment       0x0000000000000057       0x58 build/adc.o
 .comment       0x0000000000000057       0x58 build/i2c.o
 .comment       0x0000000000000057       0x58 build/usart.o
 .comment       0x0000000000000057       0x58 build/octospi.o
 .comment       0x0000000000000057       0x58 build/rtc.o
 .comment       0x0000000000000057       0x58 build/sdmmc.o
 .comment       0x0000000000000057       0x58 build/spi.o
 .comment       0x0000000000000057       0x58 build/tim.o
 .comment       0x0000000000000057       0x58 build/usb_otg.o
 .comment       0x0000000000000057       0x58 build/stm32h7xx_it.o
 .comment       0x0000000000000057       0x58 build/stm32h7xx_hal_msp.o
 .comment       0x0000000000000057       0x58 build/stm32h7xx_hal_adc.o
 .comment       0x0000000000000057       0x58 build/stm32h7xx_hal_adc_ex.o
 .comment       0x0000000000000057       0x58 build/stm32h7xx_hal_rcc.o
 .comment       0x0000000000000057       0x58 build/stm32h7xx_hal_rcc_ex.o
 .comment       0x0000000000000057       0x58 build/stm32h7xx_hal_gpio.o
 .comment       0x0000000000000057       0x58 build/stm32h7xx_hal_pwr.o
 .comment       0x0000000000000057       0x58 build/stm32h7xx_hal_pwr_ex.o
 .comment       0x0000000000000057       0x58 build/stm32h7xx_hal_cortex.o
 .comment       0x0000000000000057       0x58 build/stm32h7xx_hal.o
 .comment       0x0000000000000057       0x58 build/stm32h7xx_hal_i2c.o
 .comment       0x0000000000000057       0x58 build/stm32h7xx_hal_i2c_ex.o
 .comment       0x0000000000000057       0x58 build/stm32h7xx_hal_uart.o
 .comment       0x0000000000000057       0x58 build/stm32h7xx_hal_uart_ex.o
 .comment       0x0000000000000057       0x58 build/stm32h7xx_hal_ospi.o
 .comment       0x0000000000000057       0x58 build/stm32h7xx_hal_tim.o
 .comment       0x0000000000000057       0x58 build/stm32h7xx_hal_tim_ex.o
 .comment       0x0000000000000057       0x58 build/stm32h7xx_hal_rtc.o
 .comment       0x0000000000000057       0x58 build/stm32h7xx_ll_sdmmc.o
 .comment       0x0000000000000057       0x58 build/stm32h7xx_hal_sd.o
 .comment       0x0000000000000057       0x58 build/stm32h7xx_hal_spi.o
 .comment       0x0000000000000057       0x58 build/stm32h7xx_hal_pcd.o
 .comment       0x0000000000000057       0x58 build/stm32h7xx_hal_pcd_ex.o
 .comment       0x0000000000000057       0x58 build/stm32h7xx_ll_usb.o
 .comment       0x0000000000000057       0x58 build/system_stm32h7xx.o
 .comment       0x0000000000000057       0x57 /usr/lib/gcc/arm-none-eabi/7.3.1/../../../arm-none-eabi/lib/thumb/v7e-m/fpv5/hard/libc_nano.a(lib_a-init.o)
                                         0x58 (size before relaxing)
 .comment       0x00000000000000ae       0x58 /usr/lib/gcc/arm-none-eabi/7.3.1/../../../arm-none-eabi/lib/thumb/v7e-m/fpv5/hard/libc_nano.a(lib_a-memset.o)
 .comment       0x00000000000000ae       0x58 /usr/lib/gcc/arm-none-eabi/7.3.1/thumb/v7e-m/fpv5/hard/libgcc.a(_udivmoddi4.o)
 .comment       0x00000000000000ae       0x58 /usr/lib/gcc/arm-none-eabi/7.3.1/thumb/v7e-m/fpv5/hard/crtend.o

.debug_info     0x0000000000000000    0x50d3b
 .debug_info    0x0000000000000000     0x450d build/main.o
 .debug_info    0x000000000000450d     0x142d build/gpio.o
 .debug_info    0x000000000000593a     0x1c12 build/adc.o
 .debug_info    0x000000000000754c     0x1921 build/i2c.o
 .debug_info    0x0000000000008e6d     0x19ae build/usart.o
 .debug_info    0x000000000000a81b     0x1e4c build/octospi.o
 .debug_info    0x000000000000c667     0x1525 build/rtc.o
 .debug_info    0x000000000000db8c     0x1735 build/sdmmc.o
 .debug_info    0x000000000000f2c1     0x1983 build/spi.o
 .debug_info    0x0000000000010c44     0x1ac9 build/tim.o
 .debug_info    0x000000000001270d     0x162c build/usb_otg.o
 .debug_info    0x0000000000013d39      0xcb9 build/stm32h7xx_it.o
 .debug_info    0x00000000000149f2     0x1034 build/stm32h7xx_hal_msp.o
 .debug_info    0x0000000000015a26     0x3e4e build/stm32h7xx_hal_adc.o
 .debug_info    0x0000000000019874     0x3d61 build/stm32h7xx_hal_adc_ex.o
 .debug_info    0x000000000001d5d5     0x1bc5 build/stm32h7xx_hal_rcc.o
 .debug_info    0x000000000001f19a     0x245c build/stm32h7xx_hal_rcc_ex.o
 .debug_info    0x00000000000215f6     0x18ff build/stm32h7xx_hal_gpio.o
 .debug_info    0x0000000000022ef5     0x151d build/stm32h7xx_hal_pwr.o
 .debug_info    0x0000000000024412     0x1a94 build/stm32h7xx_hal_pwr_ex.o
 .debug_info    0x0000000000025ea6     0x1e23 build/stm32h7xx_hal_cortex.o
 .debug_info    0x0000000000027cc9     0x2396 build/stm32h7xx_hal.o
 .debug_info    0x000000000002a05f     0x481c build/stm32h7xx_hal_i2c.o
 .debug_info    0x000000000002e87b     0x19da build/stm32h7xx_hal_i2c_ex.o
 .debug_info    0x0000000000030255     0x2f0f build/stm32h7xx_hal_uart.o
 .debug_info    0x0000000000033164     0x17e4 build/stm32h7xx_hal_uart_ex.o
 .debug_info    0x0000000000034948     0x2af4 build/stm32h7xx_hal_ospi.o
 .debug_info    0x000000000003743c     0x4523 build/stm32h7xx_hal_tim.o
 .debug_info    0x000000000003b95f     0x2699 build/stm32h7xx_hal_tim_ex.o
 .debug_info    0x000000000003dff8     0x1da7 build/stm32h7xx_hal_rtc.o
 .debug_info    0x000000000003fd9f     0x23c0 build/stm32h7xx_ll_sdmmc.o
 .debug_info    0x000000000004215f     0x31c7 build/stm32h7xx_hal_sd.o
 .debug_info    0x0000000000045326     0x256c build/stm32h7xx_hal_spi.o
 .debug_info    0x0000000000047892     0x242d build/stm32h7xx_hal_pcd.o
 .debug_info    0x0000000000049cbf     0x150c build/stm32h7xx_hal_pcd_ex.o
 .debug_info    0x000000000004b1cb     0x2807 build/stm32h7xx_ll_usb.o
 .debug_info    0x000000000004d9d2     0x16ca build/system_stm32h7xx.o
 .debug_info    0x000000000004f09c       0x22 build/startup_stm32h723xx.o
 .debug_info    0x000000000004f0be      0x109 /usr/lib/gcc/arm-none-eabi/7.3.1/../../../arm-none-eabi/lib/thumb/v7e-m/fpv5/hard/libc_nano.a(lib_a-init.o)
 .debug_info    0x000000000004f1c7      0xe1d /usr/lib/gcc/arm-none-eabi/7.3.1/../../../arm-none-eabi/lib/thumb/v7e-m/fpv5/hard/libc_nano.a(lib_a-memset.o)
 .debug_info    0x000000000004ffe4       0x26 /usr/lib/gcc/arm-none-eabi/7.3.1/thumb/v7e-m/fpv5/hard/libgcc.a(_aeabi_uldivmod.o)
 .debug_info    0x000000000005000a      0xd0b /usr/lib/gcc/arm-none-eabi/7.3.1/thumb/v7e-m/fpv5/hard/libgcc.a(_udivmoddi4.o)
 .debug_info    0x0000000000050d15       0x26 /usr/lib/gcc/arm-none-eabi/7.3.1/thumb/v7e-m/fpv5/hard/libgcc.a(_dvmd_tls.o)

.debug_abbrev   0x0000000000000000     0x6f7f
 .debug_abbrev  0x0000000000000000      0x2cf build/main.o
 .debug_abbrev  0x00000000000002cf      0x236 build/gpio.o
 .debug_abbrev  0x0000000000000505      0x284 build/adc.o
 .debug_abbrev  0x0000000000000789      0x26f build/i2c.o
 .debug_abbrev  0x00000000000009f8      0x26f build/usart.o
 .debug_abbrev  0x0000000000000c67      0x26f build/octospi.o
 .debug_abbrev  0x0000000000000ed6      0x264 build/rtc.o
 .debug_abbrev  0x000000000000113a      0x26f build/sdmmc.o
 .debug_abbrev  0x00000000000013a9      0x26f build/spi.o
 .debug_abbrev  0x0000000000001618      0x2b2 build/tim.o
 .debug_abbrev  0x00000000000018ca      0x277 build/usb_otg.o
 .debug_abbrev  0x0000000000001b41      0x1ff build/stm32h7xx_it.o
 .debug_abbrev  0x0000000000001d40      0x1fc build/stm32h7xx_hal_msp.o
 .debug_abbrev  0x0000000000001f3c      0x3ac build/stm32h7xx_hal_adc.o
 .debug_abbrev  0x00000000000022e8      0x418 build/stm32h7xx_hal_adc_ex.o
 .debug_abbrev  0x0000000000002700      0x319 build/stm32h7xx_hal_rcc.o
 .debug_abbrev  0x0000000000002a19      0x323 build/stm32h7xx_hal_rcc_ex.o
 .debug_abbrev  0x0000000000002d3c      0x2fc build/stm32h7xx_hal_gpio.o
 .debug_abbrev  0x0000000000003038      0x277 build/stm32h7xx_hal_pwr.o
 .debug_abbrev  0x00000000000032af      0x356 build/stm32h7xx_hal_pwr_ex.o
 .debug_abbrev  0x0000000000003605      0x410 build/stm32h7xx_hal_cortex.o
 .debug_abbrev  0x0000000000003a15      0x315 build/stm32h7xx_hal.o
 .debug_abbrev  0x0000000000003d2a      0x347 build/stm32h7xx_hal_i2c.o
 .debug_abbrev  0x0000000000004071      0x261 build/stm32h7xx_hal_i2c_ex.o
 .debug_abbrev  0x00000000000042d2      0x343 build/stm32h7xx_hal_uart.o
 .debug_abbrev  0x0000000000004615      0x2e9 build/stm32h7xx_hal_uart_ex.o
 .debug_abbrev  0x00000000000048fe      0x335 build/stm32h7xx_hal_ospi.o
 .debug_abbrev  0x0000000000004c33      0x31b build/stm32h7xx_hal_tim.o
 .debug_abbrev  0x0000000000004f4e      0x323 build/stm32h7xx_hal_tim_ex.o
 .debug_abbrev  0x0000000000005271      0x2f1 build/stm32h7xx_hal_rtc.o
 .debug_abbrev  0x0000000000005562      0x2ee build/stm32h7xx_ll_sdmmc.o
 .debug_abbrev  0x0000000000005850      0x353 build/stm32h7xx_hal_sd.o
 .debug_abbrev  0x0000000000005ba3      0x369 build/stm32h7xx_hal_spi.o
 .debug_abbrev  0x0000000000005f0c      0x364 build/stm32h7xx_hal_pcd.o
 .debug_abbrev  0x0000000000006270      0x329 build/stm32h7xx_hal_pcd_ex.o
 .debug_abbrev  0x0000000000006599      0x388 build/stm32h7xx_ll_usb.o
 .debug_abbrev  0x0000000000006921      0x229 build/system_stm32h7xx.o
 .debug_abbrev  0x0000000000006b4a       0x12 build/startup_stm32h723xx.o
 .debug_abbrev  0x0000000000006b5c       0xba /usr/lib/gcc/arm-none-eabi/7.3.1/../../../arm-none-eabi/lib/thumb/v7e-m/fpv5/hard/libc_nano.a(lib_a-init.o)
 .debug_abbrev  0x0000000000006c16      0x1a8 /usr/lib/gcc/arm-none-eabi/7.3.1/../../../arm-none-eabi/lib/thumb/v7e-m/fpv5/hard/libc_nano.a(lib_a-memset.o)
 .debug_abbrev  0x0000000000006dbe       0x14 /usr/lib/gcc/arm-none-eabi/7.3.1/thumb/v7e-m/fpv5/hard/libgcc.a(_aeabi_uldivmod.o)
 .debug_abbrev  0x0000000000006dd2      0x199 /usr/lib/gcc/arm-none-eabi/7.3.1/thumb/v7e-m/fpv5/hard/libgcc.a(_udivmoddi4.o)
 .debug_abbrev  0x0000000000006f6b       0x14 /usr/lib/gcc/arm-none-eabi/7.3.1/thumb/v7e-m/fpv5/hard/libgcc.a(_dvmd_tls.o)

.debug_loc      0x0000000000000000    0x25605
 .debug_loc     0x0000000000000000       0x66 build/main.o
 .debug_loc     0x0000000000000066       0x39 build/gpio.o
 .debug_loc     0x000000000000009f      0x11c build/adc.o
 .debug_loc     0x00000000000001bb       0xdf build/i2c.o
 .debug_loc     0x000000000000029a       0xf8 build/usart.o
 .debug_loc     0x0000000000000392      0x11e build/octospi.o
 .debug_loc     0x00000000000004b0       0x20 build/rtc.o
 .debug_loc     0x00000000000004d0       0xfa build/sdmmc.o
 .debug_loc     0x00000000000005ca       0xf8 build/spi.o
 .debug_loc     0x00000000000006c2       0xee build/tim.o
 .debug_loc     0x00000000000007b0       0x4c build/usb_otg.o
 .debug_loc     0x00000000000007fc       0x20 build/stm32h7xx_it.o
 .debug_loc     0x000000000000081c       0x2c build/stm32h7xx_hal_msp.o
 .debug_loc     0x0000000000000848     0x269a build/stm32h7xx_hal_adc.o
 .debug_loc     0x0000000000002ee2     0x2b61 build/stm32h7xx_hal_adc_ex.o
 .debug_loc     0x0000000000005a43      0x750 build/stm32h7xx_hal_rcc.o
 .debug_loc     0x0000000000006193     0x15c5 build/stm32h7xx_hal_rcc_ex.o
 .debug_loc     0x0000000000007758      0x40a build/stm32h7xx_hal_gpio.o
 .debug_loc     0x0000000000007b62       0xaf build/stm32h7xx_hal_pwr.o
 .debug_loc     0x0000000000007c11      0x468 build/stm32h7xx_hal_pwr_ex.o
 .debug_loc     0x0000000000008079      0x63c build/stm32h7xx_hal_cortex.o
 .debug_loc     0x00000000000086b5      0x607 build/stm32h7xx_hal.o
 .debug_loc     0x0000000000008cbc     0x52b3 build/stm32h7xx_hal_i2c.o
 .debug_loc     0x000000000000df6f      0x25c build/stm32h7xx_hal_i2c_ex.o
 .debug_loc     0x000000000000e1cb     0x2228 build/stm32h7xx_hal_uart.o
 .debug_loc     0x00000000000103f3      0x63f build/stm32h7xx_hal_uart_ex.o
 .debug_loc     0x0000000000010a32     0x1bf0 build/stm32h7xx_hal_ospi.o
 .debug_loc     0x0000000000012622     0x55e0 build/stm32h7xx_hal_tim.o
 .debug_loc     0x0000000000017c02     0x26bb build/stm32h7xx_hal_tim_ex.o
 .debug_loc     0x000000000001a2bd      0xd1b build/stm32h7xx_hal_rtc.o
 .debug_loc     0x000000000001afd8     0x160f build/stm32h7xx_ll_sdmmc.o
 .debug_loc     0x000000000001c5e7     0x2a57 build/stm32h7xx_hal_sd.o
 .debug_loc     0x000000000001f03e     0x1d49 build/stm32h7xx_hal_spi.o
 .debug_loc     0x0000000000020d87     0x11e0 build/stm32h7xx_hal_pcd.o
 .debug_loc     0x0000000000021f67      0x1e8 build/stm32h7xx_hal_pcd_ex.o
 .debug_loc     0x000000000002214f     0x2320 build/stm32h7xx_ll_usb.o
 .debug_loc     0x000000000002446f      0x134 build/system_stm32h7xx.o
 .debug_loc     0x00000000000245a3       0xa2 /usr/lib/gcc/arm-none-eabi/7.3.1/../../../arm-none-eabi/lib/thumb/v7e-m/fpv5/hard/libc_nano.a(lib_a-init.o)
 .debug_loc     0x0000000000024645      0x175 /usr/lib/gcc/arm-none-eabi/7.3.1/../../../arm-none-eabi/lib/thumb/v7e-m/fpv5/hard/libc_nano.a(lib_a-memset.o)
 .debug_loc     0x00000000000247ba      0xe4b /usr/lib/gcc/arm-none-eabi/7.3.1/thumb/v7e-m/fpv5/hard/libgcc.a(_udivmoddi4.o)

.debug_aranges  0x0000000000000000     0x20b8
 .debug_aranges
                0x0000000000000000       0x30 build/main.o
 .debug_aranges
                0x0000000000000030       0x20 build/gpio.o
 .debug_aranges
                0x0000000000000050       0x30 build/adc.o
 .debug_aranges
                0x0000000000000080       0x30 build/i2c.o
 .debug_aranges
                0x00000000000000b0       0x30 build/usart.o
 .debug_aranges
                0x00000000000000e0       0x30 build/octospi.o
 .debug_aranges
                0x0000000000000110       0x30 build/rtc.o
 .debug_aranges
                0x0000000000000140       0x30 build/sdmmc.o
 .debug_aranges
                0x0000000000000170       0x30 build/spi.o
 .debug_aranges
                0x00000000000001a0       0x38 build/tim.o
 .debug_aranges
                0x00000000000001d8       0x30 build/usb_otg.o
 .debug_aranges
                0x0000000000000208       0x60 build/stm32h7xx_it.o
 .debug_aranges
                0x0000000000000268       0x20 build/stm32h7xx_hal_msp.o
 .debug_aranges
                0x0000000000000288      0x100 build/stm32h7xx_hal_adc.o
 .debug_aranges
                0x0000000000000388      0x108 build/stm32h7xx_hal_adc_ex.o
 .debug_aranges
                0x0000000000000490       0x88 build/stm32h7xx_hal_rcc.o
 .debug_aranges
                0x0000000000000518       0xf8 build/stm32h7xx_hal_rcc_ex.o
 .debug_aranges
                0x0000000000000610       0x58 build/stm32h7xx_hal_gpio.o
 .debug_aranges
                0x0000000000000668       0xa0 build/stm32h7xx_hal_pwr.o
 .debug_aranges
                0x0000000000000708      0x148 build/stm32h7xx_hal_pwr_ex.o
 .debug_aranges
                0x0000000000000850       0xb0 build/stm32h7xx_hal_cortex.o
 .debug_aranges
                0x0000000000000900      0x1c8 build/stm32h7xx_hal.o
 .debug_aranges
                0x0000000000000ac8      0x290 build/stm32h7xx_hal_i2c.o
 .debug_aranges
                0x0000000000000d58       0x48 build/stm32h7xx_hal_i2c_ex.o
 .debug_aranges
                0x0000000000000da0      0x230 build/stm32h7xx_hal_uart.o
 .debug_aranges
                0x0000000000000fd0       0x88 build/stm32h7xx_hal_uart_ex.o
 .debug_aranges
                0x0000000000001058      0x168 build/stm32h7xx_hal_ospi.o
 .debug_aranges
                0x00000000000011c0      0x3e0 build/stm32h7xx_hal_tim.o
 .debug_aranges
                0x00000000000015a0      0x188 build/stm32h7xx_hal_tim_ex.o
 .debug_aranges
                0x0000000000001728       0xc0 build/stm32h7xx_hal_rtc.o
 .debug_aranges
                0x00000000000017e8      0x190 build/stm32h7xx_ll_sdmmc.o
 .debug_aranges
                0x0000000000001978      0x188 build/stm32h7xx_hal_sd.o
 .debug_aranges
                0x0000000000001b00      0x1a0 build/stm32h7xx_hal_spi.o
 .debug_aranges
                0x0000000000001ca0      0x130 build/stm32h7xx_hal_pcd.o
 .debug_aranges
                0x0000000000001dd0       0x60 build/stm32h7xx_hal_pcd_ex.o
 .debug_aranges
                0x0000000000001e30      0x198 build/stm32h7xx_ll_usb.o
 .debug_aranges
                0x0000000000001fc8       0x28 build/system_stm32h7xx.o
 .debug_aranges
                0x0000000000001ff0       0x28 build/startup_stm32h723xx.o
 .debug_aranges
                0x0000000000002018       0x20 /usr/lib/gcc/arm-none-eabi/7.3.1/../../../arm-none-eabi/lib/thumb/v7e-m/fpv5/hard/libc_nano.a(lib_a-init.o)
 .debug_aranges
                0x0000000000002038       0x20 /usr/lib/gcc/arm-none-eabi/7.3.1/../../../arm-none-eabi/lib/thumb/v7e-m/fpv5/hard/libc_nano.a(lib_a-memset.o)
 .debug_aranges
                0x0000000000002058       0x20 /usr/lib/gcc/arm-none-eabi/7.3.1/thumb/v7e-m/fpv5/hard/libgcc.a(_aeabi_uldivmod.o)
 .debug_aranges
                0x0000000000002078       0x20 /usr/lib/gcc/arm-none-eabi/7.3.1/thumb/v7e-m/fpv5/hard/libgcc.a(_udivmoddi4.o)
 .debug_aranges
                0x0000000000002098       0x20 /usr/lib/gcc/arm-none-eabi/7.3.1/thumb/v7e-m/fpv5/hard/libgcc.a(_dvmd_tls.o)

.debug_ranges   0x0000000000000000     0x2498
 .debug_ranges  0x0000000000000000       0x20 build/main.o
 .debug_ranges  0x0000000000000020       0x10 build/gpio.o
 .debug_ranges  0x0000000000000030       0x20 build/adc.o
 .debug_ranges  0x0000000000000050       0x20 build/i2c.o
 .debug_ranges  0x0000000000000070       0x20 build/usart.o
 .debug_ranges  0x0000000000000090       0x20 build/octospi.o
 .debug_ranges  0x00000000000000b0       0x20 build/rtc.o
 .debug_ranges  0x00000000000000d0       0x20 build/sdmmc.o
 .debug_ranges  0x00000000000000f0       0x20 build/spi.o
 .debug_ranges  0x0000000000000110       0x28 build/tim.o
 .debug_ranges  0x0000000000000138       0x20 build/usb_otg.o
 .debug_ranges  0x0000000000000158       0x50 build/stm32h7xx_it.o
 .debug_ranges  0x00000000000001a8       0x10 build/stm32h7xx_hal_msp.o
 .debug_ranges  0x00000000000001b8      0x368 build/stm32h7xx_hal_adc.o
 .debug_ranges  0x0000000000000520      0x3b0 build/stm32h7xx_hal_adc_ex.o
 .debug_ranges  0x00000000000008d0       0xe0 build/stm32h7xx_hal_rcc.o
 .debug_ranges  0x00000000000009b0       0xe8 build/stm32h7xx_hal_rcc_ex.o
 .debug_ranges  0x0000000000000a98       0x48 build/stm32h7xx_hal_gpio.o
 .debug_ranges  0x0000000000000ae0       0x90 build/stm32h7xx_hal_pwr.o
 .debug_ranges  0x0000000000000b70      0x138 build/stm32h7xx_hal_pwr_ex.o
 .debug_ranges  0x0000000000000ca8      0x100 build/stm32h7xx_hal_cortex.o
 .debug_ranges  0x0000000000000da8      0x1b8 build/stm32h7xx_hal.o
 .debug_ranges  0x0000000000000f60      0x280 build/stm32h7xx_hal_i2c.o
 .debug_ranges  0x00000000000011e0       0x38 build/stm32h7xx_hal_i2c_ex.o
 .debug_ranges  0x0000000000001218      0x220 build/stm32h7xx_hal_uart.o
 .debug_ranges  0x0000000000001438       0x78 build/stm32h7xx_hal_uart_ex.o
 .debug_ranges  0x00000000000014b0      0x158 build/stm32h7xx_hal_ospi.o
 .debug_ranges  0x0000000000001608      0x3d0 build/stm32h7xx_hal_tim.o
 .debug_ranges  0x00000000000019d8      0x178 build/stm32h7xx_hal_tim_ex.o
 .debug_ranges  0x0000000000001b50       0xb0 build/stm32h7xx_hal_rtc.o
 .debug_ranges  0x0000000000001c00      0x180 build/stm32h7xx_ll_sdmmc.o
 .debug_ranges  0x0000000000001d80      0x178 build/stm32h7xx_hal_sd.o
 .debug_ranges  0x0000000000001ef8      0x190 build/stm32h7xx_hal_spi.o
 .debug_ranges  0x0000000000002088      0x120 build/stm32h7xx_hal_pcd.o
 .debug_ranges  0x00000000000021a8       0x50 build/stm32h7xx_hal_pcd_ex.o
 .debug_ranges  0x00000000000021f8      0x188 build/stm32h7xx_ll_usb.o
 .debug_ranges  0x0000000000002380       0x18 build/system_stm32h7xx.o
 .debug_ranges  0x0000000000002398       0x20 build/startup_stm32h723xx.o
 .debug_ranges  0x00000000000023b8       0xe0 /usr/lib/gcc/arm-none-eabi/7.3.1/thumb/v7e-m/fpv5/hard/libgcc.a(_udivmoddi4.o)

.debug_line     0x0000000000000000    0x11b16
 .debug_line    0x0000000000000000      0x480 build/main.o
 .debug_line    0x0000000000000480      0x269 build/gpio.o
 .debug_line    0x00000000000006e9      0x2ec build/adc.o
 .debug_line    0x00000000000009d5      0x2ba build/i2c.o
 .debug_line    0x0000000000000c8f      0x2b0 build/usart.o
 .debug_line    0x0000000000000f3f      0x2f4 build/octospi.o
 .debug_line    0x0000000000001233      0x262 build/rtc.o
 .debug_line    0x0000000000001495      0x2b4 build/sdmmc.o
 .debug_line    0x0000000000001749      0x2aa build/spi.o
 .debug_line    0x00000000000019f3      0x2d2 build/tim.o
 .debug_line    0x0000000000001cc5      0x291 build/usb_otg.o
 .debug_line    0x0000000000001f56      0x276 build/stm32h7xx_it.o
 .debug_line    0x00000000000021cc      0x209 build/stm32h7xx_hal_msp.o
 .debug_line    0x00000000000023d5     0x1228 build/stm32h7xx_hal_adc.o
 .debug_line    0x00000000000035fd     0x104f build/stm32h7xx_hal_adc_ex.o
 .debug_line    0x000000000000464c      0x5d7 build/stm32h7xx_hal_rcc.o
 .debug_line    0x0000000000004c23      0x8d4 build/stm32h7xx_hal_rcc_ex.o
 .debug_line    0x00000000000054f7      0x3a6 build/stm32h7xx_hal_gpio.o
 .debug_line    0x000000000000589d      0x3ae build/stm32h7xx_hal_pwr.o
 .debug_line    0x0000000000005c4b      0x5ea build/stm32h7xx_hal_pwr_ex.o
 .debug_line    0x0000000000006235      0x49e build/stm32h7xx_hal_cortex.o
 .debug_line    0x00000000000066d3      0x660 build/stm32h7xx_hal.o
 .debug_line    0x0000000000006d33     0x18b1 build/stm32h7xx_hal_i2c.o
 .debug_line    0x00000000000085e4      0x386 build/stm32h7xx_hal_i2c_ex.o
 .debug_line    0x000000000000896a     0x1096 build/stm32h7xx_hal_uart.o
 .debug_line    0x0000000000009a00      0x4cb build/stm32h7xx_hal_uart_ex.o
 .debug_line    0x0000000000009ecb      0x990 build/stm32h7xx_hal_ospi.o
 .debug_line    0x000000000000a85b     0x1fe3 build/stm32h7xx_hal_tim.o
 .debug_line    0x000000000000c83e      0xef6 build/stm32h7xx_hal_tim_ex.o
 .debug_line    0x000000000000d734      0x617 build/stm32h7xx_hal_rtc.o
 .debug_line    0x000000000000dd4b      0x703 build/stm32h7xx_ll_sdmmc.o
 .debug_line    0x000000000000e44e      0xd26 build/stm32h7xx_hal_sd.o
 .debug_line    0x000000000000f174      0xcb7 build/stm32h7xx_hal_spi.o
 .debug_line    0x000000000000fe2b      0x84f build/stm32h7xx_hal_pcd.o
 .debug_line    0x000000000001067a      0x329 build/stm32h7xx_hal_pcd_ex.o
 .debug_line    0x00000000000109a3      0x8ef build/stm32h7xx_ll_usb.o
 .debug_line    0x0000000000011292      0x262 build/system_stm32h7xx.o
 .debug_line    0x00000000000114f4       0x75 build/startup_stm32h723xx.o
 .debug_line    0x0000000000011569       0xbf /usr/lib/gcc/arm-none-eabi/7.3.1/../../../arm-none-eabi/lib/thumb/v7e-m/fpv5/hard/libc_nano.a(lib_a-init.o)
 .debug_line    0x0000000000011628      0x1c4 /usr/lib/gcc/arm-none-eabi/7.3.1/../../../arm-none-eabi/lib/thumb/v7e-m/fpv5/hard/libc_nano.a(lib_a-memset.o)
 .debug_line    0x00000000000117ec       0x63 /usr/lib/gcc/arm-none-eabi/7.3.1/thumb/v7e-m/fpv5/hard/libgcc.a(_aeabi_uldivmod.o)
 .debug_line    0x000000000001184f      0x264 /usr/lib/gcc/arm-none-eabi/7.3.1/thumb/v7e-m/fpv5/hard/libgcc.a(_udivmoddi4.o)
 .debug_line    0x0000000000011ab3       0x63 /usr/lib/gcc/arm-none-eabi/7.3.1/thumb/v7e-m/fpv5/hard/libgcc.a(_dvmd_tls.o)

.debug_str      0x0000000000000000     0xd1c2
 .debug_str     0x0000000000000000     0x2a73 build/main.o
                                       0x2d7b (size before relaxing)
 .debug_str     0x0000000000002a73       0xa9 build/gpio.o
                                        0xb33 (size before relaxing)
 .debug_str     0x0000000000002b1c       0xe3 build/adc.o
                                       0x1294 (size before relaxing)
 .debug_str     0x0000000000002bff       0x83 build/i2c.o
                                       0x1142 (size before relaxing)
 .debug_str     0x0000000000002c82       0xa5 build/usart.o
                                       0x10e0 (size before relaxing)
 .debug_str     0x0000000000002d27      0x12c build/octospi.o
                                       0x1178 (size before relaxing)
 .debug_str     0x0000000000002e53       0x48 build/rtc.o
                                        0xd2b (size before relaxing)
 .debug_str     0x0000000000002e9b       0x46 build/sdmmc.o
                                        0xe13 (size before relaxing)
 .debug_str     0x0000000000002ee1       0x3e build/spi.o
                                       0x111d (size before relaxing)
 .debug_str     0x0000000000002f1f      0x17a build/tim.o
                                       0x12a1 (size before relaxing)
 .debug_str     0x0000000000003099       0x4c build/usb_otg.o
                                        0xeb6 (size before relaxing)
 .debug_str     0x00000000000030e5       0xb4 build/stm32h7xx_it.o
                                        0x8f7 (size before relaxing)
 .debug_str     0x0000000000003199       0x29 build/stm32h7xx_hal_msp.o
                                        0xa96 (size before relaxing)
 .debug_str     0x00000000000031c2      0xb29 build/stm32h7xx_hal_adc.o
                                       0x1b51 (size before relaxing)
 .debug_str     0x0000000000003ceb      0x72a build/stm32h7xx_hal_adc_ex.o
                                       0x1bb7 (size before relaxing)
 .debug_str     0x0000000000004415      0x2bb build/stm32h7xx_hal_rcc.o
                                        0xfff (size before relaxing)
 .debug_str     0x00000000000046d0      0x65d build/stm32h7xx_hal_rcc_ex.o
                                       0x1537 (size before relaxing)
 .debug_str     0x0000000000004d2d      0x157 build/stm32h7xx_hal_gpio.o
                                        0xd66 (size before relaxing)
 .debug_str     0x0000000000004e84      0x301 build/stm32h7xx_hal_pwr.o
                                        0xca7 (size before relaxing)
 .debug_str     0x0000000000005185      0x4b4 build/stm32h7xx_hal_pwr_ex.o
                                       0x1040 (size before relaxing)
 .debug_str     0x0000000000005639      0xc4c build/stm32h7xx_hal_cortex.o
                                       0x1688 (size before relaxing)
 .debug_str     0x0000000000006285      0x643 build/stm32h7xx_hal.o
                                       0x1b74 (size before relaxing)
 .debug_str     0x00000000000068c8      0x8cc build/stm32h7xx_hal_i2c.o
                                       0x177c (size before relaxing)
 .debug_str     0x0000000000007194       0xb5 build/stm32h7xx_hal_i2c_ex.o
                                       0x1188 (size before relaxing)
 .debug_str     0x0000000000007249      0x821 build/stm32h7xx_hal_uart.o
                                       0x19b6 (size before relaxing)
 .debug_str     0x0000000000007a6a      0x1d4 build/stm32h7xx_hal_uart_ex.o
                                       0x109a (size before relaxing)
 .debug_str     0x0000000000007c3e      0x5c1 build/stm32h7xx_hal_ospi.o
                                       0x151a (size before relaxing)
 .debug_str     0x00000000000081ff      0xe70 build/stm32h7xx_hal_tim.o
                                       0x1e7c (size before relaxing)
 .debug_str     0x000000000000906f      0x638 build/stm32h7xx_hal_tim_ex.o
                                       0x17c2 (size before relaxing)
 .debug_str     0x00000000000096a7      0x2b8 build/stm32h7xx_hal_rtc.o
                                        0xee6 (size before relaxing)
 .debug_str     0x000000000000995f      0x4e0 build/stm32h7xx_ll_sdmmc.o
                                        0xeeb (size before relaxing)
 .debug_str     0x0000000000009e3f      0x7ed build/stm32h7xx_hal_sd.o
                                       0x16de (size before relaxing)
 .debug_str     0x000000000000a62c      0x4a9 build/stm32h7xx_hal_spi.o
                                       0x13c8 (size before relaxing)
 .debug_str     0x000000000000aad5      0x78b build/stm32h7xx_hal_pcd.o
                                       0x13e9 (size before relaxing)
 .debug_str     0x000000000000b260      0x1ac build/stm32h7xx_hal_pcd_ex.o
                                        0xe3a (size before relaxing)
 .debug_str     0x000000000000b40c      0x423 build/stm32h7xx_ll_usb.o
                                       0x1320 (size before relaxing)
 .debug_str     0x000000000000b82f       0x3d build/system_stm32h7xx.o
                                        0xd00 (size before relaxing)
 .debug_str     0x000000000000b86c       0x24 build/startup_stm32h723xx.o
                                         0x47 (size before relaxing)
 .debug_str     0x000000000000b890      0x1c3 /usr/lib/gcc/arm-none-eabi/7.3.1/../../../arm-none-eabi/lib/thumb/v7e-m/fpv5/hard/libc_nano.a(lib_a-init.o)
                                        0x25e (size before relaxing)
 .debug_str     0x000000000000ba53      0x391 /usr/lib/gcc/arm-none-eabi/7.3.1/../../../arm-none-eabi/lib/thumb/v7e-m/fpv5/hard/libc_nano.a(lib_a-memset.o)
                                        0x944 (size before relaxing)
 .debug_str     0x000000000000bde4       0x76 /usr/lib/gcc/arm-none-eabi/7.3.1/thumb/v7e-m/fpv5/hard/libgcc.a(_aeabi_uldivmod.o)
                                         0x84 (size before relaxing)
 .debug_str     0x000000000000be5a     0x1335 /usr/lib/gcc/arm-none-eabi/7.3.1/thumb/v7e-m/fpv5/hard/libgcc.a(_udivmoddi4.o)
                                       0x141b (size before relaxing)
 .debug_str     0x000000000000d18f       0x33 /usr/lib/gcc/arm-none-eabi/7.3.1/thumb/v7e-m/fpv5/hard/libgcc.a(_dvmd_tls.o)
                                         0x88 (size before relaxing)

.debug_frame    0x0000000000000000     0x63c4
 .debug_frame   0x0000000000000000       0x60 build/main.o
 .debug_frame   0x0000000000000060       0x48 build/gpio.o
 .debug_frame   0x00000000000000a8       0x70 build/adc.o
 .debug_frame   0x0000000000000118       0x6c build/i2c.o
 .debug_frame   0x0000000000000184       0x68 build/usart.o
 .debug_frame   0x00000000000001ec       0x84 build/octospi.o
 .debug_frame   0x0000000000000270       0x4c build/rtc.o
 .debug_frame   0x00000000000002bc       0x74 build/sdmmc.o
 .debug_frame   0x0000000000000330       0x68 build/spi.o
 .debug_frame   0x0000000000000398       0x78 build/tim.o
 .debug_frame   0x0000000000000410       0x54 build/usb_otg.o
 .debug_frame   0x0000000000000464       0xac build/stm32h7xx_it.o
 .debug_frame   0x0000000000000510       0x28 build/stm32h7xx_hal_msp.o
 .debug_frame   0x0000000000000538      0x358 build/stm32h7xx_hal_adc.o
 .debug_frame   0x0000000000000890      0x39c build/stm32h7xx_hal_adc_ex.o
 .debug_frame   0x0000000000000c2c      0x1a4 build/stm32h7xx_hal_rcc.o
 .debug_frame   0x0000000000000dd0      0x2b8 build/stm32h7xx_hal_rcc_ex.o
 .debug_frame   0x0000000000001088       0xe4 build/stm32h7xx_hal_gpio.o
 .debug_frame   0x000000000000116c      0x12c build/stm32h7xx_hal_pwr.o
 .debug_frame   0x0000000000001298      0x2f4 build/stm32h7xx_hal_pwr_ex.o
 .debug_frame   0x000000000000158c      0x17c build/stm32h7xx_hal_cortex.o
 .debug_frame   0x0000000000001708      0x418 build/stm32h7xx_hal.o
 .debug_frame   0x0000000000001b20      0xa7c build/stm32h7xx_hal_i2c.o
 .debug_frame   0x000000000000259c       0x80 build/stm32h7xx_hal_i2c_ex.o
 .debug_frame   0x000000000000261c      0x6cc build/stm32h7xx_hal_uart.o
 .debug_frame   0x0000000000002ce8      0x188 build/stm32h7xx_hal_uart_ex.o
 .debug_frame   0x0000000000002e70      0x4dc build/stm32h7xx_hal_ospi.o
 .debug_frame   0x000000000000334c      0xdbc build/stm32h7xx_hal_tim.o
 .debug_frame   0x0000000000004108      0x5ac build/stm32h7xx_hal_tim_ex.o
 .debug_frame   0x00000000000046b4      0x26c build/stm32h7xx_hal_rtc.o
 .debug_frame   0x0000000000004920      0x540 build/stm32h7xx_ll_sdmmc.o
 .debug_frame   0x0000000000004e60      0x5dc build/stm32h7xx_hal_sd.o
 .debug_frame   0x000000000000543c      0x520 build/stm32h7xx_hal_spi.o
 .debug_frame   0x000000000000595c      0x3b4 build/stm32h7xx_hal_pcd.o
 .debug_frame   0x0000000000005d10       0xc0 build/stm32h7xx_hal_pcd_ex.o
 .debug_frame   0x0000000000005dd0      0x500 build/stm32h7xx_ll_usb.o
 .debug_frame   0x00000000000062d0       0x30 build/system_stm32h7xx.o
 .debug_frame   0x0000000000006300       0x2c /usr/lib/gcc/arm-none-eabi/7.3.1/../../../arm-none-eabi/lib/thumb/v7e-m/fpv5/hard/libc_nano.a(lib_a-init.o)
 .debug_frame   0x000000000000632c       0x38 /usr/lib/gcc/arm-none-eabi/7.3.1/../../../arm-none-eabi/lib/thumb/v7e-m/fpv5/hard/libc_nano.a(lib_a-memset.o)
 .debug_frame   0x0000000000006364       0x2c /usr/lib/gcc/arm-none-eabi/7.3.1/thumb/v7e-m/fpv5/hard/libgcc.a(_aeabi_uldivmod.o)
 .debug_frame   0x0000000000006390       0x34 /usr/lib/gcc/arm-none-eabi/7.3.1/thumb/v7e-m/fpv5/hard/libgcc.a(_udivmoddi4.o)

Cross Reference Table

Symbol                                            File
ADC3_IRQHandler                                   build/startup_stm32h723xx.o
ADC_ConfigureBoostMode                            build/stm32h7xx_hal_adc.o
ADC_ConversionStop                                build/stm32h7xx_hal_adc.o
                                                  build/stm32h7xx_hal_adc_ex.o
ADC_DMAConvCplt                                   build/stm32h7xx_hal_adc.o
                                                  build/stm32h7xx_hal_adc_ex.o
ADC_DMAError                                      build/stm32h7xx_hal_adc.o
                                                  build/stm32h7xx_hal_adc_ex.o
ADC_DMAHalfConvCplt                               build/stm32h7xx_hal_adc.o
                                                  build/stm32h7xx_hal_adc_ex.o
ADC_Disable                                       build/stm32h7xx_hal_adc.o
                                                  build/stm32h7xx_hal_adc_ex.o
ADC_Enable                                        build/stm32h7xx_hal_adc.o
                                                  build/stm32h7xx_hal_adc_ex.o
ADC_IRQHandler                                    build/startup_stm32h723xx.o
BDMA_Channel0_IRQHandler                          build/startup_stm32h723xx.o
BDMA_Channel1_IRQHandler                          build/startup_stm32h723xx.o
BDMA_Channel2_IRQHandler                          build/startup_stm32h723xx.o
BDMA_Channel3_IRQHandler                          build/startup_stm32h723xx.o
BDMA_Channel4_IRQHandler                          build/startup_stm32h723xx.o
BDMA_Channel5_IRQHandler                          build/startup_stm32h723xx.o
BDMA_Channel6_IRQHandler                          build/startup_stm32h723xx.o
BDMA_Channel7_IRQHandler                          build/startup_stm32h723xx.o
BusFault_Handler                                  build/stm32h7xx_it.o
CEC_IRQHandler                                    build/startup_stm32h723xx.o
COMP1_IRQHandler                                  build/startup_stm32h723xx.o
CORDIC_IRQHandler                                 build/startup_stm32h723xx.o
CRS_IRQHandler                                    build/startup_stm32h723xx.o
D1CorePrescTable                                  build/system_stm32h7xx.o
                                                  build/stm32h7xx_hal.o
                                                  build/stm32h7xx_hal_rcc_ex.o
                                                  build/stm32h7xx_hal_rcc.o
DCMI_PSSI_IRQHandler                              build/startup_stm32h723xx.o
DFSDM1_FLT0_IRQHandler                            build/startup_stm32h723xx.o
DFSDM1_FLT1_IRQHandler                            build/startup_stm32h723xx.o
DFSDM1_FLT2_IRQHandler                            build/startup_stm32h723xx.o
DFSDM1_FLT3_IRQHandler                            build/startup_stm32h723xx.o
DMA1_Stream0_IRQHandler                           build/startup_stm32h723xx.o
DMA1_Stream1_IRQHandler                           build/startup_stm32h723xx.o
DMA1_Stream2_IRQHandler                           build/startup_stm32h723xx.o
DMA1_Stream3_IRQHandler                           build/startup_stm32h723xx.o
DMA1_Stream4_IRQHandler                           build/startup_stm32h723xx.o
DMA1_Stream5_IRQHandler                           build/startup_stm32h723xx.o
DMA1_Stream6_IRQHandler                           build/startup_stm32h723xx.o
DMA1_Stream7_IRQHandler                           build/startup_stm32h723xx.o
DMA2D_IRQHandler                                  build/startup_stm32h723xx.o
DMA2_Stream0_IRQHandler                           build/startup_stm32h723xx.o
DMA2_Stream1_IRQHandler                           build/startup_stm32h723xx.o
DMA2_Stream2_IRQHandler                           build/startup_stm32h723xx.o
DMA2_Stream3_IRQHandler                           build/startup_stm32h723xx.o
DMA2_Stream4_IRQHandler                           build/startup_stm32h723xx.o
DMA2_Stream5_IRQHandler                           build/startup_stm32h723xx.o
DMA2_Stream6_IRQHandler                           build/startup_stm32h723xx.o
DMA2_Stream7_IRQHandler                           build/startup_stm32h723xx.o
DMAMUX1_OVR_IRQHandler                            build/startup_stm32h723xx.o
DMAMUX2_OVR_IRQHandler                            build/startup_stm32h723xx.o
DTS_IRQHandler                                    build/startup_stm32h723xx.o
DebugMon_Handler                                  build/stm32h7xx_it.o
Default_Handler                                   build/startup_stm32h723xx.o
DelayBlock_Configure                              build/stm32h7xx_ll_delayblock.o
DelayBlock_Disable                                build/stm32h7xx_ll_delayblock.o
DelayBlock_Enable                                 build/stm32h7xx_ll_delayblock.o
                                                  build/stm32h7xx_hal_sd.o
ECC_IRQHandler                                    build/startup_stm32h723xx.o
ETH_IRQHandler                                    build/startup_stm32h723xx.o
ETH_WKUP_IRQHandler                               build/startup_stm32h723xx.o
EXTI0_IRQHandler                                  build/startup_stm32h723xx.o
EXTI15_10_IRQHandler                              build/startup_stm32h723xx.o
EXTI1_IRQHandler                                  build/startup_stm32h723xx.o
EXTI2_IRQHandler                                  build/startup_stm32h723xx.o
EXTI3_IRQHandler                                  build/startup_stm32h723xx.o
EXTI4_IRQHandler                                  build/startup_stm32h723xx.o
EXTI9_5_IRQHandler                                build/startup_stm32h723xx.o
Error_Handler                                     build/main.o
                                                  build/usb_otg.o
                                                  build/tim.o
                                                  build/spi.o
                                                  build/sdmmc.o
                                                  build/rtc.o
                                                  build/octospi.o
                                                  build/usart.o
                                                  build/i2c.o
                                                  build/adc.o
FDCAN1_IT0_IRQHandler                             build/startup_stm32h723xx.o
FDCAN1_IT1_IRQHandler                             build/startup_stm32h723xx.o
FDCAN2_IT0_IRQHandler                             build/startup_stm32h723xx.o
FDCAN2_IT1_IRQHandler                             build/startup_stm32h723xx.o
FDCAN3_IT0_IRQHandler                             build/startup_stm32h723xx.o
FDCAN3_IT1_IRQHandler                             build/startup_stm32h723xx.o
FDCAN_CAL_IRQHandler                              build/startup_stm32h723xx.o
FLASH_CRC_WaitForLastOperation                    build/stm32h7xx_hal_flash.o
                                                  build/stm32h7xx_hal_flash_ex.o
FLASH_Erase_Sector                                build/stm32h7xx_hal_flash_ex.o
                                                  build/stm32h7xx_hal_flash.o
FLASH_IRQHandler                                  build/startup_stm32h723xx.o
FLASH_OB_WaitForLastOperation                     build/stm32h7xx_hal_flash.o
                                                  build/stm32h7xx_hal_flash_ex.o
FLASH_WaitForLastOperation                        build/stm32h7xx_hal_flash.o
                                                  build/stm32h7xx_hal_flash_ex.o
FMAC_IRQHandler                                   build/startup_stm32h723xx.o
FMC_IRQHandler                                    build/startup_stm32h723xx.o
FPU_IRQHandler                                    build/startup_stm32h723xx.o
HAL_ADCEx_Calibration_GetValue                    build/stm32h7xx_hal_adc_ex.o
HAL_ADCEx_Calibration_SetValue                    build/stm32h7xx_hal_adc_ex.o
HAL_ADCEx_Calibration_Start                       build/stm32h7xx_hal_adc_ex.o
HAL_ADCEx_DisableInjectedQueue                    build/stm32h7xx_hal_adc_ex.o
HAL_ADCEx_DisableVoltageRegulator                 build/stm32h7xx_hal_adc_ex.o
HAL_ADCEx_EnableInjectedQueue                     build/stm32h7xx_hal_adc_ex.o
HAL_ADCEx_EndOfSamplingCallback                   build/stm32h7xx_hal_adc_ex.o
                                                  build/stm32h7xx_hal_adc.o
HAL_ADCEx_EnterADCDeepPowerDownMode               build/stm32h7xx_hal_adc_ex.o
HAL_ADCEx_InjectedConfigChannel                   build/stm32h7xx_hal_adc_ex.o
HAL_ADCEx_InjectedConvCpltCallback                build/stm32h7xx_hal_adc_ex.o
                                                  build/stm32h7xx_hal_adc.o
HAL_ADCEx_InjectedGetValue                        build/stm32h7xx_hal_adc_ex.o
HAL_ADCEx_InjectedPollForConversion               build/stm32h7xx_hal_adc_ex.o
HAL_ADCEx_InjectedQueueOverflowCallback           build/stm32h7xx_hal_adc_ex.o
                                                  build/stm32h7xx_hal_adc.o
HAL_ADCEx_InjectedStart                           build/stm32h7xx_hal_adc_ex.o
HAL_ADCEx_InjectedStart_IT                        build/stm32h7xx_hal_adc_ex.o
HAL_ADCEx_InjectedStop                            build/stm32h7xx_hal_adc_ex.o
HAL_ADCEx_InjectedStop_IT                         build/stm32h7xx_hal_adc_ex.o
HAL_ADCEx_LevelOutOfWindow2Callback               build/stm32h7xx_hal_adc_ex.o
                                                  build/stm32h7xx_hal_adc.o
HAL_ADCEx_LevelOutOfWindow3Callback               build/stm32h7xx_hal_adc_ex.o
                                                  build/stm32h7xx_hal_adc.o
HAL_ADCEx_LinearCalibration_FactorLoad            build/stm32h7xx_hal_adc_ex.o
HAL_ADCEx_LinearCalibration_GetValue              build/stm32h7xx_hal_adc_ex.o
HAL_ADCEx_LinearCalibration_SetValue              build/stm32h7xx_hal_adc_ex.o
HAL_ADCEx_MultiModeConfigChannel                  build/stm32h7xx_hal_adc_ex.o
                                                  build/adc.o
HAL_ADCEx_MultiModeGetValue                       build/stm32h7xx_hal_adc_ex.o
HAL_ADCEx_MultiModeStart_DMA                      build/stm32h7xx_hal_adc_ex.o
HAL_ADCEx_MultiModeStop_DMA                       build/stm32h7xx_hal_adc_ex.o
HAL_ADCEx_RegularMultiModeStop_DMA                build/stm32h7xx_hal_adc_ex.o
HAL_ADCEx_RegularStop                             build/stm32h7xx_hal_adc_ex.o
HAL_ADCEx_RegularStop_DMA                         build/stm32h7xx_hal_adc_ex.o
HAL_ADCEx_RegularStop_IT                          build/stm32h7xx_hal_adc_ex.o
HAL_ADC_AnalogWDGConfig                           build/stm32h7xx_hal_adc.o
HAL_ADC_ConfigChannel                             build/stm32h7xx_hal_adc.o
                                                  build/adc.o
HAL_ADC_ConvCpltCallback                          build/stm32h7xx_hal_adc.o
HAL_ADC_ConvHalfCpltCallback                      build/stm32h7xx_hal_adc.o
HAL_ADC_DeInit                                    build/stm32h7xx_hal_adc.o
HAL_ADC_ErrorCallback                             build/stm32h7xx_hal_adc.o
HAL_ADC_GetError                                  build/stm32h7xx_hal_adc.o
HAL_ADC_GetState                                  build/stm32h7xx_hal_adc.o
HAL_ADC_GetValue                                  build/stm32h7xx_hal_adc.o
HAL_ADC_IRQHandler                                build/stm32h7xx_hal_adc.o
HAL_ADC_Init                                      build/stm32h7xx_hal_adc.o