Archive member included to satisfy reference by file (symbol)

/usr/lib/gcc/arm-none-eabi/7.3.1/../../../arm-none-eabi/lib/thumb/v7e-m/fpv5/hard/libc_nano.a(lib_a-atexit.o)
                              /usr/lib/gcc/arm-none-eabi/7.3.1/../../../arm-none-eabi/lib/thumb/v7e-m/fpv5/hard/crt0.o (atexit)
/usr/lib/gcc/arm-none-eabi/7.3.1/../../../arm-none-eabi/lib/thumb/v7e-m/fpv5/hard/libc_nano.a(lib_a-exit.o)
                              /usr/lib/gcc/arm-none-eabi/7.3.1/../../../arm-none-eabi/lib/thumb/v7e-m/fpv5/hard/crt0.o (exit)
/usr/lib/gcc/arm-none-eabi/7.3.1/../../../arm-none-eabi/lib/thumb/v7e-m/fpv5/hard/libc_nano.a(lib_a-fclose.o)
                              build/main.o (fclose)
/usr/lib/gcc/arm-none-eabi/7.3.1/../../../arm-none-eabi/lib/thumb/v7e-m/fpv5/hard/libc_nano.a(lib_a-fflush.o)
                              /usr/lib/gcc/arm-none-eabi/7.3.1/../../../arm-none-eabi/lib/thumb/v7e-m/fpv5/hard/libc_nano.a(lib_a-fclose.o) (__sflush_r)
/usr/lib/gcc/arm-none-eabi/7.3.1/../../../arm-none-eabi/lib/thumb/v7e-m/fpv5/hard/libc_nano.a(lib_a-findfp.o)
                              /usr/lib/gcc/arm-none-eabi/7.3.1/../../../arm-none-eabi/lib/thumb/v7e-m/fpv5/hard/libc_nano.a(lib_a-fclose.o) (__sinit)
/usr/lib/gcc/arm-none-eabi/7.3.1/../../../arm-none-eabi/lib/thumb/v7e-m/fpv5/hard/libc_nano.a(lib_a-fini.o)
                              /usr/lib/gcc/arm-none-eabi/7.3.1/../../../arm-none-eabi/lib/thumb/v7e-m/fpv5/hard/crt0.o (__libc_fini_array)
/usr/lib/gcc/arm-none-eabi/7.3.1/../../../arm-none-eabi/lib/thumb/v7e-m/fpv5/hard/libc_nano.a(lib_a-fopen.o)
                              build/main.o (fopen)
/usr/lib/gcc/arm-none-eabi/7.3.1/../../../arm-none-eabi/lib/thumb/v7e-m/fpv5/hard/libc_nano.a(lib_a-fread.o)
                              build/main.o (fread)
/usr/lib/gcc/arm-none-eabi/7.3.1/../../../arm-none-eabi/lib/thumb/v7e-m/fpv5/hard/libc_nano.a(lib_a-fseek.o)
                              /usr/lib/gcc/arm-none-eabi/7.3.1/../../../arm-none-eabi/lib/thumb/v7e-m/fpv5/hard/libc_nano.a(lib_a-fopen.o) (_fseek_r)
/usr/lib/gcc/arm-none-eabi/7.3.1/../../../arm-none-eabi/lib/thumb/v7e-m/fpv5/hard/libc_nano.a(lib_a-fseeko.o)
                              /usr/lib/gcc/arm-none-eabi/7.3.1/../../../arm-none-eabi/lib/thumb/v7e-m/fpv5/hard/libc_nano.a(lib_a-fseek.o) (_fseeko_r)
/usr/lib/gcc/arm-none-eabi/7.3.1/../../../arm-none-eabi/lib/thumb/v7e-m/fpv5/hard/libc_nano.a(lib_a-fwalk.o)
                              /usr/lib/gcc/arm-none-eabi/7.3.1/../../../arm-none-eabi/lib/thumb/v7e-m/fpv5/hard/libc_nano.a(lib_a-findfp.o) (_fwalk)
/usr/lib/gcc/arm-none-eabi/7.3.1/../../../arm-none-eabi/lib/thumb/v7e-m/fpv5/hard/libc_nano.a(lib_a-fwrite.o)
                              build/main.o (fwrite)
/usr/lib/gcc/arm-none-eabi/7.3.1/../../../arm-none-eabi/lib/thumb/v7e-m/fpv5/hard/libc_nano.a(lib_a-impure.o)
                              /usr/lib/gcc/arm-none-eabi/7.3.1/../../../arm-none-eabi/lib/thumb/v7e-m/fpv5/hard/libc_nano.a(lib_a-exit.o) (_global_impure_ptr)
/usr/lib/gcc/arm-none-eabi/7.3.1/../../../arm-none-eabi/lib/thumb/v7e-m/fpv5/hard/libc_nano.a(lib_a-init.o)
                              /usr/lib/gcc/arm-none-eabi/7.3.1/../../../arm-none-eabi/lib/thumb/v7e-m/fpv5/hard/crt0.o (__libc_init_array)
/usr/lib/gcc/arm-none-eabi/7.3.1/../../../arm-none-eabi/lib/thumb/v7e-m/fpv5/hard/libc_nano.a(lib_a-makebuf.o)
                              /usr/lib/gcc/arm-none-eabi/7.3.1/../../../arm-none-eabi/lib/thumb/v7e-m/fpv5/hard/libc_nano.a(lib_a-fseeko.o) (__smakebuf_r)
/usr/lib/gcc/arm-none-eabi/7.3.1/../../../arm-none-eabi/lib/thumb/v7e-m/fpv5/hard/libc_nano.a(lib_a-malloc.o)
                              build/main.o (malloc)
/usr/lib/gcc/arm-none-eabi/7.3.1/../../../arm-none-eabi/lib/thumb/v7e-m/fpv5/hard/libc_nano.a(lib_a-memcpy.o)
                              /usr/lib/gcc/arm-none-eabi/7.3.1/../../../arm-none-eabi/lib/thumb/v7e-m/fpv5/hard/libc_nano.a(lib_a-fread.o) (memcpy)
/usr/lib/gcc/arm-none-eabi/7.3.1/../../../arm-none-eabi/lib/thumb/v7e-m/fpv5/hard/libc_nano.a(lib_a-memset.o)
                              /usr/lib/gcc/arm-none-eabi/7.3.1/../../../arm-none-eabi/lib/thumb/v7e-m/fpv5/hard/crt0.o (memset)
/usr/lib/gcc/arm-none-eabi/7.3.1/../../../arm-none-eabi/lib/thumb/v7e-m/fpv5/hard/libc_nano.a(lib_a-nano-freer.o)
                              /usr/lib/gcc/arm-none-eabi/7.3.1/../../../arm-none-eabi/lib/thumb/v7e-m/fpv5/hard/libc_nano.a(lib_a-fclose.o) (_free_r)
/usr/lib/gcc/arm-none-eabi/7.3.1/../../../arm-none-eabi/lib/thumb/v7e-m/fpv5/hard/libc_nano.a(lib_a-nano-mallocr.o)
                              /usr/lib/gcc/arm-none-eabi/7.3.1/../../../arm-none-eabi/lib/thumb/v7e-m/fpv5/hard/libc_nano.a(lib_a-findfp.o) (_malloc_r)
/usr/lib/gcc/arm-none-eabi/7.3.1/../../../arm-none-eabi/lib/thumb/v7e-m/fpv5/hard/libc_nano.a(lib_a-openr.o)
                              /usr/lib/gcc/arm-none-eabi/7.3.1/../../../arm-none-eabi/lib/thumb/v7e-m/fpv5/hard/libc_nano.a(lib_a-fopen.o) (_open_r)
[...]
Memory Configuration

Name             Origin             Length             Attributes
DTCMRAM          0x0000000020000000 0x0000000000020000 xrw
RAM_D1           0x0000000024000000 0x0000000000050000 xrw
RAM_D2           0x0000000030000000 0x0000000000008000 xrw
RAM_D3           0x0000000038000000 0x0000000000004000 xrw
ITCMRAM          0x0000000000000000 0x0000000000010000 xrw
FLASH            0x0000000008000000 0x0000000000100000 xr
OCTOSPI          0x0000000090000000 0x0000000000800000 xrw
*default*        0x0000000000000000 0xffffffffffffffff

Linker script and memory map

LOAD /usr/lib/gcc/arm-none-eabi/7.3.1/thumb/v7e-m/fpv5/hard/crti.o
LOAD /usr/lib/gcc/arm-none-eabi/7.3.1/thumb/v7e-m/fpv5/hard/crtbegin.o
LOAD /usr/lib/gcc/arm-none-eabi/7.3.1/../../../arm-none-eabi/lib/thumb/v7e-m/fpv5/hard/crt0.o
LOAD build/main.o
LOAD build/octospi.o
LOAD build/stm32h7xx_it.o
LOAD build/stm32h7xx_hal_msp.o
LOAD build/stm32h7xx_hal_cortex.o
LOAD build/stm32h7xx_hal_rcc.o
LOAD build/stm32h7xx_hal_rcc_ex.o
LOAD build/stm32h7xx_hal_flash.o
LOAD build/stm32h7xx_hal_flash_ex.o
LOAD build/stm32h7xx_hal_gpio.o
LOAD build/stm32h7xx_hal_hsem.o
LOAD build/stm32h7xx_hal_dma.o
LOAD build/stm32h7xx_hal_dma2d.o
LOAD build/stm32h7xx_hal_dma_ex.o
LOAD build/stm32h7xx_hal_mdma.o
LOAD build/stm32h7xx_hal_pwr.o
LOAD build/stm32h7xx_hal_pwr_ex.o
LOAD build/stm32h7xx_hal.o
LOAD build/stm32h7xx_hal_i2c.o
LOAD build/stm32h7xx_hal_i2c_ex.o
LOAD build/stm32h7xx_hal_exti.o
LOAD build/stm32h7xx_hal_ospi.o
LOAD build/stm32h7xx_ll_sdmmc.o
LOAD build/stm32h7xx_ll_delayblock.o
LOAD build/stm32h7xx_hal_sd.o
LOAD build/stm32h7xx_hal_sd_ex.o
LOAD build/stm32h7xx_hal_tim.o
LOAD build/stm32h7xx_hal_tim_ex.o
LOAD build/stm32h7xx_hal_ltdc.o
LOAD build/stm32h7xx_hal_ltdc_ex.o
LOAD build/system_stm32h7xx.o
LOAD build/gpio.o
LOAD build/tim.o
LOAD build/ltdc_mod.o
LOAD build/fatfs.o
LOAD build/bsp_driver_sd.o
LOAD build/sd_diskio.o
LOAD build/fatfs_platform.o
LOAD build/diskio.o
LOAD build/ff.o
LOAD build/ff_gen_drv.o
LOAD build/syscall.o
LOAD build/sdmmc.o
LOAD build/hagl.o
LOAD build/hagl_hal.o
LOAD build/bitmap.o
LOAD build/clip.o
LOAD build/fontx.o
LOAD build/hsl.o
LOAD build/startup_stm32h723xx.o
LOAD /usr/lib/gcc/arm-none-eabi/7.3.1/../../../arm-none-eabi/lib/thumb/v7e-m/fpv5/hard/libc_nano.a
LOAD /usr/lib/gcc/arm-none-eabi/7.3.1/../../../arm-none-eabi/lib/thumb/v7e-m/fpv5/hard/libm.a
LOAD /usr/lib/gcc/arm-none-eabi/7.3.1/../../../arm-none-eabi/lib/thumb/v7e-m/fpv5/hard/libnosys.a
START GROUP
LOAD /usr/lib/gcc/arm-none-eabi/7.3.1/thumb/v7e-m/fpv5/hard/libgcc.a
LOAD /usr/lib/gcc/arm-none-eabi/7.3.1/../../../arm-none-eabi/lib/thumb/v7e-m/fpv5/hard/libc_nano.a
END GROUP
START GROUP
LOAD /usr/lib/gcc/arm-none-eabi/7.3.1/thumb/v7e-m/fpv5/hard/libgcc.a
LOAD /usr/lib/gcc/arm-none-eabi/7.3.1/../../../arm-none-eabi/lib/thumb/v7e-m/fpv5/hard/libc_nano.a
END GROUP
LOAD /usr/lib/gcc/arm-none-eabi/7.3.1/thumb/v7e-m/fpv5/hard/crtend.o
LOAD /usr/lib/gcc/arm-none-eabi/7.3.1/thumb/v7e-m/fpv5/hard/crtn.o
                0x0000000020020000                _estack = 0x20020000
                0x0000000000002000                _Min_Heap_Size = 0x2000
                0x0000000000004000                _Min_Stack_Size = 0x4000

.isr_vector     0x0000000008000000      0x2cc
                0x0000000008000000                . = ALIGN (0x4)
 *(.isr_vector)
 .isr_vector    0x0000000008000000      0x2cc build/startup_stm32h723xx.o
                0x0000000008000000                g_pfnVectors
                0x00000000080002cc                . = ALIGN (0x4)

.text           0x0000000008000300     0xa1dc
                0x0000000008000300                . = ALIGN (0x4)
 *(.text)
 .text          0x0000000008000300       0x88 /usr/lib/gcc/arm-none-eabi/7.3.1/thumb/v7e-m/fpv5/hard/crtbegin.o
 .text          0x0000000008000388       0x48 /usr/lib/gcc/arm-none-eabi/7.3.1/../../../arm-none-eabi/lib/thumb/v7e-m/fpv5/hard/libc_nano.a(lib_a-init.o)
                0x0000000008000388                __libc_init_array
 .text          0x00000000080003d0       0x20 /usr/lib/gcc/arm-none-eabi/7.3.1/../../../arm-none-eabi/lib/thumb/v7e-m/fpv5/hard/libc_nano.a(lib_a-malloc.o)
                0x00000000080003d0                malloc
                0x00000000080003e0                free
 .text          0x00000000080003f0      0x134 /usr/lib/gcc/arm-none-eabi/7.3.1/../../../arm-none-eabi/lib/thumb/v7e-m/fpv5/hard/libc_nano.a(lib_a-memcpy.o)
                0x00000000080003f0                memcpy
 .text          0x0000000008000524       0x94 /usr/lib/gcc/arm-none-eabi/7.3.1/../../../arm-none-eabi/lib/thumb/v7e-m/fpv5/hard/libc_nano.a(lib_a-memset.o)
                0x0000000008000524                memset
 .text          0x00000000080005b8       0xa8 /usr/lib/gcc/arm-none-eabi/7.3.1/../../../arm-none-eabi/lib/thumb/v7e-m/fpv5/hard/libc_nano.a(lib_a-nano-freer.o)
                0x00000000080005b8                _free_r
 .text          0x0000000008000660       0xc8 /usr/lib/gcc/arm-none-eabi/7.3.1/../../../arm-none-eabi/lib/thumb/v7e-m/fpv5/hard/libc_nano.a(lib_a-nano-mallocr.o)
                0x0000000008000660                _malloc_r
 .text          0x0000000008000728       0x24 /usr/lib/gcc/arm-none-eabi/7.3.1/../../../arm-none-eabi/lib/thumb/v7e-m/fpv5/hard/libc_nano.a(lib_a-sbrkr.o)
                0x0000000008000728                _sbrk_r
 .text          0x000000000800074c       0xfc /usr/lib/gcc/arm-none-eabi/7.3.1/../../../arm-none-eabi/lib/thumb/v7e-m/fpv5/hard/libc_nano.a(lib_a-swprintf.o)
                0x000000000800074c                _swprintf_r
                0x00000000080007c4                swprintf
 .text          0x0000000008000848        0x8 /usr/lib/gcc/arm-none-eabi/7.3.1/../../../arm-none-eabi/lib/thumb/v7e-m/fpv5/hard/libc_nano.a(lib_a-mlock.o)
                0x0000000008000848                __malloc_lock
                0x000000000800084c                __malloc_unlock
 .text          0x0000000008000850      0xebc /usr/lib/gcc/arm-none-eabi/7.3.1/../../../arm-none-eabi/lib/thumb/v7e-m/fpv5/hard/libc_nano.a(lib_a-svfwprintf.o)
                0x0000000008000960                _svfwprintf_r
 .text          0x000000000800170c       0x18 /usr/lib/gcc/arm-none-eabi/7.3.1/../../../arm-none-eabi/lib/thumb/v7e-m/fpv5/hard/libc_nano.a(lib_a-wcslen.o)
                0x000000000800170c                wcslen
 .text          0x0000000008001724       0x30 /usr/lib/gcc/arm-none-eabi/7.3.1/../../../arm-none-eabi/lib/thumb/v7e-m/fpv5/hard/libc_nano.a(lib_a-wmemchr.o)
                0x0000000008001724                wmemchr
 .text          0x0000000008001754       0x88 /usr/lib/gcc/arm-none-eabi/7.3.1/../../../arm-none-eabi/lib/thumb/v7e-m/fpv5/hard/libc_nano.a(lib_a-btowc.o)
                0x0000000008001754                btowc
 *fill*         0x00000000080017dc        0x4 
 .text          0x00000000080017e0      0xdb0 /usr/lib/gcc/arm-none-eabi/7.3.1/../../../arm-none-eabi/lib/thumb/v7e-m/fpv5/hard/libc_nano.a(lib_a-dtoa.o)
                0x0000000008001904                _dtoa_r
 .text          0x0000000008002590       0x14 /usr/lib/gcc/arm-none-eabi/7.3.1/../../../arm-none-eabi/lib/thumb/v7e-m/fpv5/hard/libc_nano.a(lib_a-localeconv.o)
                0x0000000008002590                __localeconv_l
                0x0000000008002594                _localeconv_r
                0x000000000800259c                localeconv
 .text          0x00000000080025a4       0x40 /usr/lib/gcc/arm-none-eabi/7.3.1/../../../arm-none-eabi/lib/thumb/v7e-m/fpv5/hard/libc_nano.a(lib_a-mbtowc_r.o)
                0x00000000080025a4                _mbtowc_r
                0x00000000080025b8                __ascii_mbtowc
 *fill*         0x00000000080025e4        0xc 
 .text          0x00000000080025f0       0xa0 /usr/lib/gcc/arm-none-eabi/7.3.1/../../../arm-none-eabi/lib/thumb/v7e-m/fpv5/hard/libc_nano.a(lib_a-memchr.o)
                0x00000000080025f0                memchr
 .text          0x0000000008002690      0x93c /usr/lib/gcc/arm-none-eabi/7.3.1/../../../arm-none-eabi/lib/thumb/v7e-m/fpv5/hard/libc_nano.a(lib_a-mprec.o)
                0x0000000008002690                _Balloc
                0x00000000080026f8                _Bfree
                0x0000000008002730                __multadd
                0x00000000080027ac                __s2b
                0x0000000008002844                __hi0bits
                0x0000000008002884                __lo0bits
                0x00000000080028e4                __i2b
                0x00000000080028f8                __multiply
                0x0000000008002a44                __pow5mult
                0x0000000008002afc                __lshift
                0x0000000008002ba8                __mcmp
                0x0000000008002be0                __mdiff
                0x0000000008002ccc                __ulp
                0x0000000008002d20                __b2d
                0x0000000008002ddc                __d2b
                0x0000000008002ea0                __ratio
                0x0000000008002f04                _mprec_log10
                0x0000000008002f2c                __copybits
                0x0000000008002f74                __any_on
 .text          0x0000000008002fcc       0x1c /usr/lib/gcc/arm-none-eabi/7.3.1/../../../arm-none-eabi/lib/thumb/v7e-m/fpv5/hard/libc_nano.a(lib_a-nano-callocr.o)
                0x0000000008002fcc                _calloc_r
 .text          0x0000000008002fe8      0x430 /usr/lib/gcc/arm-none-eabi/7.3.1/../../../arm-none-eabi/lib/thumb/v7e-m/fpv5/hard/libc_nano.a(lib_a-nano-svfprintf.o)
                0x0000000008002fe8                __ssputs_r
                0x00000000080030a8                __ssprint_r
                0x000000000800319c                _svfprintf_r
                0x000000000800319c                _svfiprintf_r
 .text          0x0000000008003418      0x3a0 /usr/lib/gcc/arm-none-eabi/7.3.1/../../../arm-none-eabi/lib/thumb/v7e-m/fpv5/hard/libc_nano.a(lib_a-nano-vfprintf_i.o)
                0x0000000008003418                _printf_common
                0x0000000008003534                _printf_i
 *fill*         0x00000000080037b8        0x8 
 .text          0x00000000080037c0       0xdc /usr/lib/gcc/arm-none-eabi/7.3.1/../../../arm-none-eabi/lib/thumb/v7e-m/fpv5/hard/libc_nano.a(lib_a-strlen.o)
                0x00000000080037c0                strlen
 .text          0x000000000800389c       0x30 /usr/lib/gcc/arm-none-eabi/7.3.1/../../../arm-none-eabi/lib/thumb/v7e-m/fpv5/hard/libc_nano.a(lib_a-wctomb_r.o)
                0x000000000800389c                _wctomb_r
                0x00000000080038b0                __ascii_wctomb
 .text          0x00000000080038cc       0xc8 /usr/lib/gcc/arm-none-eabi/7.3.1/../../../arm-none-eabi/lib/thumb/v7e-m/fpv5/hard/libc_nano.a(lib_a-memmove.o)
                0x00000000080038cc                memmove
 .text          0x0000000008003994       0x4c /usr/lib/gcc/arm-none-eabi/7.3.1/../../../arm-none-eabi/lib/thumb/v7e-m/fpv5/hard/libc_nano.a(lib_a-nano-reallocr.o)
                0x0000000008003994                _realloc_r
 .text          0x00000000080039e0       0x10 /usr/lib/gcc/arm-none-eabi/7.3.1/../../../arm-none-eabi/lib/thumb/v7e-m/fpv5/hard/libc_nano.a(lib_a-nano-msizer.o)
                0x00000000080039e0                _malloc_usable_size_r
 .text          0x00000000080039f0       0x1c /usr/lib/gcc/arm-none-eabi/7.3.1/../../../arm-none-eabi/lib/thumb/v7e-m/fpv5/hard/libnosys.a(sbrk.o)
                0x00000000080039f0                _sbrk
 *(.text*)
 .text.SWD_Init
                0x0000000008003a0c       0x94 build/main.o
                0x0000000008003a0c                SWD_Init
 .text.SWO_PrintData
                0x0000000008003aa0       0x5a build/main.o
                0x0000000008003aa0                SWO_PrintData
 .text.Error_Handler
                0x0000000008003afa        0x4 build/main.o
                0x0000000008003afa                Error_Handler
 *fill*         0x0000000008003afe        0x2 
 .text.SystemClock_Config
                0x0000000008003b00      0x140 build/main.o
                0x0000000008003b00                SystemClock_Config
 .text.main     0x0000000008003c40      0x1dc build/main.o
                0x0000000008003c40                main
 .text.NMI_Handler
                0x0000000008003e1c        0x2 build/stm32h7xx_it.o
                0x0000000008003e1c                NMI_Handler
 .text.HardFault_Handler
                0x0000000008003e1e        0x2 build/stm32h7xx_it.o
                0x0000000008003e1e                HardFault_Handler
 .text.MemManage_Handler
                0x0000000008003e20        0x2 build/stm32h7xx_it.o
                0x0000000008003e20                MemManage_Handler
 .text.BusFault_Handler
                0x0000000008003e22        0x2 build/stm32h7xx_it.o
                0x0000000008003e22                BusFault_Handler
 .text.UsageFault_Handler
                0x0000000008003e24        0x2 build/stm32h7xx_it.o
                0x0000000008003e24                UsageFault_Handler
 .text.SVC_Handler
                0x0000000008003e26        0x2 build/stm32h7xx_it.o
                0x0000000008003e26                SVC_Handler
 .text.DebugMon_Handler
                0x0000000008003e28        0x2 build/stm32h7xx_it.o
                0x0000000008003e28                DebugMon_Handler
 .text.PendSV_Handler
                0x0000000008003e2a        0x2 build/stm32h7xx_it.o
                0x0000000008003e2a                PendSV_Handler
 .text.SysTick_Handler
                0x0000000008003e2c        0x8 build/stm32h7xx_it.o
                0x0000000008003e2c                SysTick_Handler
 .text.HAL_MspInit
                0x0000000008003e34       0x24 build/stm32h7xx_hal_msp.o
                0x0000000008003e34                HAL_MspInit
 .text.HAL_NVIC_SetPriorityGrouping
                0x0000000008003e58       0x24 build/stm32h7xx_hal_cortex.o
                0x0000000008003e58                HAL_NVIC_SetPriorityGrouping
 .text.HAL_NVIC_SetPriority
                0x0000000008003e7c       0x64 build/stm32h7xx_hal_cortex.o
                0x0000000008003e7c                HAL_NVIC_SetPriority
 .text.HAL_SYSTICK_Config
                0x0000000008003ee0       0x2c build/stm32h7xx_hal_cortex.o
                0x0000000008003ee0                HAL_SYSTICK_Config
 .text.HAL_RCC_OscConfig
                0x0000000008003f0c      0x56c build/stm32h7xx_hal_rcc.o
                0x0000000008003f0c                HAL_RCC_OscConfig
 .text.HAL_RCC_GetSysClockFreq
                0x0000000008004478      0x1ec build/stm32h7xx_hal_rcc.o
                0x0000000008004478                HAL_RCC_GetSysClockFreq
 .text.HAL_RCC_ClockConfig
                0x0000000008004664      0x294 build/stm32h7xx_hal_rcc.o
                0x0000000008004664                HAL_RCC_ClockConfig
 .text.HAL_RCC_GetHCLKFreq
                0x00000000080048f8       0x44 build/stm32h7xx_hal_rcc.o
                0x00000000080048f8                HAL_RCC_GetHCLKFreq
 .text.RCCEx_PLL2_Config
                0x000000000800493c      0x10c build/stm32h7xx_hal_rcc_ex.o
 .text.RCCEx_PLL3_Config
                0x0000000008004a48      0x10c build/stm32h7xx_hal_rcc_ex.o
 .text.HAL_RCCEx_PeriphCLKConfig
                0x0000000008004b54      0x8c4 build/stm32h7xx_hal_rcc_ex.o
                0x0000000008004b54                HAL_RCCEx_PeriphCLKConfig
 .text.HAL_RCCEx_GetD3PCLK1Freq
                0x0000000008005418       0x24 build/stm32h7xx_hal_rcc_ex.o
                0x0000000008005418                HAL_RCCEx_GetD3PCLK1Freq
 .text.HAL_RCCEx_GetPLL2ClockFreq
                0x000000000800543c      0x1fc build/stm32h7xx_hal_rcc_ex.o
                0x000000000800543c                HAL_RCCEx_GetPLL2ClockFreq
 .text.HAL_RCCEx_GetPLL3ClockFreq
                0x0000000008005638      0x1fc build/stm32h7xx_hal_rcc_ex.o
                0x0000000008005638                HAL_RCCEx_GetPLL3ClockFreq
 .text.HAL_RCCEx_GetPLL1ClockFreq
                0x0000000008005834      0x1fc build/stm32h7xx_hal_rcc_ex.o
                0x0000000008005834                HAL_RCCEx_GetPLL1ClockFreq
 .text.HAL_RCCEx_GetPeriphCLKFreq
                0x0000000008005a30      0x2f8 build/stm32h7xx_hal_rcc_ex.o
                0x0000000008005a30                HAL_RCCEx_GetPeriphCLKFreq
 .text.HAL_GPIO_Init
                0x0000000008005d28      0x1d4 build/stm32h7xx_hal_gpio.o
                0x0000000008005d28                HAL_GPIO_Init
 .text.HAL_GPIO_ReadPin
                0x0000000008005efc        0xe build/stm32h7xx_hal_gpio.o
                0x0000000008005efc                HAL_GPIO_ReadPin
 .text.HAL_GPIO_WritePin
                0x0000000008005f0a        0xc build/stm32h7xx_hal_gpio.o
                0x0000000008005f0a                HAL_GPIO_WritePin
 .text.HAL_GPIO_TogglePin
                0x0000000008005f16       0x12 build/stm32h7xx_hal_gpio.o
                0x0000000008005f16                HAL_GPIO_TogglePin
 .text.MDMA_SetConfig
                0x0000000008005f28       0x88 build/stm32h7xx_hal_mdma.o
 .text.MDMA_Init
                0x0000000008005fb0       0xb8 build/stm32h7xx_hal_mdma.o
 .text.HAL_MDMA_Init
                0x0000000008006068       0x60 build/stm32h7xx_hal_mdma.o
                0x0000000008006068                HAL_MDMA_Init
 .text.HAL_MDMA_Start
                0x00000000080060c8       0x78 build/stm32h7xx_hal_mdma.o
                0x00000000080060c8                HAL_MDMA_Start
 .text.HAL_MDMA_Abort
                0x0000000008006140       0x7c build/stm32h7xx_hal_mdma.o
                0x0000000008006140                HAL_MDMA_Abort
 .text.HAL_MDMA_PollForTransfer
                0x00000000080061bc      0x116 build/stm32h7xx_hal_mdma.o
                0x00000000080061bc                HAL_MDMA_PollForTransfer
 *fill*         0x00000000080062d2        0x2 
 .text.HAL_PWREx_ConfigSupply
                0x00000000080062d4       0x54 build/stm32h7xx_hal_pwr_ex.o
                0x00000000080062d4                HAL_PWREx_ConfigSupply
 .text.HAL_InitTick
                0x0000000008006328       0x50 build/stm32h7xx_hal.o
                0x0000000008006328                HAL_InitTick
 .text.HAL_Init
                0x0000000008006378       0x5c build/stm32h7xx_hal.o
                0x0000000008006378                HAL_Init
 .text.HAL_IncTick
                0x00000000080063d4       0x18 build/stm32h7xx_hal.o
                0x00000000080063d4                HAL_IncTick
 .text.HAL_GetTick
                0x00000000080063ec        0xc build/stm32h7xx_hal.o
                0x00000000080063ec                HAL_GetTick
 .text.HAL_Delay
                0x00000000080063f8       0x28 build/stm32h7xx_hal.o
                0x00000000080063f8                HAL_Delay
 .text.HAL_EnableCompensationCell
                0x0000000008006420       0x10 build/stm32h7xx_hal.o
                0x0000000008006420                HAL_EnableCompensationCell
 .text.SDMMC_GetCmdError
                0x0000000008006430       0x3c build/stm32h7xx_ll_sdmmc.o
 .text.SDMMC_GetCmdResp2
                0x000000000800646c       0x64 build/stm32h7xx_ll_sdmmc.o
 .text.SDMMC_GetCmdResp3
                0x00000000080064d0       0x54 build/stm32h7xx_ll_sdmmc.o
 .text.SDMMC_GetCmdResp7
                0x0000000008006524       0x6c build/stm32h7xx_ll_sdmmc.o
 .text.SDMMC_Init
                0x0000000008006590       0x34 build/stm32h7xx_ll_sdmmc.o
                0x0000000008006590                SDMMC_Init
 .text.SDMMC_ReadFIFO
                0x00000000080065c4        0x6 build/stm32h7xx_ll_sdmmc.o
                0x00000000080065c4                SDMMC_ReadFIFO
 .text.SDMMC_PowerState_ON
                0x00000000080065ca        0xc build/stm32h7xx_ll_sdmmc.o
                0x00000000080065ca                SDMMC_PowerState_ON
 .text.SDMMC_GetPowerState
                0x00000000080065d6        0x8 build/stm32h7xx_ll_sdmmc.o
                0x00000000080065d6                SDMMC_GetPowerState
 *fill*         0x00000000080065de        0x2 
 .text.SDMMC_SendCommand
                0x00000000080065e0       0x24 build/stm32h7xx_ll_sdmmc.o
                0x00000000080065e0                SDMMC_SendCommand
 .text.SDMMC_GetCommandResponse
                0x0000000008006604        0x6 build/stm32h7xx_ll_sdmmc.o
                0x0000000008006604                SDMMC_GetCommandResponse
 .text.SDMMC_GetResponse
                0x000000000800660a        0x6 build/stm32h7xx_ll_sdmmc.o
                0x000000000800660a                SDMMC_GetResponse
 .text.SDMMC_GetCmdResp1
                0x0000000008006610      0x164 build/stm32h7xx_ll_sdmmc.o
 .text.SDMMC_GetCmdResp6
                0x0000000008006774       0xa8 build/stm32h7xx_ll_sdmmc.o
 .text.SDMMC_ConfigData
                0x000000000800681c       0x24 build/stm32h7xx_ll_sdmmc.o
                0x000000000800681c                SDMMC_ConfigData
 .text.SDMMC_CmdBlockLength
                0x0000000008006840       0x32 build/stm32h7xx_ll_sdmmc.o
                0x0000000008006840                SDMMC_CmdBlockLength
 .text.SDMMC_CmdReadSingleBlock
                0x0000000008006872       0x32 build/stm32h7xx_ll_sdmmc.o
                0x0000000008006872                SDMMC_CmdReadSingleBlock
 .text.SDMMC_CmdReadMultiBlock
                0x00000000080068a4       0x32 build/stm32h7xx_ll_sdmmc.o
                0x00000000080068a4                SDMMC_CmdReadMultiBlock
 .text.SDMMC_CmdWriteSingleBlock
                0x00000000080068d6       0x32 build/stm32h7xx_ll_sdmmc.o
                0x00000000080068d6                SDMMC_CmdWriteSingleBlock
 .text.SDMMC_CmdWriteMultiBlock
                0x0000000008006908       0x32 build/stm32h7xx_ll_sdmmc.o
                0x0000000008006908                SDMMC_CmdWriteMultiBlock
 .text.SDMMC_CmdSelDesel
                0x000000000800693a       0x32 build/stm32h7xx_ll_sdmmc.o
                0x000000000800693a                SDMMC_CmdSelDesel
 .text.SDMMC_CmdGoIdleState
                0x000000000800696c       0x26 build/stm32h7xx_ll_sdmmc.o
                0x000000000800696c                SDMMC_CmdGoIdleState
 .text.SDMMC_CmdOperCond
                0x0000000008006992       0x30 build/stm32h7xx_ll_sdmmc.o
                0x0000000008006992                SDMMC_CmdOperCond
 .text.SDMMC_CmdAppCommand
                0x00000000080069c2       0x32 build/stm32h7xx_ll_sdmmc.o
                0x00000000080069c2                SDMMC_CmdAppCommand
 .text.SDMMC_CmdAppOperCommand
                0x00000000080069f4       0x2c build/stm32h7xx_ll_sdmmc.o
                0x00000000080069f4                SDMMC_CmdAppOperCommand
 .text.SDMMC_CmdBusWidth
                0x0000000008006a20       0x32 build/stm32h7xx_ll_sdmmc.o
                0x0000000008006a20                SDMMC_CmdBusWidth
 .text.SDMMC_CmdSendSCR
                0x0000000008006a52       0x32 build/stm32h7xx_ll_sdmmc.o
                0x0000000008006a52                SDMMC_CmdSendSCR
 .text.SDMMC_CmdSendCID
                0x0000000008006a84       0x2c build/stm32h7xx_ll_sdmmc.o
                0x0000000008006a84                SDMMC_CmdSendCID
 .text.SDMMC_CmdSendCSD
                0x0000000008006ab0       0x2c build/stm32h7xx_ll_sdmmc.o
                0x0000000008006ab0                SDMMC_CmdSendCSD
 .text.SDMMC_CmdSetRelAdd
                0x0000000008006adc       0x32 build/stm32h7xx_ll_sdmmc.o
                0x0000000008006adc                SDMMC_CmdSetRelAdd
 .text.SDMMC_CmdSendStatus
                0x0000000008006b0e       0x32 build/stm32h7xx_ll_sdmmc.o
                0x0000000008006b0e                SDMMC_CmdSendStatus
 .text.SDMMC_CmdStatusRegister
                0x0000000008006b40       0x32 build/stm32h7xx_ll_sdmmc.o
                0x0000000008006b40                SDMMC_CmdStatusRegister
 .text.SDMMC_CmdVoltageSwitch
                0x0000000008006b72       0x32 build/stm32h7xx_ll_sdmmc.o
                0x0000000008006b72                SDMMC_CmdVoltageSwitch
 .text.SD_SendSDStatus
                0x0000000008006ba4      0x110 build/stm32h7xx_hal_sd.o
 .text.SD_FindSCR
                0x0000000008006cb4      0x114 build/stm32h7xx_hal_sd.o
 .text.SD_WideBus_Enable
                0x0000000008006dc8       0x56 build/stm32h7xx_hal_sd.o
 .text.SD_WideBus_Disable
                0x0000000008006e1e       0x56 build/stm32h7xx_hal_sd.o
 .text.SD_SendStatus
                0x0000000008006e74       0x2c build/stm32h7xx_hal_sd.o
 .text.HAL_SD_ReadBlocks_DMA
                0x0000000008006ea0       0xdc build/stm32h7xx_hal_sd.o
                0x0000000008006ea0                HAL_SD_ReadBlocks_DMA
 .text.HAL_SD_WriteBlocks_DMA
                0x0000000008006f7c       0xd8 build/stm32h7xx_hal_sd.o
                0x0000000008006f7c                HAL_SD_WriteBlocks_DMA
 .text.HAL_SD_DriveTransceiver_1_8V_Callback
                0x0000000008007054        0x2 build/stm32h7xx_hal_sd.o
                0x0000000008007054                HAL_SD_DriveTransceiver_1_8V_Callback
 *fill*         0x0000000008007056        0x2 
 .text.SD_PowerON
                0x0000000008007058      0x16c build/stm32h7xx_hal_sd.o
 .text.HAL_SD_GetCardCSD
                0x00000000080071c4      0x1bc build/stm32h7xx_hal_sd.o
                0x00000000080071c4                HAL_SD_GetCardCSD
 .text.SD_InitCard
                0x0000000008007380       0xe0 build/stm32h7xx_hal_sd.o
 .text.HAL_SD_InitCard
                0x0000000008007460       0xd4 build/stm32h7xx_hal_sd.o
                0x0000000008007460                HAL_SD_InitCard
 .text.HAL_SD_GetCardStatus
                0x0000000008007534       0xc0 build/stm32h7xx_hal_sd.o
                0x0000000008007534                HAL_SD_GetCardStatus
 .text.HAL_SD_GetCardInfo
                0x00000000080075f4       0x24 build/stm32h7xx_hal_sd.o
                0x00000000080075f4                HAL_SD_GetCardInfo
 .text.HAL_SD_ConfigWideBusOperation
                0x0000000008007618       0xdc build/stm32h7xx_hal_sd.o
                0x0000000008007618                HAL_SD_ConfigWideBusOperation
 .text.HAL_SD_GetCardState
                0x00000000080076f4       0x26 build/stm32h7xx_hal_sd.o
                0x00000000080076f4                HAL_SD_GetCardState
 .text.HAL_SD_Init
                0x000000000800771a       0xc2 build/stm32h7xx_hal_sd.o
                0x000000000800771a                HAL_SD_Init
 .text.TIM_OC1_SetConfig
                0x00000000080077dc       0xa4 build/stm32h7xx_hal_tim.o
 .text.TIM_OC3_SetConfig
                0x0000000008007880       0x90 build/stm32h7xx_hal_tim.o
 .text.TIM_OC4_SetConfig
                0x0000000008007910       0x70 build/stm32h7xx_hal_tim.o
 .text.TIM_OC5_SetConfig
                0x0000000008007980       0x70 build/stm32h7xx_hal_tim.o
 .text.TIM_OC6_SetConfig
                0x00000000080079f0       0x70 build/stm32h7xx_hal_tim.o
 .text.TIM_TI1_ConfigInputStage
                0x0000000008007a60       0x26 build/stm32h7xx_hal_tim.o
 .text.TIM_TI2_ConfigInputStage
                0x0000000008007a86       0x28 build/stm32h7xx_hal_tim.o
 *fill*         0x0000000008007aae        0x2 
 .text.TIM_ITRx_SetConfig
                0x0000000008007ab0       0x14 build/stm32h7xx_hal_tim.o
 .text.HAL_TIM_PWM_MspInit
                0x0000000008007ac4        0x2 build/stm32h7xx_hal_tim.o
                0x0000000008007ac4                HAL_TIM_PWM_MspInit
 *fill*         0x0000000008007ac6        0x2 
 .text.TIM_Base_SetConfig
                0x0000000008007ac8      0x11c build/stm32h7xx_hal_tim.o
                0x0000000008007ac8                TIM_Base_SetConfig
 .text.HAL_TIM_Base_Init
                0x0000000008007be4       0x5e build/stm32h7xx_hal_tim.o
                0x0000000008007be4                HAL_TIM_Base_Init
 .text.HAL_TIM_PWM_Init
                0x0000000008007c42       0x5e build/stm32h7xx_hal_tim.o
                0x0000000008007c42                HAL_TIM_PWM_Init
 .text.TIM_OC2_SetConfig
                0x0000000008007ca0       0x94 build/stm32h7xx_hal_tim.o
                0x0000000008007ca0                TIM_OC2_SetConfig
 .text.HAL_TIM_PWM_ConfigChannel
                0x0000000008007d34      0x128 build/stm32h7xx_hal_tim.o
                0x0000000008007d34                HAL_TIM_PWM_ConfigChannel
 .text.TIM_ETR_SetConfig
                0x0000000008007e5c       0x18 build/stm32h7xx_hal_tim.o
                0x0000000008007e5c                TIM_ETR_SetConfig
 .text.HAL_TIM_ConfigClockSource
                0x0000000008007e74      0x100 build/stm32h7xx_hal_tim.o
                0x0000000008007e74                HAL_TIM_ConfigClockSource
 .text.TIM_CCxChannelCmd
                0x0000000008007f74       0x22 build/stm32h7xx_hal_tim.o
                0x0000000008007f74                TIM_CCxChannelCmd
 *fill*         0x0000000008007f96        0x2 
 .text.HAL_TIM_PWM_Start
                0x0000000008007f98      0x128 build/stm32h7xx_hal_tim.o
                0x0000000008007f98                HAL_TIM_PWM_Start
 .text.HAL_TIMEx_MasterConfigSynchronization
                0x00000000080080c0       0xb0 build/stm32h7xx_hal_tim_ex.o
                0x00000000080080c0                HAL_TIMEx_MasterConfigSynchronization
 .text.LTDC_SetConfig
                0x0000000008008170      0x194 build/stm32h7xx_hal_ltdc.o
 .text.HAL_LTDC_Init
                0x0000000008008304       0xf4 build/stm32h7xx_hal_ltdc.o
                0x0000000008008304                HAL_LTDC_Init
 .text.HAL_LTDC_ConfigLayer
                0x00000000080083f8       0x5c build/stm32h7xx_hal_ltdc.o
                0x00000000080083f8                HAL_LTDC_ConfigLayer
 .text.HAL_LTDC_ConfigCLUT
                0x0000000008008454       0x7c build/stm32h7xx_hal_ltdc.o
                0x0000000008008454                HAL_LTDC_ConfigCLUT
 .text.HAL_LTDC_EnableCLUT
                0x00000000080084d0       0x3c build/stm32h7xx_hal_ltdc.o
                0x00000000080084d0                HAL_LTDC_EnableCLUT
 .text.SystemInit
                0x000000000800850c       0xb4 build/system_stm32h7xx.o
                0x000000000800850c                SystemInit
 .text.MX_GPIO_Init
                0x00000000080085c0      0x1d4 build/gpio.o
                0x00000000080085c0                MX_GPIO_Init
 .text.HAL_TIM_Base_MspInit
                0x0000000008008794       0x30 build/tim.o
                0x0000000008008794                HAL_TIM_Base_MspInit
 .text.HAL_TIM_MspPostInit
                0x00000000080087c4       0x58 build/tim.o
                0x00000000080087c4                HAL_TIM_MspPostInit
 .text.MX_TIM2_Init
                0x000000000800881c       0xb4 build/tim.o
                0x000000000800881c                MX_TIM2_Init
 .text.MX_LTDC_Init
                0x00000000080088d0       0xe8 build/ltdc_mod.o
                0x00000000080088d0                MX_LTDC_Init
 .text.HAL_LTDC_MspInit
                0x00000000080089b8      0x154 build/ltdc_mod.o
                0x00000000080089b8                HAL_LTDC_MspInit
 .text.MX_FATFS_Init
                0x0000000008008b0c       0x1c build/fatfs.o
                0x0000000008008b0c                MX_FATFS_Init
 .text.get_fattime
                0x0000000008008b28        0x4 build/fatfs.o
                0x0000000008008b28                get_fattime
 .text.BSP_SD_ReadBlocks_DMA
                0x0000000008008b2c       0x18 build/bsp_driver_sd.o
                0x0000000008008b2c                BSP_SD_ReadBlocks_DMA
 .text.BSP_SD_WriteBlocks_DMA
                0x0000000008008b44       0x18 build/bsp_driver_sd.o
                0x0000000008008b44                BSP_SD_WriteBlocks_DMA
 .text.BSP_SD_GetCardState
                0x0000000008008b5c       0x14 build/bsp_driver_sd.o
                0x0000000008008b5c                BSP_SD_GetCardState
 .text.BSP_SD_GetCardInfo
                0x0000000008008b70       0x10 build/bsp_driver_sd.o
                0x0000000008008b70                BSP_SD_GetCardInfo
 .text.BSP_SD_IsDetected
                0x0000000008008b80       0x20 build/bsp_driver_sd.o
                0x0000000008008b80                BSP_SD_IsDetected
 .text.BSP_SD_Init
                0x0000000008008ba0       0x34 build/bsp_driver_sd.o
                0x0000000008008ba0                BSP_SD_Init
 .text.SD_CheckStatus
                0x0000000008008bd4       0x24 build/sd_diskio.o
 .text.SD_initialize
                0x0000000008008bf8       0x20 build/sd_diskio.o
                0x0000000008008bf8                SD_initialize
 .text.SD_status
                0x0000000008008c18        0x8 build/sd_diskio.o
                0x0000000008008c18                SD_status
 .text.SD_CheckStatusWithTimeout
                0x0000000008008c20       0x26 build/sd_diskio.o
 *fill*         0x0000000008008c46        0x2 
 .text.SD_read  0x0000000008008c48       0x80 build/sd_diskio.o
                0x0000000008008c48                SD_read
 .text.SD_write
                0x0000000008008cc8       0x80 build/sd_diskio.o
                0x0000000008008cc8                SD_write
 .text.SD_ioctl
                0x0000000008008d48       0x5c build/sd_diskio.o
                0x0000000008008d48                SD_ioctl
 .text.BSP_PlatformIsDetected
                0x0000000008008da4       0x18 build/fatfs_platform.o
                0x0000000008008da4                BSP_PlatformIsDetected
 .text.disk_status
                0x0000000008008dbc       0x18 build/diskio.o
                0x0000000008008dbc                disk_status
 .text.disk_initialize
                0x0000000008008dd4       0x28 build/diskio.o
                0x0000000008008dd4                disk_initialize
 .text.disk_read
                0x0000000008008dfc       0x18 build/diskio.o
                0x0000000008008dfc                disk_read
 .text.disk_write
                0x0000000008008e14       0x18 build/diskio.o
                0x0000000008008e14                disk_write
 .text.ld_word  0x0000000008008e2c        0xa build/ff.o
 .text.ld_dword
                0x0000000008008e36       0x16 build/ff.o
 .text.st_word  0x0000000008008e4c        0x8 build/ff.o
 .text.st_dword
                0x0000000008008e54       0x14 build/ff.o
 .text.mem_cpy  0x0000000008008e68       0x12 build/ff.o
 .text.mem_set  0x0000000008008e7a        0xa build/ff.o
 .text.mem_cmp  0x0000000008008e84       0x1e build/ff.o
 .text.chk_chr  0x0000000008008ea2       0x10 build/ff.o
 *fill*         0x0000000008008eb2        0x2 
 .text.chk_lock
                0x0000000008008eb4       0x74 build/ff.o
 .text.enq_lock
                0x0000000008008f28       0x20 build/ff.o
 .text.inc_lock
                0x0000000008008f48       0xa4 build/ff.o
 .text.clear_lock
                0x0000000008008fec       0x3c build/ff.o
 .text.clust2sect
                0x0000000008009028       0x18 build/ff.o
 .text.ld_clust
                0x0000000008009040       0x26 build/ff.o
 .text.st_clust
                0x0000000008009066       0x26 build/ff.o
 .text.create_name
                0x000000000800908c       0xd4 build/ff.o
 .text.get_ldnumber
                0x0000000008009160       0x4e build/ff.o
 .text.sync_window
                0x00000000080091ae       0x54 build/ff.o
 .text.move_window
                0x0000000008009202       0x34 build/ff.o
 *fill*         0x0000000008009236        0x2 
 .text.check_fs
                0x0000000008009238       0x7c build/ff.o
 .text.find_volume
                0x00000000080092b4      0x304 build/ff.o
 .text.put_fat  0x00000000080095b8      0x10a build/ff.o
 .text.get_fat  0x00000000080096c2       0xd0 build/ff.o
 .text.dir_sdi  0x0000000008009792       0xa2 build/ff.o
 .text.create_chain
                0x0000000008009834       0xce build/ff.o
 .text.remove_chain
                0x0000000008009902       0x88 build/ff.o
 .text.dir_next
                0x000000000800998a      0x10c build/ff.o
 .text.dir_find
                0x0000000008009a96       0x5a build/ff.o
 .text.follow_path
                0x0000000008009af0       0x8c build/ff.o
 .text.dir_alloc
                0x0000000008009b7c       0x4e build/ff.o
 .text.dir_register
                0x0000000008009bca       0x3e build/ff.o
 .text.f_mount  0x0000000008009c08       0x64 build/ff.o
                0x0000000008009c08                f_mount
 .text.f_open   0x0000000008009c6c      0x23c build/ff.o
                0x0000000008009c6c                f_open
 .text.FATFS_LinkDriverEx
                0x0000000008009ea8       0x48 build/ff_gen_drv.o
                0x0000000008009ea8                FATFS_LinkDriverEx
 .text.FATFS_LinkDriver
                0x0000000008009ef0        0xa build/ff_gen_drv.o
                0x0000000008009ef0                FATFS_LinkDriver
 *fill*         0x0000000008009efa        0x2 
 .text.FATFS_GetAttachedDriversNbr
                0x0000000008009efc        0xc build/ff_gen_drv.o
                0x0000000008009efc                FATFS_GetAttachedDriversNbr
 .text.MX_SDMMC1_SD_Init
                0x0000000008009f08       0x28 build/sdmmc.o
                0x0000000008009f08                MX_SDMMC1_SD_Init
 .text.HAL_SD_MspInit
                0x0000000008009f30       0xac build/sdmmc.o
                0x0000000008009f30                HAL_SD_MspInit
 .text.hagl_set_clip_window
                0x0000000008009fdc       0x18 build/hagl.o
                0x0000000008009fdc                hagl_set_clip_window
 .text.hagl_put_pixel
                0x0000000008009ff4       0x30 build/hagl.o
                0x0000000008009ff4                hagl_put_pixel
 .text.hagl_fill_rectangle
                0x000000000800a024       0x78 build/hagl.o
                0x000000000800a024                hagl_fill_rectangle
 .text.hagl_blit
                0x000000000800a09c       0x74 build/hagl.o
                0x000000000800a09c                hagl_blit
 .text.hagl_put_char
                0x000000000800a110       0xa2 build/hagl.o
                0x000000000800a110                hagl_put_char
 .text.hagl_put_text
                0x000000000800a1b2       0x60 build/hagl.o
                0x000000000800a1b2                hagl_put_text
 *fill*         0x000000000800a212        0x2 
 .text.hagl_clear_screen
                0x000000000800a214       0x44 build/hagl.o
                0x000000000800a214                hagl_clear_screen
 .text.hagl_hal_put_pixel
                0x000000000800a258       0x14 build/hagl_hal.o
                0x000000000800a258                hagl_hal_put_pixel
 .text.hagl_hal_fill_rectangle
                0x000000000800a26c       0x8c build/hagl_hal.o
                0x000000000800a26c                hagl_hal_fill_rectangle
 .text.hagl_hal_blit
                0x000000000800a2f8       0x84 build/hagl_hal.o
                0x000000000800a2f8                hagl_hal_blit
 .text.bitmap_init
                0x000000000800a37c       0x1a build/bitmap.o
                0x000000000800a37c                bitmap_init
 .text.fontx_meta
                0x000000000800a396       0x1c build/fontx.o
                0x000000000800a396                fontx_meta
 .text.fontx_glyph
                0x000000000800a3b2       0xbc build/fontx.o
                0x000000000800a3b2                fontx_glyph
 *fill*         0x000000000800a46e        0x2 
 .text.Reset_Handler
                0x000000000800a470       0x50 build/startup_stm32h723xx.o
                0x000000000800a470                Reset_Handler
 .text.Default_Handler
                0x000000000800a4c0        0x2 build/startup_stm32h723xx.o
                0x000000000800a4c0                RTC_Alarm_IRQHandler
                0x000000000800a4c0                EXTI2_IRQHandler
                0x000000000800a4c0                TIM8_CC_IRQHandler
                0x000000000800a4c0                UART8_IRQHandler
                0x000000000800a4c0                SPI4_IRQHandler
                0x000000000800a4c0                FDCAN3_IT0_IRQHandler
                0x000000000800a4c0                TIM1_CC_IRQHandler
                0x000000000800a4c0                BDMA_Channel6_IRQHandler
                0x000000000800a4c0                DMA2_Stream5_IRQHandler
                0x000000000800a4c0                DMA1_Stream5_IRQHandler
                0x000000000800a4c0                CORDIC_IRQHandler
                0x000000000800a4c0                BDMA_Channel1_IRQHandler
                0x000000000800a4c0                TAMP_STAMP_IRQHandler
                0x000000000800a4c0                EXTI3_IRQHandler
                0x000000000800a4c0                LPTIM4_IRQHandler
                0x000000000800a4c0                TIM8_TRG_COM_TIM14_IRQHandler
                0x000000000800a4c0                LPTIM2_IRQHandler
                0x000000000800a4c0                DFSDM1_FLT1_IRQHandler
                0x000000000800a4c0                DMAMUX2_OVR_IRQHandler
                0x000000000800a4c0                TIM8_UP_TIM13_IRQHandler
                0x000000000800a4c0                I2C3_ER_IRQHandler
                0x000000000800a4c0                DFSDM1_FLT2_IRQHandler
                0x000000000800a4c0                I2C5_EV_IRQHandler
                0x000000000800a4c0                USART10_IRQHandler
                0x000000000800a4c0                MDMA_IRQHandler
                0x000000000800a4c0                LPTIM3_IRQHandler
                0x000000000800a4c0                HSEM1_IRQHandler
                0x000000000800a4c0                EXTI0_IRQHandler
                0x000000000800a4c0                I2C2_EV_IRQHandler
                0x000000000800a4c0                DMA1_Stream2_IRQHandler
                0x000000000800a4c0                FPU_IRQHandler
                0x000000000800a4c0                OTG_HS_WKUP_IRQHandler
                0x000000000800a4c0                FDCAN1_IT1_IRQHandler
                0x000000000800a4c0                LTDC_ER_IRQHandler
                0x000000000800a4c0                DMA2_Stream2_IRQHandler
                0x000000000800a4c0                SPI1_IRQHandler
                0x000000000800a4c0                OCTOSPI1_IRQHandler
                0x000000000800a4c0                TIM6_DAC_IRQHandler
                0x000000000800a4c0                DMA2_Stream3_IRQHandler
                0x000000000800a4c0                OCTOSPI2_IRQHandler
                0x000000000800a4c0                DFSDM1_FLT3_IRQHandler
                0x000000000800a4c0                TIM23_IRQHandler
                0x000000000800a4c0                USART6_IRQHandler
                0x000000000800a4c0                TIM17_IRQHandler
                0x000000000800a4c0                USART3_IRQHandler
                0x000000000800a4c0                BDMA_Channel7_IRQHandler
                0x000000000800a4c0                LPTIM5_IRQHandler
                0x000000000800a4c0                UART5_IRQHandler
                0x000000000800a4c0                ADC3_IRQHandler
                0x000000000800a4c0                DMA2_Stream0_IRQHandler
                0x000000000800a4c0                TIM4_IRQHandler
                0x000000000800a4c0                BDMA_Channel2_IRQHandler
                0x000000000800a4c0                I2C1_EV_IRQHandler
                0x000000000800a4c0                DMA1_Stream6_IRQHandler
                0x000000000800a4c0                DMAMUX1_OVR_IRQHandler
                0x000000000800a4c0                DMA1_Stream1_IRQHandler
                0x000000000800a4c0                TIM16_IRQHandler
                0x000000000800a4c0                UART4_IRQHandler
                0x000000000800a4c0                BDMA_Channel5_IRQHandler
                0x000000000800a4c0                TIM3_IRQHandler
                0x000000000800a4c0                RCC_IRQHandler
                0x000000000800a4c0                UART9_IRQHandler
                0x000000000800a4c0                TIM8_BRK_TIM12_IRQHandler
                0x000000000800a4c0                TIM1_TRG_COM_IRQHandler
                0x000000000800a4c0                Default_Handler
                0x000000000800a4c0                ECC_IRQHandler
                0x000000000800a4c0                FMAC_IRQHandler
                0x000000000800a4c0                CEC_IRQHandler
                0x000000000800a4c0                EXTI15_10_IRQHandler
                0x000000000800a4c0                BDMA_Channel0_IRQHandler
                0x000000000800a4c0                ADC_IRQHandler
                0x000000000800a4c0                I2C5_ER_IRQHandler
                0x000000000800a4c0                DMA1_Stream7_IRQHandler
                0x000000000800a4c0                SPI5_IRQHandler
                0x000000000800a4c0                TIM7_IRQHandler
                0x000000000800a4c0                FDCAN3_IT1_IRQHandler
                0x000000000800a4c0                SDMMC1_IRQHandler
                0x000000000800a4c0                TIM5_IRQHandler
                0x000000000800a4c0                DMA2_Stream7_IRQHandler
                0x000000000800a4c0                TIM15_IRQHandler
                0x000000000800a4c0                PVD_AVD_IRQHandler
                0x000000000800a4c0                I2C3_EV_IRQHandler
                0x000000000800a4c0                EXTI9_5_IRQHandler
                0x000000000800a4c0                RTC_WKUP_IRQHandler
                0x000000000800a4c0                LTDC_IRQHandler
                0x000000000800a4c0                ETH_WKUP_IRQHandler
                0x000000000800a4c0                SPDIF_RX_IRQHandler
                0x000000000800a4c0                SPI2_IRQHandler
                0x000000000800a4c0                OTG_HS_EP1_IN_IRQHandler
                0x000000000800a4c0                DMA1_Stream0_IRQHandler
                0x000000000800a4c0                TIM24_IRQHandler
                0x000000000800a4c0                CRS_IRQHandler
                0x000000000800a4c0                EXTI4_IRQHandler
                0x000000000800a4c0                RNG_IRQHandler
                0x000000000800a4c0                FDCAN2_IT1_IRQHandler
                0x000000000800a4c0                ETH_IRQHandler
                0x000000000800a4c0                TIM1_UP_IRQHandler
                0x000000000800a4c0                BDMA_Channel4_IRQHandler
                0x000000000800a4c0                OTG_HS_EP1_OUT_IRQHandler
                0x000000000800a4c0                WWDG_IRQHandler
                0x000000000800a4c0                SPI6_IRQHandler
                0x000000000800a4c0                MDIOS_IRQHandler
                0x000000000800a4c0                I2C4_EV_IRQHandler
                0x000000000800a4c0                FDCAN2_IT0_IRQHandler
                0x000000000800a4c0                LPUART1_IRQHandler
                0x000000000800a4c0                FDCAN1_IT0_IRQHandler
                0x000000000800a4c0                TIM2_IRQHandler
                0x000000000800a4c0                OTG_HS_IRQHandler
                0x000000000800a4c0                DMA2D_IRQHandler
                0x000000000800a4c0                TIM1_BRK_IRQHandler
                0x000000000800a4c0                EXTI1_IRQHandler
                0x000000000800a4c0                SDMMC2_IRQHandler
                0x000000000800a4c0                BDMA_Channel3_IRQHandler
                0x000000000800a4c0                DTS_IRQHandler
                0x000000000800a4c0                UART7_IRQHandler
                0x000000000800a4c0                MDIOS_WKUP_IRQHandler
                0x000000000800a4c0                USART2_IRQHandler
                0x000000000800a4c0                DFSDM1_FLT0_IRQHandler
                0x000000000800a4c0                SAI4_IRQHandler
                0x000000000800a4c0                I2C2_ER_IRQHandler
                0x000000000800a4c0                DMA2_Stream1_IRQHandler
                0x000000000800a4c0                FLASH_IRQHandler
                0x000000000800a4c0                DMA2_Stream4_IRQHandler
                0x000000000800a4c0                USART1_IRQHandler
                0x000000000800a4c0                SPI3_IRQHandler
                0x000000000800a4c0                WAKEUP_PIN_IRQHandler
                0x000000000800a4c0                DMA1_Stream4_IRQHandler
                0x000000000800a4c0                I2C1_ER_IRQHandler
                0x000000000800a4c0                FMC_IRQHandler
                0x000000000800a4c0                FDCAN_CAL_IRQHandler
                0x000000000800a4c0                SWPMI1_IRQHandler
                0x000000000800a4c0                COMP1_IRQHandler
                0x000000000800a4c0                LPTIM1_IRQHandler
                0x000000000800a4c0                DCMI_PSSI_IRQHandler
                0x000000000800a4c0                I2C4_ER_IRQHandler
                0x000000000800a4c0                DMA2_Stream6_IRQHandler
                0x000000000800a4c0                SAI1_IRQHandler
                0x000000000800a4c0                DMA1_Stream3_IRQHandler
 *(.glue_7)
 .glue_7        0x000000000800a4c2        0x0 linker stubs
 *(.glue_7t)
 .glue_7t       0x000000000800a4c2        0x0 linker stubs
 *(.eh_frame)
 *fill*         0x000000000800a4c2        0x2 
 .eh_frame      0x000000000800a4c4        0x0 /usr/lib/gcc/arm-none-eabi/7.3.1/thumb/v7e-m/fpv5/hard/crtbegin.o
 *(.init)
 .init          0x000000000800a4c4        0x4 /usr/lib/gcc/arm-none-eabi/7.3.1/thumb/v7e-m/fpv5/hard/crti.o
                0x000000000800a4c4                _init
 .init          0x000000000800a4c8        0x8 /usr/lib/gcc/arm-none-eabi/7.3.1/thumb/v7e-m/fpv5/hard/crtn.o
 *(.fini)
 .fini          0x000000000800a4d0        0x4 /usr/lib/gcc/arm-none-eabi/7.3.1/thumb/v7e-m/fpv5/hard/crti.o
                0x000000000800a4d0                _fini
 .fini          0x000000000800a4d4        0x8 /usr/lib/gcc/arm-none-eabi/7.3.1/thumb/v7e-m/fpv5/hard/crtn.o
                0x000000000800a4dc                . = ALIGN (0x4)
                0x000000000800a4dc                _etext = .

.vfp11_veneer   0x000000000800a4dc        0x0
 .vfp11_veneer  0x000000000800a4dc        0x0 linker stubs

.v4_bx          0x000000000800a4dc        0x0
 .v4_bx         0x000000000800a4dc        0x0 linker stubs

.iplt           0x000000000800a4dc        0x0
 .iplt          0x000000000800a4dc        0x0 /usr/lib/gcc/arm-none-eabi/7.3.1/thumb/v7e-m/fpv5/hard/crtbegin.o

.rodata         0x000000000800a4e0    0x2ac54
                0x000000000800a4e0                . = ALIGN (0x4)
 *(.rodata)
 .rodata        0x000000000800a4e0       0x60 /usr/lib/gcc/arm-none-eabi/7.3.1/../../../arm-none-eabi/lib/thumb/v7e-m/fpv5/hard/libc_nano.a(lib_a-findfp.o)
                0x000000000800a4e0                __sf_fake_stderr
                0x000000000800a500                __sf_fake_stdout
                0x000000000800a520                __sf_fake_stdin
 .rodata        0x000000000800a540       0x80 /usr/lib/gcc/arm-none-eabi/7.3.1/../../../arm-none-eabi/lib/thumb/v7e-m/fpv5/hard/libc_nano.a(lib_a-svfwprintf.o)
 .rodata        0x000000000800a5c0      0x128 /usr/lib/gcc/arm-none-eabi/7.3.1/../../../arm-none-eabi/lib/thumb/v7e-m/fpv5/hard/libc_nano.a(lib_a-mprec.o)
                0x000000000800a5d0                __mprec_tens
                0x000000000800a698                __mprec_tinytens
                0x000000000800a6c0                __mprec_bigtens
 .rodata        0x000000000800a6e8      0x101 /usr/lib/gcc/arm-none-eabi/7.3.1/../../../arm-none-eabi/lib/thumb/v7e-m/fpv5/hard/libc_nano.a(lib_a-ctype_.o)
                0x000000000800a6e8                _ctype_
 *(.rodata*)
 *fill*         0x000000000800a7e9        0x3 
 .rodata.font9x18
                0x000000000800a7ec    0x2a206 build/main.o
                0x000000000800a7ec                font9x18
 *fill*         0x00000000080349f2        0x2 
 .rodata.main.str1.4
                0x00000000080349f4       0x15 build/main.o
 *fill*         0x0000000008034a09        0x3 
 .rodata.main.str4.4
                0x0000000008034a0c      0x128 build/main.o
 .rodata.D1CorePrescTable
                0x0000000008034b34       0x10 build/system_stm32h7xx.o
                0x0000000008034b34                D1CorePrescTable
 .rodata.L8_320x240_CLUT
                0x0000000008034b44      0x400 build/ltdc_mod.o
                0x0000000008034b44                L8_320x240_CLUT
 .rodata.SD_Driver
                0x0000000008034f44       0x14 build/sd_diskio.o
                0x0000000008034f44                SD_Driver
 .rodata.ExCvt  0x0000000008034f58       0x80 build/ff.o
 .rodata.create_name.str1.4
                0x0000000008034fd8        0xf build/ff.o
 *fill*         0x0000000008034fe7        0x1 
 .rodata.str4.4
                0x0000000008034fe8       0xec /usr/lib/gcc/arm-none-eabi/7.3.1/../../../arm-none-eabi/lib/thumb/v7e-m/fpv5/hard/libc_nano.a(lib_a-svfwprintf.o)
 .rodata.str1.4
                0x00000000080350d4       0x12 /usr/lib/gcc/arm-none-eabi/7.3.1/../../../arm-none-eabi/lib/thumb/v7e-m/fpv5/hard/libc_nano.a(lib_a-dtoa.o)
 *fill*         0x00000000080350e6        0x2 
 .rodata.str1.4
                0x00000000080350e8        0xe /usr/lib/gcc/arm-none-eabi/7.3.1/../../../arm-none-eabi/lib/thumb/v7e-m/fpv5/hard/libc_nano.a(lib_a-locale.o)
                                         0x12 (size before relaxing)
 *fill*         0x00000000080350f6        0x2 
 .rodata.str1.4
                0x00000000080350f8       0x13 /usr/lib/gcc/arm-none-eabi/7.3.1/../../../arm-none-eabi/lib/thumb/v7e-m/fpv5/hard/libc_nano.a(lib_a-nano-svfprintf.o)
 *fill*         0x000000000803510b        0x1 
 .rodata.str1.4
                0x000000000803510c       0x28 /usr/lib/gcc/arm-none-eabi/7.3.1/../../../arm-none-eabi/lib/thumb/v7e-m/fpv5/hard/libc_nano.a(lib_a-nano-vfprintf_i.o)
                                         0x25 (size before relaxing)
                0x0000000008035134                . = ALIGN (0x4)

.rel.dyn        0x0000000008035134        0x0
 .rel.iplt      0x0000000008035134        0x0 /usr/lib/gcc/arm-none-eabi/7.3.1/thumb/v7e-m/fpv5/hard/crtbegin.o

.ARM.extab
 *(.ARM.extab* .gnu.linkonce.armextab.*)

.ARM            0x0000000008035134        0x0
                0x0000000008035134                __exidx_start = .
 *(.ARM.exidx*)
                0x0000000008035134                __exidx_end = .

.preinit_array  0x0000000008035134        0x0
                0x0000000008035134                PROVIDE (__preinit_array_start = .)
 *(.preinit_array*)
                0x0000000008035134                PROVIDE (__preinit_array_end = .)

.init_array     0x0000000008035134        0x4
                0x0000000008035134                PROVIDE (__init_array_start = .)
 *(SORT_BY_NAME(.init_array.*))
 *(.init_array*)
 .init_array    0x0000000008035134        0x4 /usr/lib/gcc/arm-none-eabi/7.3.1/thumb/v7e-m/fpv5/hard/crtbegin.o
                0x0000000008035138                PROVIDE (__init_array_end = .)

.fini_array     0x0000000008035138        0x4
                0x0000000008035138                PROVIDE (__fini_array_start = .)
 *(SORT_BY_NAME(.fini_array.*))
 *(.fini_array*)
 .fini_array    0x0000000008035138        0x4 /usr/lib/gcc/arm-none-eabi/7.3.1/thumb/v7e-m/fpv5/hard/crtbegin.o
                0x000000000803513c                PROVIDE (__fini_array_end = .)
                0x000000000803513c                _sidata = LOADADDR (.data)

.data           0x0000000020000000      0x1ec load address 0x000000000803513c
                0x0000000020000000                . = ALIGN (0x4)
                0x0000000020000000                _sdata = .
 *(.data)
 .data          0x0000000020000000       0x64 /usr/lib/gcc/arm-none-eabi/7.3.1/../../../arm-none-eabi/lib/thumb/v7e-m/fpv5/hard/libc_nano.a(lib_a-impure.o)
                0x0000000020000000                _impure_ptr
 .data          0x0000000020000064      0x16c /usr/lib/gcc/arm-none-eabi/7.3.1/../../../arm-none-eabi/lib/thumb/v7e-m/fpv5/hard/libc_nano.a(lib_a-locale.o)
                0x0000000020000064                __global_locale
 *(.data*)
 .data.uwTickFreq
                0x00000000200001d0        0x1 build/stm32h7xx_hal.o
                0x00000000200001d0                uwTickFreq
 *fill*         0x00000000200001d1        0x3 
 .data.uwTickPrio
                0x00000000200001d4        0x4 build/stm32h7xx_hal.o
                0x00000000200001d4                uwTickPrio
 .data.SystemCoreClock
                0x00000000200001d8        0x4 build/system_stm32h7xx.o
                0x00000000200001d8                SystemCoreClock
 .data.SystemD2Clock
                0x00000000200001dc        0x4 build/system_stm32h7xx.o
                0x00000000200001dc                SystemD2Clock
 .data.Stat     0x00000000200001e0        0x1 build/sd_diskio.o
 *fill*         0x00000000200001e1        0x3 
 .data.clip_window
                0x00000000200001e4        0x8 build/hagl.o
                0x00000000200001ec                . = ALIGN (0x4)
                0x00000000200001ec                _edata = .

.tm_clone_table
                0x00000000200001ec        0x0 load address 0x0000000008035328
 .tm_clone_table
                0x00000000200001ec        0x0 /usr/lib/gcc/arm-none-eabi/7.3.1/thumb/v7e-m/fpv5/hard/crtbegin.o
 .tm_clone_table
                0x00000000200001ec        0x0 /usr/lib/gcc/arm-none-eabi/7.3.1/thumb/v7e-m/fpv5/hard/crtend.o

.igot.plt       0x00000000200001ec        0x0 load address 0x0000000008035328
 .igot.plt      0x00000000200001ec        0x0 /usr/lib/gcc/arm-none-eabi/7.3.1/thumb/v7e-m/fpv5/hard/crtbegin.o
                0x00000000200001ec                . = ALIGN (0x4)

.bss            0x0000000024000000      0x6b4
                0x0000000024000000                _sbss = .
                0x0000000024000000                __bss_start__ = _sbss
 *(.bss)
 .bss           0x0000000024000000       0x1c /usr/lib/gcc/arm-none-eabi/7.3.1/thumb/v7e-m/fpv5/hard/crtbegin.o
 .bss           0x000000002400001c        0x8 /usr/lib/gcc/arm-none-eabi/7.3.1/../../../arm-none-eabi/lib/thumb/v7e-m/fpv5/hard/libc_nano.a(lib_a-nano-mallocr.o)
                0x000000002400001c                __malloc_free_list
                0x0000000024000020                __malloc_sbrk_start
 .bss           0x0000000024000024        0x4 /usr/lib/gcc/arm-none-eabi/7.3.1/../../../arm-none-eabi/lib/thumb/v7e-m/fpv5/hard/libnosys.a(sbrk.o)
 *(.bss*)
 .bss.ReadStatus
                0x0000000024000028        0x4 build/sd_diskio.o
 .bss.WriteStatus
                0x000000002400002c        0x4 build/sd_diskio.o
 .bss.FatFs     0x0000000024000030        0x4 build/ff.o
 .bss.Files     0x0000000024000034       0x20 build/ff.o
 .bss.Fsid      0x0000000024000054        0x2 build/ff.o
 *fill*         0x0000000024000056        0x2 
 .bss.disk      0x0000000024000058        0xc build/ff_gen_drv.o
                0x0000000024000058                disk
 *(COMMON)
 COMMON         0x0000000024000064        0x4 build/stm32h7xx_hal.o
                0x0000000024000064                uwTick
 COMMON         0x0000000024000068       0x4c build/tim.o
                0x0000000024000068                htim2
 COMMON         0x00000000240000b4       0xa8 build/ltdc_mod.o
                0x00000000240000b4                hltdc
 COMMON         0x000000002400015c      0x468 build/fatfs.o
                0x000000002400015c                retSD
                0x0000000024000160                SDPath
                0x0000000024000164                SDFile
                0x0000000024000394                SDFatFS
 COMMON         0x00000000240005c4       0x80 build/sdmmc.o
                0x00000000240005c4                hsd1
 COMMON         0x0000000024000644       0x6c build/hagl_hal.o
                0x0000000024000644                hmdma_mdma_channel40_sw_0
 COMMON         0x00000000240006b0        0x4 /usr/lib/gcc/arm-none-eabi/7.3.1/../../../arm-none-eabi/lib/thumb/v7e-m/fpv5/hard/libc_nano.a(lib_a-reent.o)
                0x00000000240006b0                errno
                0x00000000240006b4                . = ALIGN (0x4)
                0x00000000240006b4                _ebss = .
                0x00000000240006b4                __bss_end__ = _ebss

.fb1            0x00000000240006b4    0x1fe00
                0x00000000240006b4                _sfb1 = .
                0x00000000240006b4                __fb1_start__ = _sfb1
 *(.fb1)
 .fb1           0x00000000240006b4    0x1fe00 build/main.o
                0x00000000240006b4                fb
 *(.fb1*)
                0x00000000240204b4                . = ALIGN (0x4)
                0x00000000240204b4                _efb1 = .
                0x00000000240204b4                __extbss_end__ = _efb1

._user_heap_stack
                0x00000000200001ec     0x6004
                0x00000000200001f0                . = ALIGN (0x8)
 *fill*         0x00000000200001ec        0x4 
                0x00000000200001f0                PROVIDE (end = .)
                [!provide]                        PROVIDE (_end = .)
                0x00000000200021f0                . = (. + _Min_Heap_Size)
 *fill*         0x00000000200001f0     0x2000 
                0x00000000200061f0                . = (. + _Min_Stack_Size)
 *fill*         0x00000000200021f0     0x4000 
                0x00000000200061f0                . = ALIGN (0x8)

/DISCARD/
 libc.a(*)
 libm.a(*)
 libgcc.a(*)

.ARM.attributes
                0x0000000000000000       0x2e
 *(.ARM.attributes)
 .ARM.attributes
                0x0000000000000000       0x20 /usr/lib/gcc/arm-none-eabi/7.3.1/thumb/v7e-m/fpv5/hard/crti.o
 .ARM.attributes
                0x0000000000000020       0x32 /usr/lib/gcc/arm-none-eabi/7.3.1/thumb/v7e-m/fpv5/hard/crtbegin.o
 .ARM.attributes
                0x0000000000000052       0x37 build/main.o
 .ARM.attributes
                0x0000000000000089       0x37 build/stm32h7xx_it.o
 .ARM.attributes
                0x00000000000000c0       0x37 build/stm32h7xx_hal_msp.o
 .ARM.attributes
                0x00000000000000f7       0x37 build/stm32h7xx_hal_cortex.o
 .ARM.attributes
                0x000000000000012e       0x37 build/stm32h7xx_hal_rcc.o
 .ARM.attributes
                0x0000000000000165       0x37 build/stm32h7xx_hal_rcc_ex.o
 .ARM.attributes
                0x000000000000019c       0x37 build/stm32h7xx_hal_gpio.o
 .ARM.attributes
                0x00000000000001d3       0x37 build/stm32h7xx_hal_mdma.o
 .ARM.attributes
                0x000000000000020a       0x37 build/stm32h7xx_hal_pwr_ex.o
 .ARM.attributes
                0x0000000000000241       0x37 build/stm32h7xx_hal.o
 .ARM.attributes
                0x0000000000000278       0x37 build/stm32h7xx_ll_sdmmc.o
 .ARM.attributes
                0x00000000000002af       0x37 build/stm32h7xx_hal_sd.o
 .ARM.attributes
                0x00000000000002e6       0x37 build/stm32h7xx_hal_tim.o
 .ARM.attributes
                0x000000000000031d       0x37 build/stm32h7xx_hal_tim_ex.o
 .ARM.attributes
                0x0000000000000354       0x37 build/stm32h7xx_hal_ltdc.o
 .ARM.attributes
                0x000000000000038b       0x37 build/system_stm32h7xx.o
 .ARM.attributes
                0x00000000000003c2       0x37 build/gpio.o
 .ARM.attributes
                0x00000000000003f9       0x37 build/tim.o
 .ARM.attributes
                0x0000000000000430       0x37 build/ltdc_mod.o
 .ARM.attributes
                0x0000000000000467       0x37 build/fatfs.o
 .ARM.attributes
                0x000000000000049e       0x37 build/bsp_driver_sd.o
 .ARM.attributes
                0x00000000000004d5       0x37 build/sd_diskio.o
 .ARM.attributes
                0x000000000000050c       0x37 build/fatfs_platform.o
 .ARM.attributes
                0x0000000000000543       0x37 build/diskio.o
 .ARM.attributes
                0x000000000000057a       0x37 build/ff.o
 .ARM.attributes
                0x00000000000005b1       0x37 build/ff_gen_drv.o
 .ARM.attributes
                0x00000000000005e8       0x37 build/sdmmc.o
 .ARM.attributes
                0x000000000000061f       0x37 build/hagl.o
 .ARM.attributes
                0x0000000000000656       0x37 build/hagl_hal.o
 .ARM.attributes
                0x000000000000068d       0x37 build/bitmap.o
 .ARM.attributes
                0x00000000000006c4       0x37 build/fontx.o
 .ARM.attributes
                0x00000000000006fb       0x21 build/startup_stm32h723xx.o
 .ARM.attributes
                0x000000000000071c       0x32 /usr/lib/gcc/arm-none-eabi/7.3.1/../../../arm-none-eabi/lib/thumb/v7e-m/fpv5/hard/libc_nano.a(lib_a-findfp.o)
 .ARM.attributes
                0x000000000000074e       0x32 /usr/lib/gcc/arm-none-eabi/7.3.1/../../../arm-none-eabi/lib/thumb/v7e-m/fpv5/hard/libc_nano.a(lib_a-impure.o)
 .ARM.attributes
                0x0000000000000780       0x32 /usr/lib/gcc/arm-none-eabi/7.3.1/../../../arm-none-eabi/lib/thumb/v7e-m/fpv5/hard/libc_nano.a(lib_a-init.o)
 .ARM.attributes
                0x00000000000007b2       0x32 /usr/lib/gcc/arm-none-eabi/7.3.1/../../../arm-none-eabi/lib/thumb/v7e-m/fpv5/hard/libc_nano.a(lib_a-malloc.o)
 .ARM.attributes
                0x00000000000007e4       0x1e /usr/lib/gcc/arm-none-eabi/7.3.1/../../../arm-none-eabi/lib/thumb/v7e-m/fpv5/hard/libc_nano.a(lib_a-memcpy.o)
 .ARM.attributes
                0x0000000000000802       0x32 /usr/lib/gcc/arm-none-eabi/7.3.1/../../../arm-none-eabi/lib/thumb/v7e-m/fpv5/hard/libc_nano.a(lib_a-memset.o)
 .ARM.attributes
                0x0000000000000834       0x32 /usr/lib/gcc/arm-none-eabi/7.3.1/../../../arm-none-eabi/lib/thumb/v7e-m/fpv5/hard/libc_nano.a(lib_a-nano-freer.o)
 .ARM.attributes
                0x0000000000000866       0x32 /usr/lib/gcc/arm-none-eabi/7.3.1/../../../arm-none-eabi/lib/thumb/v7e-m/fpv5/hard/libc_nano.a(lib_a-nano-mallocr.o)
 .ARM.attributes
                0x0000000000000898       0x32 /usr/lib/gcc/arm-none-eabi/7.3.1/../../../arm-none-eabi/lib/thumb/v7e-m/fpv5/hard/libc_nano.a(lib_a-reent.o)
 .ARM.attributes
                0x00000000000008ca       0x32 /usr/lib/gcc/arm-none-eabi/7.3.1/../../../arm-none-eabi/lib/thumb/v7e-m/fpv5/hard/libc_nano.a(lib_a-sbrkr.o)
 .ARM.attributes
                0x00000000000008fc       0x32 /usr/lib/gcc/arm-none-eabi/7.3.1/../../../arm-none-eabi/lib/thumb/v7e-m/fpv5/hard/libc_nano.a(lib_a-swprintf.o)
 .ARM.attributes
                0x000000000000092e       0x32 /usr/lib/gcc/arm-none-eabi/7.3.1/../../../arm-none-eabi/lib/thumb/v7e-m/fpv5/hard/libc_nano.a(lib_a-mlock.o)
 .ARM.attributes
                0x0000000000000960       0x32 /usr/lib/gcc/arm-none-eabi/7.3.1/../../../arm-none-eabi/lib/thumb/v7e-m/fpv5/hard/libc_nano.a(lib_a-svfwprintf.o)
 .ARM.attributes
                0x0000000000000992       0x32 /usr/lib/gcc/arm-none-eabi/7.3.1/../../../arm-none-eabi/lib/thumb/v7e-m/fpv5/hard/libc_nano.a(lib_a-wcslen.o)
 .ARM.attributes
                0x00000000000009c4       0x32 /usr/lib/gcc/arm-none-eabi/7.3.1/../../../arm-none-eabi/lib/thumb/v7e-m/fpv5/hard/libc_nano.a(lib_a-wmemchr.o)
 .ARM.attributes
                0x00000000000009f6       0x32 /usr/lib/gcc/arm-none-eabi/7.3.1/../../../arm-none-eabi/lib/thumb/v7e-m/fpv5/hard/libc_nano.a(lib_a-btowc.o)
 .ARM.attributes
                0x0000000000000a28       0x32 /usr/lib/gcc/arm-none-eabi/7.3.1/../../../arm-none-eabi/lib/thumb/v7e-m/fpv5/hard/libc_nano.a(lib_a-dtoa.o)
 .ARM.attributes
                0x0000000000000a5a       0x32 /usr/lib/gcc/arm-none-eabi/7.3.1/../../../arm-none-eabi/lib/thumb/v7e-m/fpv5/hard/libc_nano.a(lib_a-locale.o)
 .ARM.attributes
                0x0000000000000a8c       0x32 /usr/lib/gcc/arm-none-eabi/7.3.1/../../../arm-none-eabi/lib/thumb/v7e-m/fpv5/hard/libc_nano.a(lib_a-localeconv.o)
 .ARM.attributes
                0x0000000000000abe       0x32 /usr/lib/gcc/arm-none-eabi/7.3.1/../../../arm-none-eabi/lib/thumb/v7e-m/fpv5/hard/libc_nano.a(lib_a-mbtowc_r.o)
 .ARM.attributes
                0x0000000000000af0       0x1e /usr/lib/gcc/arm-none-eabi/7.3.1/../../../arm-none-eabi/lib/thumb/v7e-m/fpv5/hard/libc_nano.a(lib_a-memchr.o)
 .ARM.attributes
                0x0000000000000b0e       0x32 /usr/lib/gcc/arm-none-eabi/7.3.1/../../../arm-none-eabi/lib/thumb/v7e-m/fpv5/hard/libc_nano.a(lib_a-mprec.o)
 .ARM.attributes
                0x0000000000000b40       0x32 /usr/lib/gcc/arm-none-eabi/7.3.1/../../../arm-none-eabi/lib/thumb/v7e-m/fpv5/hard/libc_nano.a(lib_a-nano-callocr.o)
 .ARM.attributes
                0x0000000000000b72       0x32 /usr/lib/gcc/arm-none-eabi/7.3.1/../../../arm-none-eabi/lib/thumb/v7e-m/fpv5/hard/libc_nano.a(lib_a-nano-svfprintf.o)
 .ARM.attributes
                0x0000000000000ba4       0x32 /usr/lib/gcc/arm-none-eabi/7.3.1/../../../arm-none-eabi/lib/thumb/v7e-m/fpv5/hard/libc_nano.a(lib_a-nano-vfprintf_i.o)
 .ARM.attributes
                0x0000000000000bd6       0x1e /usr/lib/gcc/arm-none-eabi/7.3.1/../../../arm-none-eabi/lib/thumb/v7e-m/fpv5/hard/libc_nano.a(lib_a-strlen.o)
 .ARM.attributes
                0x0000000000000bf4       0x32 /usr/lib/gcc/arm-none-eabi/7.3.1/../../../arm-none-eabi/lib/thumb/v7e-m/fpv5/hard/libc_nano.a(lib_a-wctomb_r.o)
 .ARM.attributes
                0x0000000000000c26       0x32 /usr/lib/gcc/arm-none-eabi/7.3.1/../../../arm-none-eabi/lib/thumb/v7e-m/fpv5/hard/libc_nano.a(lib_a-ctype_.o)
 .ARM.attributes
                0x0000000000000c58       0x32 /usr/lib/gcc/arm-none-eabi/7.3.1/../../../arm-none-eabi/lib/thumb/v7e-m/fpv5/hard/libc_nano.a(lib_a-memmove.o)
 .ARM.attributes
                0x0000000000000c8a       0x32 /usr/lib/gcc/arm-none-eabi/7.3.1/../../../arm-none-eabi/lib/thumb/v7e-m/fpv5/hard/libc_nano.a(lib_a-nano-reallocr.o)
 .ARM.attributes
                0x0000000000000cbc       0x32 /usr/lib/gcc/arm-none-eabi/7.3.1/../../../arm-none-eabi/lib/thumb/v7e-m/fpv5/hard/libc_nano.a(lib_a-nano-msizer.o)
 .ARM.attributes
                0x0000000000000cee       0x32 /usr/lib/gcc/arm-none-eabi/7.3.1/../../../arm-none-eabi/lib/thumb/v7e-m/fpv5/hard/libnosys.a(sbrk.o)
 .ARM.attributes
                0x0000000000000d20       0x32 /usr/lib/gcc/arm-none-eabi/7.3.1/thumb/v7e-m/fpv5/hard/crtend.o
 .ARM.attributes
                0x0000000000000d52       0x20 /usr/lib/gcc/arm-none-eabi/7.3.1/thumb/v7e-m/fpv5/hard/crtn.o
OUTPUT(build/atlas_lcd.elf elf32-littlearm)

.comment        0x0000000000000000       0xae
 .comment       0x0000000000000000       0x57 /usr/lib/gcc/arm-none-eabi/7.3.1/thumb/v7e-m/fpv5/hard/crtbegin.o
                                         0x58 (size before relaxing)
 .comment       0x0000000000000057       0x58 build/main.o
 .comment       0x0000000000000057       0x58 build/stm32h7xx_it.o
 .comment       0x0000000000000057       0x58 build/stm32h7xx_hal_msp.o
 .comment       0x0000000000000057       0x58 build/stm32h7xx_hal_cortex.o
 .comment       0x0000000000000057       0x58 build/stm32h7xx_hal_rcc.o
 .comment       0x0000000000000057       0x58 build/stm32h7xx_hal_rcc_ex.o
 .comment       0x0000000000000057       0x58 build/stm32h7xx_hal_gpio.o
 .comment       0x0000000000000057       0x58 build/stm32h7xx_hal_mdma.o
 .comment       0x0000000000000057       0x58 build/stm32h7xx_hal_pwr_ex.o
 .comment       0x0000000000000057       0x58 build/stm32h7xx_hal.o
 .comment       0x0000000000000057       0x58 build/stm32h7xx_ll_sdmmc.o
 .comment       0x0000000000000057       0x58 build/stm32h7xx_hal_sd.o
 .comment       0x0000000000000057       0x58 build/stm32h7xx_hal_tim.o
 .comment       0x0000000000000057       0x58 build/stm32h7xx_hal_tim_ex.o
 .comment       0x0000000000000057       0x58 build/stm32h7xx_hal_ltdc.o
 .comment       0x0000000000000057       0x58 build/system_stm32h7xx.o
 .comment       0x0000000000000057       0x58 build/gpio.o
 .comment       0x0000000000000057       0x58 build/tim.o
 .comment       0x0000000000000057       0x58 build/ltdc_mod.o
 .comment       0x0000000000000057       0x58 build/fatfs.o
 .comment       0x0000000000000057       0x58 build/bsp_driver_sd.o
 .comment       0x0000000000000057       0x58 build/sd_diskio.o
 .comment       0x0000000000000057       0x58 build/fatfs_platform.o
 .comment       0x0000000000000057       0x58 build/diskio.o
 .comment       0x0000000000000057       0x58 build/ff.o
 .comment       0x0000000000000057       0x58 build/ff_gen_drv.o
 .comment       0x0000000000000057       0x58 build/sdmmc.o
 .comment       0x0000000000000057       0x58 build/hagl.o
 .comment       0x0000000000000057       0x58 build/hagl_hal.o
 .comment       0x0000000000000057       0x58 build/bitmap.o
 .comment       0x0000000000000057       0x58 build/fontx.o
 .comment       0x0000000000000057       0x57 /usr/lib/gcc/arm-none-eabi/7.3.1/../../../arm-none-eabi/lib/thumb/v7e-m/fpv5/hard/libc_nano.a(lib_a-findfp.o)
                                         0x58 (size before relaxing)
 .comment       0x00000000000000ae       0x58 /usr/lib/gcc/arm-none-eabi/7.3.1/../../../arm-none-eabi/lib/thumb/v7e-m/fpv5/hard/libc_nano.a(lib_a-impure.o)
 .comment       0x00000000000000ae       0x58 /usr/lib/gcc/arm-none-eabi/7.3.1/../../../arm-none-eabi/lib/thumb/v7e-m/fpv5/hard/libc_nano.a(lib_a-init.o)
 .comment       0x00000000000000ae       0x58 /usr/lib/gcc/arm-none-eabi/7.3.1/../../../arm-none-eabi/lib/thumb/v7e-m/fpv5/hard/libc_nano.a(lib_a-malloc.o)
 .comment       0x00000000000000ae       0x58 /usr/lib/gcc/arm-none-eabi/7.3.1/../../../arm-none-eabi/lib/thumb/v7e-m/fpv5/hard/libc_nano.a(lib_a-memset.o)
 .comment       0x00000000000000ae       0x58 /usr/lib/gcc/arm-none-eabi/7.3.1/../../../arm-none-eabi/lib/thumb/v7e-m/fpv5/hard/libc_nano.a(lib_a-nano-freer.o)
 .comment       0x00000000000000ae       0x58 /usr/lib/gcc/arm-none-eabi/7.3.1/../../../arm-none-eabi/lib/thumb/v7e-m/fpv5/hard/libc_nano.a(lib_a-nano-mallocr.o)
 .comment       0x00000000000000ae       0x58 /usr/lib/gcc/arm-none-eabi/7.3.1/../../../arm-none-eabi/lib/thumb/v7e-m/fpv5/hard/libc_nano.a(lib_a-reent.o)
 .comment       0x00000000000000ae       0x58 /usr/lib/gcc/arm-none-eabi/7.3.1/../../../arm-none-eabi/lib/thumb/v7e-m/fpv5/hard/libc_nano.a(lib_a-sbrkr.o)
 .comment       0x00000000000000ae       0x58 /usr/lib/gcc/arm-none-eabi/7.3.1/../../../arm-none-eabi/lib/thumb/v7e-m/fpv5/hard/libc_nano.a(lib_a-swprintf.o)
 .comment       0x00000000000000ae       0x58 /usr/lib/gcc/arm-none-eabi/7.3.1/../../../arm-none-eabi/lib/thumb/v7e-m/fpv5/hard/libc_nano.a(lib_a-mlock.o)
 .comment       0x00000000000000ae       0x58 /usr/lib/gcc/arm-none-eabi/7.3.1/../../../arm-none-eabi/lib/thumb/v7e-m/fpv5/hard/libc_nano.a(lib_a-svfwprintf.o)
 .comment       0x00000000000000ae       0x58 /usr/lib/gcc/arm-none-eabi/7.3.1/../../../arm-none-eabi/lib/thumb/v7e-m/fpv5/hard/libc_nano.a(lib_a-wcslen.o)
 .comment       0x00000000000000ae       0x58 /usr/lib/gcc/arm-none-eabi/7.3.1/../../../arm-none-eabi/lib/thumb/v7e-m/fpv5/hard/libc_nano.a(lib_a-wmemchr.o)
 .comment       0x00000000000000ae       0x58 /usr/lib/gcc/arm-none-eabi/7.3.1/../../../arm-none-eabi/lib/thumb/v7e-m/fpv5/hard/libc_nano.a(lib_a-btowc.o)
 .comment       0x00000000000000ae       0x58 /usr/lib/gcc/arm-none-eabi/7.3.1/../../../arm-none-eabi/lib/thumb/v7e-m/fpv5/hard/libc_nano.a(lib_a-dtoa.o)
 .comment       0x00000000000000ae       0x58 /usr/lib/gcc/arm-none-eabi/7.3.1/../../../arm-none-eabi/lib/thumb/v7e-m/fpv5/hard/libc_nano.a(lib_a-locale.o)
 .comment       0x00000000000000ae       0x58 /usr/lib/gcc/arm-none-eabi/7.3.1/../../../arm-none-eabi/lib/thumb/v7e-m/fpv5/hard/libc_nano.a(lib_a-localeconv.o)
 .comment       0x00000000000000ae       0x58 /usr/lib/gcc/arm-none-eabi/7.3.1/../../../arm-none-eabi/lib/thumb/v7e-m/fpv5/hard/libc_nano.a(lib_a-mbtowc_r.o)
 .comment       0x00000000000000ae       0x58 /usr/lib/gcc/arm-none-eabi/7.3.1/../../../arm-none-eabi/lib/thumb/v7e-m/fpv5/hard/libc_nano.a(lib_a-mprec.o)
 .comment       0x00000000000000ae       0x58 /usr/lib/gcc/arm-none-eabi/7.3.1/../../../arm-none-eabi/lib/thumb/v7e-m/fpv5/hard/libc_nano.a(lib_a-nano-callocr.o)
 .comment       0x00000000000000ae       0x58 /usr/lib/gcc/arm-none-eabi/7.3.1/../../../arm-none-eabi/lib/thumb/v7e-m/fpv5/hard/libc_nano.a(lib_a-nano-svfprintf.o)
 .comment       0x00000000000000ae       0x58 /usr/lib/gcc/arm-none-eabi/7.3.1/../../../arm-none-eabi/lib/thumb/v7e-m/fpv5/hard/libc_nano.a(lib_a-nano-vfprintf_i.o)
 .comment       0x00000000000000ae       0x58 /usr/lib/gcc/arm-none-eabi/7.3.1/../../../arm-none-eabi/lib/thumb/v7e-m/fpv5/hard/libc_nano.a(lib_a-wctomb_r.o)
 .comment       0x00000000000000ae       0x58 /usr/lib/gcc/arm-none-eabi/7.3.1/../../../arm-none-eabi/lib/thumb/v7e-m/fpv5/hard/libc_nano.a(lib_a-ctype_.o)
 .comment       0x00000000000000ae       0x58 /usr/lib/gcc/arm-none-eabi/7.3.1/../../../arm-none-eabi/lib/thumb/v7e-m/fpv5/hard/libc_nano.a(lib_a-memmove.o)
 .comment       0x00000000000000ae       0x58 /usr/lib/gcc/arm-none-eabi/7.3.1/../../../arm-none-eabi/lib/thumb/v7e-m/fpv5/hard/libc_nano.a(lib_a-nano-reallocr.o)
 .comment       0x00000000000000ae       0x58 /usr/lib/gcc/arm-none-eabi/7.3.1/../../../arm-none-eabi/lib/thumb/v7e-m/fpv5/hard/libc_nano.a(lib_a-nano-msizer.o)
 .comment       0x00000000000000ae       0x58 /usr/lib/gcc/arm-none-eabi/7.3.1/../../../arm-none-eabi/lib/thumb/v7e-m/fpv5/hard/libnosys.a(sbrk.o)
 .comment       0x00000000000000ae       0x58 /usr/lib/gcc/arm-none-eabi/7.3.1/thumb/v7e-m/fpv5/hard/crtend.o

.debug_info     0x0000000000000000    0x51011
 .debug_info    0x0000000000000000     0x47f4 build/main.o
 .debug_info    0x00000000000047f4      0xc9a build/stm32h7xx_it.o
 .debug_info    0x000000000000548e     0x1015 build/stm32h7xx_hal_msp.o
 .debug_info    0x00000000000064a3     0x1de5 build/stm32h7xx_hal_cortex.o
 .debug_info    0x0000000000008288     0x1b9d build/stm32h7xx_hal_rcc.o
 .debug_info    0x0000000000009e25     0x241e build/stm32h7xx_hal_rcc_ex.o
 .debug_info    0x000000000000c243     0x18d7 build/stm32h7xx_hal_gpio.o
 .debug_info    0x000000000000db1a     0x1898 build/stm32h7xx_hal_mdma.o
 .debug_info    0x000000000000f3b2     0x1a56 build/stm32h7xx_hal_pwr_ex.o
 .debug_info    0x0000000000010e08     0x2358 build/stm32h7xx_hal.o
 .debug_info    0x0000000000013160     0x2398 build/stm32h7xx_ll_sdmmc.o
 .debug_info    0x00000000000154f8     0x319f build/stm32h7xx_hal_sd.o
 .debug_info    0x0000000000018697     0x44fb build/stm32h7xx_hal_tim.o
 .debug_info    0x000000000001cb92     0x2671 build/stm32h7xx_hal_tim_ex.o
 .debug_info    0x000000000001f203     0x1eb3 build/stm32h7xx_hal_ltdc.o
 .debug_info    0x00000000000210b6     0x168c build/system_stm32h7xx.o
 .debug_info    0x0000000000022742     0x13d0 build/gpio.o
 .debug_info    0x0000000000023b12     0x1b7c build/tim.o
 .debug_info    0x000000000002568e     0x191c build/ltdc_mod.o
 .debug_info    0x0000000000026faa     0x1051 build/fatfs.o
 .debug_info    0x0000000000027ffb     0x14d3 build/bsp_driver_sd.o
 .debug_info    0x00000000000294ce     0x11f6 build/sd_diskio.o
 .debug_info    0x000000000002a6c4      0xcd7 build/fatfs_platform.o
 .debug_info    0x000000000002b39b      0xfa6 build/diskio.o
 .debug_info    0x000000000002c341     0x4ae3 build/ff.o
 .debug_info    0x0000000000030e24      0xf1e build/ff_gen_drv.o
 .debug_info    0x0000000000031d42     0x167a build/sdmmc.o
 .debug_info    0x00000000000333bc     0x2f18 build/hagl.o
 .debug_info    0x00000000000362d4     0x11f3 build/hagl_hal.o
 .debug_info    0x00000000000374c7      0xd55 build/bitmap.o
 .debug_info    0x000000000003821c      0xb72 build/fontx.o
 .debug_info    0x0000000000038d8e       0x22 build/startup_stm32h723xx.o
 .debug_info    0x0000000000038db0     0x1070 /usr/lib/gcc/arm-none-eabi/7.3.1/../../../arm-none-eabi/lib/thumb/v7e-m/fpv5/hard/libc_nano.a(lib_a-findfp.o)
 .debug_info    0x0000000000039e20      0x8a4 /usr/lib/gcc/arm-none-eabi/7.3.1/../../../arm-none-eabi/lib/thumb/v7e-m/fpv5/hard/libc_nano.a(lib_a-impure.o)
 .debug_info    0x000000000003a6c4      0x109 /usr/lib/gcc/arm-none-eabi/7.3.1/../../../arm-none-eabi/lib/thumb/v7e-m/fpv5/hard/libc_nano.a(lib_a-init.o)
 .debug_info    0x000000000003a7cd      0x921 /usr/lib/gcc/arm-none-eabi/7.3.1/../../../arm-none-eabi/lib/thumb/v7e-m/fpv5/hard/libc_nano.a(lib_a-malloc.o)
 .debug_info    0x000000000003b0ee       0x26 /usr/lib/gcc/arm-none-eabi/7.3.1/../../../arm-none-eabi/lib/thumb/v7e-m/fpv5/hard/libc_nano.a(lib_a-memcpy.o)
 .debug_info    0x000000000003b114      0xe1d /usr/lib/gcc/arm-none-eabi/7.3.1/../../../arm-none-eabi/lib/thumb/v7e-m/fpv5/hard/libc_nano.a(lib_a-memset.o)
 .debug_info    0x000000000003bf31      0xac1 /usr/lib/gcc/arm-none-eabi/7.3.1/../../../arm-none-eabi/lib/thumb/v7e-m/fpv5/hard/libc_nano.a(lib_a-nano-freer.o)
 .debug_info    0x000000000003c9f2      0xb75 /usr/lib/gcc/arm-none-eabi/7.3.1/../../../arm-none-eabi/lib/thumb/v7e-m/fpv5/hard/libc_nano.a(lib_a-nano-mallocr.o)
 .debug_info    0x000000000003d567      0xa90 /usr/lib/gcc/arm-none-eabi/7.3.1/../../../arm-none-eabi/lib/thumb/v7e-m/fpv5/hard/libc_nano.a(lib_a-reent.o)
 .debug_info    0x000000000003dff7      0x95a /usr/lib/gcc/arm-none-eabi/7.3.1/../../../arm-none-eabi/lib/thumb/v7e-m/fpv5/hard/libc_nano.a(lib_a-sbrkr.o)
 .debug_info    0x000000000003e951      0xca9 /usr/lib/gcc/arm-none-eabi/7.3.1/../../../arm-none-eabi/lib/thumb/v7e-m/fpv5/hard/libc_nano.a(lib_a-swprintf.o)
 .debug_info    0x000000000003f5fa      0x8d7 /usr/lib/gcc/arm-none-eabi/7.3.1/../../../arm-none-eabi/lib/thumb/v7e-m/fpv5/hard/libc_nano.a(lib_a-mlock.o)
 .debug_info    0x000000000003fed1     0x190d /usr/lib/gcc/arm-none-eabi/7.3.1/../../../arm-none-eabi/lib/thumb/v7e-m/fpv5/hard/libc_nano.a(lib_a-svfwprintf.o)
 .debug_info    0x00000000000417de      0x8db /usr/lib/gcc/arm-none-eabi/7.3.1/../../../arm-none-eabi/lib/thumb/v7e-m/fpv5/hard/libc_nano.a(lib_a-wcslen.o)
 .debug_info    0x00000000000420b9      0x8f7 /usr/lib/gcc/arm-none-eabi/7.3.1/../../../arm-none-eabi/lib/thumb/v7e-m/fpv5/hard/libc_nano.a(lib_a-wmemchr.o)
 .debug_info    0x00000000000429b0      0xef3 /usr/lib/gcc/arm-none-eabi/7.3.1/../../../arm-none-eabi/lib/thumb/v7e-m/fpv5/hard/libc_nano.a(lib_a-btowc.o)
 .debug_info    0x00000000000438a3     0x182f /usr/lib/gcc/arm-none-eabi/7.3.1/../../../arm-none-eabi/lib/thumb/v7e-m/fpv5/hard/libc_nano.a(lib_a-dtoa.o)
 .debug_info    0x00000000000450d2      0xfac /usr/lib/gcc/arm-none-eabi/7.3.1/../../../arm-none-eabi/lib/thumb/v7e-m/fpv5/hard/libc_nano.a(lib_a-locale.o)
 .debug_info    0x000000000004607e      0xe54 /usr/lib/gcc/arm-none-eabi/7.3.1/../../../arm-none-eabi/lib/thumb/v7e-m/fpv5/hard/libc_nano.a(lib_a-localeconv.o)
 .debug_info    0x0000000000046ed2      0xf24 /usr/lib/gcc/arm-none-eabi/7.3.1/../../../arm-none-eabi/lib/thumb/v7e-m/fpv5/hard/libc_nano.a(lib_a-mbtowc_r.o)
 .debug_info    0x0000000000047df6       0x26 /usr/lib/gcc/arm-none-eabi/7.3.1/../../../arm-none-eabi/lib/thumb/v7e-m/fpv5/hard/libc_nano.a(lib_a-memchr.o)
 .debug_info    0x0000000000047e1c     0x1ceb /usr/lib/gcc/arm-none-eabi/7.3.1/../../../arm-none-eabi/lib/thumb/v7e-m/fpv5/hard/libc_nano.a(lib_a-mprec.o)
 .debug_info    0x0000000000049b07      0xa4c /usr/lib/gcc/arm-none-eabi/7.3.1/../../../arm-none-eabi/lib/thumb/v7e-m/fpv5/hard/libc_nano.a(lib_a-nano-callocr.o)
 .debug_info    0x000000000004a553     0x1651 /usr/lib/gcc/arm-none-eabi/7.3.1/../../../arm-none-eabi/lib/thumb/v7e-m/fpv5/hard/libc_nano.a(lib_a-nano-svfprintf.o)
 .debug_info    0x000000000004bba4     0x142c /usr/lib/gcc/arm-none-eabi/7.3.1/../../../arm-none-eabi/lib/thumb/v7e-m/fpv5/hard/libc_nano.a(lib_a-nano-vfprintf_i.o)
 .debug_info    0x000000000004cfd0       0x26 /usr/lib/gcc/arm-none-eabi/7.3.1/../../../arm-none-eabi/lib/thumb/v7e-m/fpv5/hard/libc_nano.a(lib_a-strlen.o)
 .debug_info    0x000000000004cff6      0xeee /usr/lib/gcc/arm-none-eabi/7.3.1/../../../arm-none-eabi/lib/thumb/v7e-m/fpv5/hard/libc_nano.a(lib_a-wctomb_r.o)
 .debug_info    0x000000000004dee4      0xdb1 /usr/lib/gcc/arm-none-eabi/7.3.1/../../../arm-none-eabi/lib/thumb/v7e-m/fpv5/hard/libc_nano.a(lib_a-ctype_.o)
 .debug_info    0x000000000004ec95      0xe2c /usr/lib/gcc/arm-none-eabi/7.3.1/../../../arm-none-eabi/lib/thumb/v7e-m/fpv5/hard/libc_nano.a(lib_a-memmove.o)
 .debug_info    0x000000000004fac1      0xac6 /usr/lib/gcc/arm-none-eabi/7.3.1/../../../arm-none-eabi/lib/thumb/v7e-m/fpv5/hard/libc_nano.a(lib_a-nano-reallocr.o)
 .debug_info    0x0000000000050587      0x9fa /usr/lib/gcc/arm-none-eabi/7.3.1/../../../arm-none-eabi/lib/thumb/v7e-m/fpv5/hard/libc_nano.a(lib_a-nano-msizer.o)
 .debug_info    0x0000000000050f81       0x90 /usr/lib/gcc/arm-none-eabi/7.3.1/../../../arm-none-eabi/lib/thumb/v7e-m/fpv5/hard/libnosys.a(sbrk.o)

.debug_abbrev   0x0000000000000000     0x9555
 .debug_abbrev  0x0000000000000000      0x430 build/main.o
 .debug_abbrev  0x0000000000000430      0x219 build/stm32h7xx_it.o
 .debug_abbrev  0x0000000000000649      0x216 build/stm32h7xx_hal_msp.o
 .debug_abbrev  0x000000000000085f      0x410 build/stm32h7xx_hal_cortex.o
 .debug_abbrev  0x0000000000000c6f      0x319 build/stm32h7xx_hal_rcc.o
 .debug_abbrev  0x0000000000000f88      0x323 build/stm32h7xx_hal_rcc_ex.o
 .debug_abbrev  0x00000000000012ab      0x2fc build/stm32h7xx_hal_gpio.o
 .debug_abbrev  0x00000000000015a7      0x30c build/stm32h7xx_hal_mdma.o
 .debug_abbrev  0x00000000000018b3      0x356 build/stm32h7xx_hal_pwr_ex.o
 .debug_abbrev  0x0000000000001c09      0x315 build/stm32h7xx_hal.o
 .debug_abbrev  0x0000000000001f1e      0x2ee build/stm32h7xx_ll_sdmmc.o
 .debug_abbrev  0x000000000000220c      0x353 build/stm32h7xx_hal_sd.o
 .debug_abbrev  0x000000000000255f      0x31b build/stm32h7xx_hal_tim.o
 .debug_abbrev  0x000000000000287a      0x323 build/stm32h7xx_hal_tim_ex.o
 .debug_abbrev  0x0000000000002b9d      0x308 build/stm32h7xx_hal_ltdc.o
 .debug_abbrev  0x0000000000002ea5      0x229 build/system_stm32h7xx.o
 .debug_abbrev  0x00000000000030ce      0x250 build/gpio.o
 .debug_abbrev  0x000000000000331e      0x2cc build/tim.o
 .debug_abbrev  0x00000000000035ea      0x2d6 build/ltdc_mod.o
 .debug_abbrev  0x00000000000038c0      0x257 build/fatfs.o
 .debug_abbrev  0x0000000000003b17      0x2d2 build/bsp_driver_sd.o
 .debug_abbrev  0x0000000000003de9      0x339 build/sd_diskio.o
 .debug_abbrev  0x0000000000004122      0x213 build/fatfs_platform.o
 .debug_abbrev  0x0000000000004335      0x299 build/diskio.o
 .debug_abbrev  0x00000000000045ce      0x368 build/ff.o
 .debug_abbrev  0x0000000000004936      0x2a9 build/ff_gen_drv.o
 .debug_abbrev  0x0000000000004bdf      0x284 build/sdmmc.o
 .debug_abbrev  0x0000000000004e63      0x438 build/hagl.o
 .debug_abbrev  0x000000000000529b      0x290 build/hagl_hal.o
 .debug_abbrev  0x000000000000552b      0x26a build/bitmap.o
 .debug_abbrev  0x0000000000005795      0x1fc build/fontx.o
 .debug_abbrev  0x0000000000005991       0x12 build/startup_stm32h723xx.o
 .debug_abbrev  0x00000000000059a3      0x38f /usr/lib/gcc/arm-none-eabi/7.3.1/../../../arm-none-eabi/lib/thumb/v7e-m/fpv5/hard/libc_nano.a(lib_a-findfp.o)
 .debug_abbrev  0x0000000000005d32      0x15c /usr/lib/gcc/arm-none-eabi/7.3.1/../../../arm-none-eabi/lib/thumb/v7e-m/fpv5/hard/libc_nano.a(lib_a-impure.o)
 .debug_abbrev  0x0000000000005e8e       0xba /usr/lib/gcc/arm-none-eabi/7.3.1/../../../arm-none-eabi/lib/thumb/v7e-m/fpv5/hard/libc_nano.a(lib_a-init.o)
 .debug_abbrev  0x0000000000005f48      0x1c9 /usr/lib/gcc/arm-none-eabi/7.3.1/../../../arm-none-eabi/lib/thumb/v7e-m/fpv5/hard/libc_nano.a(lib_a-malloc.o)
 .debug_abbrev  0x0000000000006111       0x14 /usr/lib/gcc/arm-none-eabi/7.3.1/../../../arm-none-eabi/lib/thumb/v7e-m/fpv5/hard/libc_nano.a(lib_a-memcpy.o)
 .debug_abbrev  0x0000000000006125      0x1a8 /usr/lib/gcc/arm-none-eabi/7.3.1/../../../arm-none-eabi/lib/thumb/v7e-m/fpv5/hard/libc_nano.a(lib_a-memset.o)
 .debug_abbrev  0x00000000000062cd      0x244 /usr/lib/gcc/arm-none-eabi/7.3.1/../../../arm-none-eabi/lib/thumb/v7e-m/fpv5/hard/libc_nano.a(lib_a-nano-freer.o)
 .debug_abbrev  0x0000000000006511      0x27f /usr/lib/gcc/arm-none-eabi/7.3.1/../../../arm-none-eabi/lib/thumb/v7e-m/fpv5/hard/libc_nano.a(lib_a-nano-mallocr.o)
 .debug_abbrev  0x0000000000006790      0x24c /usr/lib/gcc/arm-none-eabi/7.3.1/../../../arm-none-eabi/lib/thumb/v7e-m/fpv5/hard/libc_nano.a(lib_a-reent.o)
 .debug_abbrev  0x00000000000069dc      0x1df /usr/lib/gcc/arm-none-eabi/7.3.1/../../../arm-none-eabi/lib/thumb/v7e-m/fpv5/hard/libc_nano.a(lib_a-sbrkr.o)
 .debug_abbrev  0x0000000000006bbb      0x236 /usr/lib/gcc/arm-none-eabi/7.3.1/../../../arm-none-eabi/lib/thumb/v7e-m/fpv5/hard/libc_nano.a(lib_a-swprintf.o)
 .debug_abbrev  0x0000000000006df1      0x1a1 /usr/lib/gcc/arm-none-eabi/7.3.1/../../../arm-none-eabi/lib/thumb/v7e-m/fpv5/hard/libc_nano.a(lib_a-mlock.o)
 .debug_abbrev  0x0000000000006f92      0x374 /usr/lib/gcc/arm-none-eabi/7.3.1/../../../arm-none-eabi/lib/thumb/v7e-m/fpv5/hard/libc_nano.a(lib_a-svfwprintf.o)
 .debug_abbrev  0x0000000000007306      0x182 /usr/lib/gcc/arm-none-eabi/7.3.1/../../../arm-none-eabi/lib/thumb/v7e-m/fpv5/hard/libc_nano.a(lib_a-wcslen.o)
 .debug_abbrev  0x0000000000007488      0x191 /usr/lib/gcc/arm-none-eabi/7.3.1/../../../arm-none-eabi/lib/thumb/v7e-m/fpv5/hard/libc_nano.a(lib_a-wmemchr.o)
 .debug_abbrev  0x0000000000007619      0x224 /usr/lib/gcc/arm-none-eabi/7.3.1/../../../arm-none-eabi/lib/thumb/v7e-m/fpv5/hard/libc_nano.a(lib_a-btowc.o)
 .debug_abbrev  0x000000000000783d      0x2b2 /usr/lib/gcc/arm-none-eabi/7.3.1/../../../arm-none-eabi/lib/thumb/v7e-m/fpv5/hard/libc_nano.a(lib_a-dtoa.o)
 .debug_abbrev  0x0000000000007aef      0x265 /usr/lib/gcc/arm-none-eabi/7.3.1/../../../arm-none-eabi/lib/thumb/v7e-m/fpv5/hard/libc_nano.a(lib_a-locale.o)
 .debug_abbrev  0x0000000000007d54      0x208 /usr/lib/gcc/arm-none-eabi/7.3.1/../../../arm-none-eabi/lib/thumb/v7e-m/fpv5/hard/libc_nano.a(lib_a-localeconv.o)
 .debug_abbrev  0x0000000000007f5c      0x1ec /usr/lib/gcc/arm-none-eabi/7.3.1/../../../arm-none-eabi/lib/thumb/v7e-m/fpv5/hard/libc_nano.a(lib_a-mbtowc_r.o)
 .debug_abbrev  0x0000000000008148       0x14 /usr/lib/gcc/arm-none-eabi/7.3.1/../../../arm-none-eabi/lib/thumb/v7e-m/fpv5/hard/libc_nano.a(lib_a-memchr.o)
 .debug_abbrev  0x000000000000815c      0x378 /usr/lib/gcc/arm-none-eabi/7.3.1/../../../arm-none-eabi/lib/thumb/v7e-m/fpv5/hard/libc_nano.a(lib_a-mprec.o)
 .debug_abbrev  0x00000000000084d4      0x1dc /usr/lib/gcc/arm-none-eabi/7.3.1/../../../arm-none-eabi/lib/thumb/v7e-m/fpv5/hard/libc_nano.a(lib_a-nano-callocr.o)
 .debug_abbrev  0x00000000000086b0      0x2cc /usr/lib/gcc/arm-none-eabi/7.3.1/../../../arm-none-eabi/lib/thumb/v7e-m/fpv5/hard/libc_nano.a(lib_a-nano-svfprintf.o)
 .debug_abbrev  0x000000000000897c      0x28b /usr/lib/gcc/arm-none-eabi/7.3.1/../../../arm-none-eabi/lib/thumb/v7e-m/fpv5/hard/libc_nano.a(lib_a-nano-vfprintf_i.o)
 .debug_abbrev  0x0000000000008c07       0x14 /usr/lib/gcc/arm-none-eabi/7.3.1/../../../arm-none-eabi/lib/thumb/v7e-m/fpv5/hard/libc_nano.a(lib_a-strlen.o)
 .debug_abbrev  0x0000000000008c1b      0x1f4 /usr/lib/gcc/arm-none-eabi/7.3.1/../../../arm-none-eabi/lib/thumb/v7e-m/fpv5/hard/libc_nano.a(lib_a-wctomb_r.o)
 .debug_abbrev  0x0000000000008e0f      0x15a /usr/lib/gcc/arm-none-eabi/7.3.1/../../../arm-none-eabi/lib/thumb/v7e-m/fpv5/hard/libc_nano.a(lib_a-ctype_.o)
 .debug_abbrev  0x0000000000008f69      0x1ad /usr/lib/gcc/arm-none-eabi/7.3.1/../../../arm-none-eabi/lib/thumb/v7e-m/fpv5/hard/libc_nano.a(lib_a-memmove.o)
 .debug_abbrev  0x0000000000009116      0x1f9 /usr/lib/gcc/arm-none-eabi/7.3.1/../../../arm-none-eabi/lib/thumb/v7e-m/fpv5/hard/libc_nano.a(lib_a-nano-reallocr.o)
 .debug_abbrev  0x000000000000930f      0x1b4 /usr/lib/gcc/arm-none-eabi/7.3.1/../../../arm-none-eabi/lib/thumb/v7e-m/fpv5/hard/libc_nano.a(lib_a-nano-msizer.o)
 .debug_abbrev  0x00000000000094c3       0x92 /usr/lib/gcc/arm-none-eabi/7.3.1/../../../arm-none-eabi/lib/thumb/v7e-m/fpv5/hard/libnosys.a(sbrk.o)

.debug_loc      0x0000000000000000    0x23cc7
 .debug_loc     0x0000000000000000      0x84e build/main.o
 .debug_loc     0x000000000000084e       0x20 build/stm32h7xx_it.o
 .debug_loc     0x000000000000086e       0x2c build/stm32h7xx_hal_msp.o
 .debug_loc     0x000000000000089a      0x63c build/stm32h7xx_hal_cortex.o
 .debug_loc     0x0000000000000ed6      0x750 build/stm32h7xx_hal_rcc.o
 .debug_loc     0x0000000000001626     0x15c5 build/stm32h7xx_hal_rcc_ex.o
 .debug_loc     0x0000000000002beb      0x40a build/stm32h7xx_hal_gpio.o
 .debug_loc     0x0000000000002ff5     0x1453 build/stm32h7xx_hal_mdma.o
 .debug_loc     0x0000000000004448      0x468 build/stm32h7xx_hal_pwr_ex.o
 .debug_loc     0x00000000000048b0      0x607 build/stm32h7xx_hal.o
 .debug_loc     0x0000000000004eb7     0x160f build/stm32h7xx_ll_sdmmc.o
 .debug_loc     0x00000000000064c6     0x2a57 build/stm32h7xx_hal_sd.o
 .debug_loc     0x0000000000008f1d     0x55e0 build/stm32h7xx_hal_tim.o
 .debug_loc     0x000000000000e4fd     0x26bb build/stm32h7xx_hal_tim_ex.o
 .debug_loc     0x0000000000010bb8     0x19a9 build/stm32h7xx_hal_ltdc.o
 .debug_loc     0x0000000000012561      0x134 build/system_stm32h7xx.o
 .debug_loc     0x0000000000012695       0x39 build/gpio.o
 .debug_loc     0x00000000000126ce       0xf0 build/tim.o
 .debug_loc     0x00000000000127be      0x120 build/ltdc_mod.o
 .debug_loc     0x00000000000128de       0x20 build/fatfs.o
 .debug_loc     0x00000000000128fe      0x5df build/bsp_driver_sd.o
 .debug_loc     0x0000000000012edd      0x51b build/sd_diskio.o
 .debug_loc     0x00000000000133f8       0x4b build/fatfs_platform.o
 .debug_loc     0x0000000000013443      0x291 build/diskio.o
 .debug_loc     0x00000000000136d4     0x50c9 build/ff.o
 .debug_loc     0x000000000001879d      0x2b6 build/ff_gen_drv.o
 .debug_loc     0x0000000000018a53       0xd8 build/sdmmc.o
 .debug_loc     0x0000000000018b2b     0x270b build/hagl.o
 .debug_loc     0x000000000001b236      0x1de build/hagl_hal.o
 .debug_loc     0x000000000001b414      0x5c7 build/bitmap.o
 .debug_loc     0x000000000001b9db      0x23a build/fontx.o
 .debug_loc     0x000000000001bc15      0x2af /usr/lib/gcc/arm-none-eabi/7.3.1/../../../arm-none-eabi/lib/thumb/v7e-m/fpv5/hard/libc_nano.a(lib_a-findfp.o)
 .debug_loc     0x000000000001bec4       0xa2 /usr/lib/gcc/arm-none-eabi/7.3.1/../../../arm-none-eabi/lib/thumb/v7e-m/fpv5/hard/libc_nano.a(lib_a-init.o)
 .debug_loc     0x000000000001bf66       0x58 /usr/lib/gcc/arm-none-eabi/7.3.1/../../../arm-none-eabi/lib/thumb/v7e-m/fpv5/hard/libc_nano.a(lib_a-malloc.o)
 .debug_loc     0x000000000001bfbe      0x175 /usr/lib/gcc/arm-none-eabi/7.3.1/../../../arm-none-eabi/lib/thumb/v7e-m/fpv5/hard/libc_nano.a(lib_a-memset.o)
 .debug_loc     0x000000000001c133      0x197 /usr/lib/gcc/arm-none-eabi/7.3.1/../../../arm-none-eabi/lib/thumb/v7e-m/fpv5/hard/libc_nano.a(lib_a-nano-freer.o)