Archive member included to satisfy reference by file (symbol)

/usr/lib/gcc/arm-none-eabi/7.3.1/../../../arm-none-eabi/lib/thumb/v7e-m/fpv5/hard/libc_nano.a(lib_a-atexit.o)
                              /usr/lib/gcc/arm-none-eabi/7.3.1/../../../arm-none-eabi/lib/thumb/v7e-m/fpv5/hard/crt0.o (atexit)
/usr/lib/gcc/arm-none-eabi/7.3.1/../../../arm-none-eabi/lib/thumb/v7e-m/fpv5/hard/libc_nano.a(lib_a-exit.o)
                              /usr/lib/gcc/arm-none-eabi/7.3.1/../../../arm-none-eabi/lib/thumb/v7e-m/fpv5/hard/crt0.o (exit)
/usr/lib/gcc/arm-none-eabi/7.3.1/../../../arm-none-eabi/lib/thumb/v7e-m/fpv5/hard/libc_nano.a(lib_a-fini.o)
                              /usr/lib/gcc/arm-none-eabi/7.3.1/../../../arm-none-eabi/lib/thumb/v7e-m/fpv5/hard/crt0.o (__libc_fini_array)
/usr/lib/gcc/arm-none-eabi/7.3.1/../../../arm-none-eabi/lib/thumb/v7e-m/fpv5/hard/libc_nano.a(lib_a-impure.o)
                              /usr/lib/gcc/arm-none-eabi/7.3.1/../../../arm-none-eabi/lib/thumb/v7e-m/fpv5/hard/libc_nano.a(lib_a-exit.o) (_global_impure_ptr)
/usr/lib/gcc/arm-none-eabi/7.3.1/../../../arm-none-eabi/lib/thumb/v7e-m/fpv5/hard/libc_nano.a(lib_a-init.o)
                              /usr/lib/gcc/arm-none-eabi/7.3.1/../../../arm-none-eabi/lib/thumb/v7e-m/fpv5/hard/crt0.o (__libc_init_array)
/usr/lib/gcc/arm-none-eabi/7.3.1/../../../arm-none-eabi/lib/thumb/v7e-m/fpv5/hard/libc_nano.a(lib_a-memset.o)
                              /usr/lib/gcc/arm-none-eabi/7.3.1/../../../arm-none-eabi/lib/thumb/v7e-m/fpv5/hard/crt0.o (memset)
/usr/lib/gcc/arm-none-eabi/7.3.1/../../../arm-none-eabi/lib/thumb/v7e-m/fpv5/hard/libc_nano.a(lib_a-__atexit.o)
                              /usr/lib/gcc/arm-none-eabi/7.3.1/../../../arm-none-eabi/lib/thumb/v7e-m/fpv5/hard/libc_nano.a(lib_a-atexit.o) (__register_exitproc)
/usr/lib/gcc/arm-none-eabi/7.3.1/../../../arm-none-eabi/lib/thumb/v7e-m/fpv5/hard/libc_nano.a(lib_a-__call_atexit.o)
                              /usr/lib/gcc/arm-none-eabi/7.3.1/../../../arm-none-eabi/lib/thumb/v7e-m/fpv5/hard/libc_nano.a(lib_a-__atexit.o) (__call_exitprocs)
/usr/lib/gcc/arm-none-eabi/7.3.1/../../../arm-none-eabi/lib/thumb/v7e-m/fpv5/hard/libm.a(lib_a-s_sin.o)
                              build/main.o (sin)
/usr/lib/gcc/arm-none-eabi/7.3.1/../../../arm-none-eabi/lib/thumb/v7e-m/fpv5/hard/libm.a(lib_a-e_rem_pio2.o)
                              /usr/lib/gcc/arm-none-eabi/7.3.1/../../../arm-none-eabi/lib/thumb/v7e-m/fpv5/hard/libm.a(lib_a-s_sin.o) (__ieee754_rem_pio2)
/usr/lib/gcc/arm-none-eabi/7.3.1/../../../arm-none-eabi/lib/thumb/v7e-m/fpv5/hard/libm.a(lib_a-k_cos.o)
                              /usr/lib/gcc/arm-none-eabi/7.3.1/../../../arm-none-eabi/lib/thumb/v7e-m/fpv5/hard/libm.a(lib_a-s_sin.o) (__kernel_cos)
/usr/lib/gcc/arm-none-eabi/7.3.1/../../../arm-none-eabi/lib/thumb/v7e-m/fpv5/hard/libm.a(lib_a-k_rem_pio2.o)
                              /usr/lib/gcc/arm-none-eabi/7.3.1/../../../arm-none-eabi/lib/thumb/v7e-m/fpv5/hard/libm.a(lib_a-e_rem_pio2.o) (__kernel_rem_pio2)
/usr/lib/gcc/arm-none-eabi/7.3.1/../../../arm-none-eabi/lib/thumb/v7e-m/fpv5/hard/libm.a(lib_a-k_sin.o)
                              /usr/lib/gcc/arm-none-eabi/7.3.1/../../../arm-none-eabi/lib/thumb/v7e-m/fpv5/hard/libm.a(lib_a-s_sin.o) (__kernel_sin)
/usr/lib/gcc/arm-none-eabi/7.3.1/../../../arm-none-eabi/lib/thumb/v7e-m/fpv5/hard/libm.a(lib_a-s_fabs.o)
                              /usr/lib/gcc/arm-none-eabi/7.3.1/../../../arm-none-eabi/lib/thumb/v7e-m/fpv5/hard/libm.a(lib_a-e_rem_pio2.o) (fabs)
/usr/lib/gcc/arm-none-eabi/7.3.1/../../../arm-none-eabi/lib/thumb/v7e-m/fpv5/hard/libm.a(lib_a-s_floor.o)
                              /usr/lib/gcc/arm-none-eabi/7.3.1/../../../arm-none-eabi/lib/thumb/v7e-m/fpv5/hard/libm.a(lib_a-k_rem_pio2.o) (floor)
/usr/lib/gcc/arm-none-eabi/7.3.1/../../../arm-none-eabi/lib/thumb/v7e-m/fpv5/hard/libm.a(lib_a-s_scalbn.o)
                              /usr/lib/gcc/arm-none-eabi/7.3.1/../../../arm-none-eabi/lib/thumb/v7e-m/fpv5/hard/libm.a(lib_a-k_rem_pio2.o) (scalbn)
/usr/lib/gcc/arm-none-eabi/7.3.1/../../../arm-none-eabi/lib/thumb/v7e-m/fpv5/hard/libnosys.a(_exit.o)
                              /usr/lib/gcc/arm-none-eabi/7.3.1/../../../arm-none-eabi/lib/thumb/v7e-m/fpv5/hard/libc_nano.a(lib_a-exit.o) (_exit)

Allocating common symbols
Common symbol       size              file

hospi1              0x60              build/octospi.o
uwTick              0x4               build/stm32h7xx_hal.o
pFlash              0x1c              build/stm32h7xx_hal_flash.o
hltdc               0xa8              build/ltdc_mod.o
htim2               0x4c              build/tim.o

Discarded input sections

 .text          0x0000000000000000        0x0 /usr/lib/gcc/arm-none-eabi/7.3.1/thumb/v7e-m/fpv5/hard/crti.o
 .data          0x0000000000000000        0x0 /usr/lib/gcc/arm-none-eabi/7.3.1/thumb/v7e-m/fpv5/hard/crti.o
 .bss           0x0000000000000000        0x0 /usr/lib/gcc/arm-none-eabi/7.3.1/thumb/v7e-m/fpv5/hard/crti.o
[...]
Memory Configuration

Name             Origin             Length             Attributes
DTCMRAM          0x0000000020000000 0x0000000000020000 xrw
RAM_D1           0x0000000024000000 0x0000000000050000 xrw
RAM_D2           0x0000000030000000 0x0000000000008000 xrw
RAM_D3           0x0000000038000000 0x0000000000004000 xrw
ITCMRAM          0x0000000000000000 0x0000000000010000 xrw
FLASH            0x0000000008000000 0x0000000000100000 xr
OCTOSPI          0x0000000090000000 0x0000000000400000 xrw
*default*        0x0000000000000000 0xffffffffffffffff

Linker script and memory map

LOAD /usr/lib/gcc/arm-none-eabi/7.3.1/thumb/v7e-m/fpv5/hard/crti.o
LOAD /usr/lib/gcc/arm-none-eabi/7.3.1/thumb/v7e-m/fpv5/hard/crtbegin.o
LOAD /usr/lib/gcc/arm-none-eabi/7.3.1/../../../arm-none-eabi/lib/thumb/v7e-m/fpv5/hard/crt0.o
LOAD build/main.o
LOAD build/octospi.o
LOAD build/stm32h7xx_it.o
LOAD build/stm32h7xx_hal_msp.o
LOAD build/stm32h7xx_hal_cortex.o
LOAD build/stm32h7xx_hal_rcc.o
LOAD build/stm32h7xx_hal_rcc_ex.o
LOAD build/stm32h7xx_hal_flash.o
LOAD build/stm32h7xx_hal_flash_ex.o
LOAD build/stm32h7xx_hal_gpio.o
LOAD build/stm32h7xx_hal_hsem.o
LOAD build/stm32h7xx_hal_dma.o
LOAD build/stm32h7xx_hal_dma_ex.o
LOAD build/stm32h7xx_hal_mdma.o
LOAD build/stm32h7xx_hal_pwr.o
LOAD build/stm32h7xx_hal_pwr_ex.o
LOAD build/stm32h7xx_hal.o
LOAD build/stm32h7xx_hal_i2c.o
LOAD build/stm32h7xx_hal_i2c_ex.o
LOAD build/stm32h7xx_hal_exti.o
LOAD build/stm32h7xx_hal_ospi.o
LOAD build/stm32h7xx_ll_sdmmc.o
LOAD build/stm32h7xx_ll_delayblock.o
LOAD build/stm32h7xx_hal_sd.o
LOAD build/stm32h7xx_hal_sd_ex.o
LOAD build/stm32h7xx_hal_tim.o
LOAD build/stm32h7xx_hal_tim_ex.o
LOAD build/stm32h7xx_hal_ltdc.o
LOAD build/stm32h7xx_hal_ltdc_ex.o
LOAD build/system_stm32h7xx.o
LOAD build/gpio.o
LOAD build/tim.o
LOAD build/ltdc_mod.o
LOAD build/startup_stm32h723xx.o
LOAD /usr/lib/gcc/arm-none-eabi/7.3.1/../../../arm-none-eabi/lib/thumb/v7e-m/fpv5/hard/libc_nano.a
LOAD /usr/lib/gcc/arm-none-eabi/7.3.1/../../../arm-none-eabi/lib/thumb/v7e-m/fpv5/hard/libm.a
LOAD /usr/lib/gcc/arm-none-eabi/7.3.1/../../../arm-none-eabi/lib/thumb/v7e-m/fpv5/hard/libnosys.a
START GROUP
LOAD /usr/lib/gcc/arm-none-eabi/7.3.1/thumb/v7e-m/fpv5/hard/libgcc.a
LOAD /usr/lib/gcc/arm-none-eabi/7.3.1/../../../arm-none-eabi/lib/thumb/v7e-m/fpv5/hard/libc_nano.a
END GROUP
START GROUP
LOAD /usr/lib/gcc/arm-none-eabi/7.3.1/thumb/v7e-m/fpv5/hard/libgcc.a
LOAD /usr/lib/gcc/arm-none-eabi/7.3.1/../../../arm-none-eabi/lib/thumb/v7e-m/fpv5/hard/libc_nano.a
END GROUP
LOAD /usr/lib/gcc/arm-none-eabi/7.3.1/thumb/v7e-m/fpv5/hard/crtend.o
LOAD /usr/lib/gcc/arm-none-eabi/7.3.1/thumb/v7e-m/fpv5/hard/crtn.o
                0x0000000020020000                _estack = 0x20020000
                0x0000000000000200                _Min_Heap_Size = 0x200
                0x0000000000000400                _Min_Stack_Size = 0x400

.isr_vector     0x0000000008000000      0x2cc
                0x0000000008000000                . = ALIGN (0x4)
 *(.isr_vector)
 .isr_vector    0x0000000008000000      0x2cc build/startup_stm32h723xx.o
                0x0000000008000000                g_pfnVectors
                0x00000000080002cc                . = ALIGN (0x4)

.text           0x00000000080002d0     0x48b4
                0x00000000080002d0                . = ALIGN (0x4)
 *(.text)
 .text          0x00000000080002d0       0x88 /usr/lib/gcc/arm-none-eabi/7.3.1/thumb/v7e-m/fpv5/hard/crtbegin.o
 .text          0x0000000008000358       0x48 /usr/lib/gcc/arm-none-eabi/7.3.1/../../../arm-none-eabi/lib/thumb/v7e-m/fpv5/hard/libc_nano.a(lib_a-init.o)
                0x0000000008000358                __libc_init_array
 .text          0x00000000080003a0       0x94 /usr/lib/gcc/arm-none-eabi/7.3.1/../../../arm-none-eabi/lib/thumb/v7e-m/fpv5/hard/libc_nano.a(lib_a-memset.o)
                0x00000000080003a0                memset
 *fill*         0x0000000008000434        0x4 
 .text          0x0000000008000438       0xa0 /usr/lib/gcc/arm-none-eabi/7.3.1/../../../arm-none-eabi/lib/thumb/v7e-m/fpv5/hard/libm.a(lib_a-s_sin.o)
                0x0000000008000438                sin
 .text          0x00000000080004d8      0x294 /usr/lib/gcc/arm-none-eabi/7.3.1/../../../arm-none-eabi/lib/thumb/v7e-m/fpv5/hard/libm.a(lib_a-e_rem_pio2.o)
                0x00000000080004d8                __ieee754_rem_pio2
 *fill*         0x000000000800076c        0x4 
 .text          0x0000000008000770      0x120 /usr/lib/gcc/arm-none-eabi/7.3.1/../../../arm-none-eabi/lib/thumb/v7e-m/fpv5/hard/libm.a(lib_a-k_cos.o)
                0x0000000008000770                __kernel_cos
 .text          0x0000000008000890      0x694 /usr/lib/gcc/arm-none-eabi/7.3.1/../../../arm-none-eabi/lib/thumb/v7e-m/fpv5/hard/libm.a(lib_a-k_rem_pio2.o)
                0x0000000008000890                __kernel_rem_pio2
 *fill*         0x0000000008000f24        0x4 
 .text          0x0000000008000f28       0xb0 /usr/lib/gcc/arm-none-eabi/7.3.1/../../../arm-none-eabi/lib/thumb/v7e-m/fpv5/hard/libm.a(lib_a-k_sin.o)
                0x0000000008000f28                __kernel_sin
 .text          0x0000000008000fd8       0x14 /usr/lib/gcc/arm-none-eabi/7.3.1/../../../arm-none-eabi/lib/thumb/v7e-m/fpv5/hard/libm.a(lib_a-s_fabs.o)
                0x0000000008000fd8                fabs
 *fill*         0x0000000008000fec        0x4 
 .text          0x0000000008000ff0      0x110 /usr/lib/gcc/arm-none-eabi/7.3.1/../../../arm-none-eabi/lib/thumb/v7e-m/fpv5/hard/libm.a(lib_a-s_floor.o)
                0x0000000008000ff0                floor
 .text          0x0000000008001100      0x10c /usr/lib/gcc/arm-none-eabi/7.3.1/../../../arm-none-eabi/lib/thumb/v7e-m/fpv5/hard/libm.a(lib_a-s_scalbn.o)
                0x0000000008001100                scalbn
 *(.text*)
 .text.Error_Handler
                0x000000000800120c        0x4 build/main.o
                0x000000000800120c                Error_Handler
 .text.SystemClock_Config
                0x0000000008001210      0x124 build/main.o
                0x0000000008001210                SystemClock_Config
 .text.main     0x0000000008001334       0xf8 build/main.o
                0x0000000008001334                main
 .text.MX_OCTOSPI1_Init
                0x000000000800142c      0x108 build/octospi.o
                0x000000000800142c                MX_OCTOSPI1_Init
 .text.HAL_OSPI_MspInit
                0x0000000008001534      0x15c build/octospi.o
                0x0000000008001534                HAL_OSPI_MspInit
 .text.NMI_Handler
                0x0000000008001690        0x2 build/stm32h7xx_it.o
                0x0000000008001690                NMI_Handler
 .text.HardFault_Handler
                0x0000000008001692        0x2 build/stm32h7xx_it.o
                0x0000000008001692                HardFault_Handler
 .text.MemManage_Handler
                0x0000000008001694        0x2 build/stm32h7xx_it.o
                0x0000000008001694                MemManage_Handler
 .text.BusFault_Handler
                0x0000000008001696        0x2 build/stm32h7xx_it.o
                0x0000000008001696                BusFault_Handler
 .text.UsageFault_Handler
                0x0000000008001698        0x2 build/stm32h7xx_it.o
                0x0000000008001698                UsageFault_Handler
 .text.SVC_Handler
                0x000000000800169a        0x2 build/stm32h7xx_it.o
                0x000000000800169a                SVC_Handler
 .text.DebugMon_Handler
                0x000000000800169c        0x2 build/stm32h7xx_it.o
                0x000000000800169c                DebugMon_Handler
 .text.PendSV_Handler
                0x000000000800169e        0x2 build/stm32h7xx_it.o
                0x000000000800169e                PendSV_Handler
 .text.SysTick_Handler
                0x00000000080016a0        0x8 build/stm32h7xx_it.o
                0x00000000080016a0                SysTick_Handler
 .text.HAL_MspInit
                0x00000000080016a8       0x24 build/stm32h7xx_hal_msp.o
                0x00000000080016a8                HAL_MspInit
 .text.HAL_NVIC_SetPriorityGrouping
                0x00000000080016cc       0x24 build/stm32h7xx_hal_cortex.o
                0x00000000080016cc                HAL_NVIC_SetPriorityGrouping
 .text.HAL_NVIC_SetPriority
                0x00000000080016f0       0x64 build/stm32h7xx_hal_cortex.o
                0x00000000080016f0                HAL_NVIC_SetPriority
 .text.HAL_SYSTICK_Config
                0x0000000008001754       0x2c build/stm32h7xx_hal_cortex.o
                0x0000000008001754                HAL_SYSTICK_Config
 .text.HAL_RCC_OscConfig
                0x0000000008001780      0x56c build/stm32h7xx_hal_rcc.o
                0x0000000008001780                HAL_RCC_OscConfig
 .text.HAL_RCC_GetSysClockFreq
                0x0000000008001cec      0x1ec build/stm32h7xx_hal_rcc.o
                0x0000000008001cec                HAL_RCC_GetSysClockFreq
 .text.HAL_RCC_ClockConfig
                0x0000000008001ed8      0x294 build/stm32h7xx_hal_rcc.o
                0x0000000008001ed8                HAL_RCC_ClockConfig
 .text.RCCEx_PLL2_Config
                0x000000000800216c      0x10c build/stm32h7xx_hal_rcc_ex.o
 .text.RCCEx_PLL3_Config
                0x0000000008002278      0x10c build/stm32h7xx_hal_rcc_ex.o
 .text.HAL_RCCEx_PeriphCLKConfig
                0x0000000008002384      0x8c4 build/stm32h7xx_hal_rcc_ex.o
                0x0000000008002384                HAL_RCCEx_PeriphCLKConfig
 .text.HAL_GPIO_Init
                0x0000000008002c48      0x1d4 build/stm32h7xx_hal_gpio.o
                0x0000000008002c48                HAL_GPIO_Init
 .text.HAL_GPIO_WritePin
                0x0000000008002e1c        0xc build/stm32h7xx_hal_gpio.o
                0x0000000008002e1c                HAL_GPIO_WritePin
 .text.HAL_GPIO_TogglePin
                0x0000000008002e28       0x12 build/stm32h7xx_hal_gpio.o
                0x0000000008002e28                HAL_GPIO_TogglePin
 *fill*         0x0000000008002e3a        0x2 
 .text.HAL_PWREx_ConfigSupply
                0x0000000008002e3c       0x54 build/stm32h7xx_hal_pwr_ex.o
                0x0000000008002e3c                HAL_PWREx_ConfigSupply
 .text.HAL_InitTick
                0x0000000008002e90       0x50 build/stm32h7xx_hal.o
                0x0000000008002e90                HAL_InitTick
 .text.HAL_Init
                0x0000000008002ee0       0x5c build/stm32h7xx_hal.o
                0x0000000008002ee0                HAL_Init
 .text.HAL_IncTick
                0x0000000008002f3c       0x18 build/stm32h7xx_hal.o
                0x0000000008002f3c                HAL_IncTick
 .text.HAL_GetTick
                0x0000000008002f54        0xc build/stm32h7xx_hal.o
                0x0000000008002f54                HAL_GetTick
 .text.HAL_Delay
                0x0000000008002f60       0x28 build/stm32h7xx_hal.o
                0x0000000008002f60                HAL_Delay
 .text.HAL_EnableCompensationCell
                0x0000000008002f88       0x10 build/stm32h7xx_hal.o
                0x0000000008002f88                HAL_EnableCompensationCell
 .text.OSPIM_GetConfig
                0x0000000008002f98       0xec build/stm32h7xx_hal_ospi.o
 .text.OSPI_WaitFlagStateUntilTimeout
                0x0000000008003084       0x4c build/stm32h7xx_hal_ospi.o
 .text.HAL_OSPI_HyperbusCfg
                0x00000000080030d0       0x54 build/stm32h7xx_hal_ospi.o
                0x00000000080030d0                HAL_OSPI_HyperbusCfg
 .text.HAL_OSPI_HyperbusCmd
                0x0000000008003124       0x88 build/stm32h7xx_hal_ospi.o
                0x0000000008003124                HAL_OSPI_HyperbusCmd
 .text.HAL_OSPI_MemoryMapped
                0x00000000080031ac       0x70 build/stm32h7xx_hal_ospi.o
                0x00000000080031ac                HAL_OSPI_MemoryMapped
 .text.HAL_OSPI_SetTimeout
                0x000000000800321c        0x6 build/stm32h7xx_hal_ospi.o
                0x000000000800321c                HAL_OSPI_SetTimeout
 *fill*         0x0000000008003222        0x2 
 .text.HAL_OSPI_Init
                0x0000000008003224      0x110 build/stm32h7xx_hal_ospi.o
                0x0000000008003224                HAL_OSPI_Init
 .text.HAL_OSPIM_Config
                0x0000000008003334      0x4c4 build/stm32h7xx_hal_ospi.o
                0x0000000008003334                HAL_OSPIM_Config
 .text.TIM_OC1_SetConfig
                0x00000000080037f8       0xa4 build/stm32h7xx_hal_tim.o
 .text.TIM_OC3_SetConfig
                0x000000000800389c       0x90 build/stm32h7xx_hal_tim.o
 .text.TIM_OC4_SetConfig
                0x000000000800392c       0x70 build/stm32h7xx_hal_tim.o
 .text.TIM_OC5_SetConfig
                0x000000000800399c       0x70 build/stm32h7xx_hal_tim.o
 .text.TIM_OC6_SetConfig
                0x0000000008003a0c       0x70 build/stm32h7xx_hal_tim.o
 .text.TIM_TI1_ConfigInputStage
                0x0000000008003a7c       0x26 build/stm32h7xx_hal_tim.o
 .text.TIM_TI2_ConfigInputStage
                0x0000000008003aa2       0x28 build/stm32h7xx_hal_tim.o
 *fill*         0x0000000008003aca        0x2 
 .text.TIM_ITRx_SetConfig
                0x0000000008003acc       0x14 build/stm32h7xx_hal_tim.o
 .text.HAL_TIM_PWM_MspInit
                0x0000000008003ae0        0x2 build/stm32h7xx_hal_tim.o
                0x0000000008003ae0                HAL_TIM_PWM_MspInit
 *fill*         0x0000000008003ae2        0x2 
 .text.TIM_Base_SetConfig
                0x0000000008003ae4      0x11c build/stm32h7xx_hal_tim.o
                0x0000000008003ae4                TIM_Base_SetConfig
 .text.HAL_TIM_Base_Init
                0x0000000008003c00       0x5e build/stm32h7xx_hal_tim.o
                0x0000000008003c00                HAL_TIM_Base_Init
 .text.HAL_TIM_PWM_Init
                0x0000000008003c5e       0x5e build/stm32h7xx_hal_tim.o
                0x0000000008003c5e                HAL_TIM_PWM_Init
 .text.TIM_OC2_SetConfig
                0x0000000008003cbc       0x94 build/stm32h7xx_hal_tim.o
                0x0000000008003cbc                TIM_OC2_SetConfig
 .text.HAL_TIM_PWM_ConfigChannel
                0x0000000008003d50      0x128 build/stm32h7xx_hal_tim.o
                0x0000000008003d50                HAL_TIM_PWM_ConfigChannel
 .text.TIM_ETR_SetConfig
                0x0000000008003e78       0x18 build/stm32h7xx_hal_tim.o
                0x0000000008003e78                TIM_ETR_SetConfig
 .text.HAL_TIM_ConfigClockSource
                0x0000000008003e90      0x100 build/stm32h7xx_hal_tim.o
                0x0000000008003e90                HAL_TIM_ConfigClockSource
 .text.TIM_CCxChannelCmd
                0x0000000008003f90       0x22 build/stm32h7xx_hal_tim.o
                0x0000000008003f90                TIM_CCxChannelCmd
 *fill*         0x0000000008003fb2        0x2 
 .text.HAL_TIM_PWM_Start
                0x0000000008003fb4      0x128 build/stm32h7xx_hal_tim.o
                0x0000000008003fb4                HAL_TIM_PWM_Start
 .text.HAL_TIMEx_MasterConfigSynchronization
                0x00000000080040dc       0xb0 build/stm32h7xx_hal_tim_ex.o
                0x00000000080040dc                HAL_TIMEx_MasterConfigSynchronization
 .text.LTDC_SetConfig
                0x000000000800418c      0x194 build/stm32h7xx_hal_ltdc.o
 .text.HAL_LTDC_Init
                0x0000000008004320       0xf4 build/stm32h7xx_hal_ltdc.o
                0x0000000008004320                HAL_LTDC_Init
 .text.HAL_LTDC_ConfigLayer
                0x0000000008004414       0x5c build/stm32h7xx_hal_ltdc.o
                0x0000000008004414                HAL_LTDC_ConfigLayer
 .text.HAL_LTDC_ConfigCLUT
                0x0000000008004470       0x7c build/stm32h7xx_hal_ltdc.o
                0x0000000008004470                HAL_LTDC_ConfigCLUT
 .text.HAL_LTDC_EnableCLUT
                0x00000000080044ec       0x3c build/stm32h7xx_hal_ltdc.o
                0x00000000080044ec                HAL_LTDC_EnableCLUT
 .text.SystemInit
                0x0000000008004528       0xb4 build/system_stm32h7xx.o
                0x0000000008004528                SystemInit
 .text.MX_GPIO_Init
                0x00000000080045dc      0x1c4 build/gpio.o
                0x00000000080045dc                MX_GPIO_Init
 .text.HAL_TIM_Base_MspInit
                0x00000000080047a0       0x30 build/tim.o
                0x00000000080047a0                HAL_TIM_Base_MspInit
 .text.HAL_TIM_MspPostInit
                0x00000000080047d0       0x58 build/tim.o
                0x00000000080047d0                HAL_TIM_MspPostInit
 .text.MX_TIM2_Init
                0x0000000008004828       0xb4 build/tim.o
                0x0000000008004828                MX_TIM2_Init
 .text.MX_LTDC_Init
                0x00000000080048dc       0xe8 build/ltdc_mod.o
                0x00000000080048dc                MX_LTDC_Init
 .text.HAL_LTDC_MspInit
                0x00000000080049c4      0x154 build/ltdc_mod.o
                0x00000000080049c4                HAL_LTDC_MspInit
 .text.Reset_Handler
                0x0000000008004b18       0x50 build/startup_stm32h723xx.o
                0x0000000008004b18                Reset_Handler
 .text.Default_Handler
                0x0000000008004b68        0x2 build/startup_stm32h723xx.o
                0x0000000008004b68                RTC_Alarm_IRQHandler
                0x0000000008004b68                EXTI2_IRQHandler
                0x0000000008004b68                TIM8_CC_IRQHandler
                0x0000000008004b68                UART8_IRQHandler
                0x0000000008004b68                SPI4_IRQHandler
                0x0000000008004b68                FDCAN3_IT0_IRQHandler
                0x0000000008004b68                TIM1_CC_IRQHandler
                0x0000000008004b68                BDMA_Channel6_IRQHandler
                0x0000000008004b68                DMA2_Stream5_IRQHandler
                0x0000000008004b68                DMA1_Stream5_IRQHandler
                0x0000000008004b68                CORDIC_IRQHandler
                0x0000000008004b68                BDMA_Channel1_IRQHandler
                0x0000000008004b68                TAMP_STAMP_IRQHandler
                0x0000000008004b68                EXTI3_IRQHandler
                0x0000000008004b68                LPTIM4_IRQHandler
                0x0000000008004b68                TIM8_TRG_COM_TIM14_IRQHandler
                0x0000000008004b68                LPTIM2_IRQHandler
                0x0000000008004b68                DFSDM1_FLT1_IRQHandler
                0x0000000008004b68                DMAMUX2_OVR_IRQHandler
                0x0000000008004b68                TIM8_UP_TIM13_IRQHandler
                0x0000000008004b68                I2C3_ER_IRQHandler
                0x0000000008004b68                DFSDM1_FLT2_IRQHandler
                0x0000000008004b68                I2C5_EV_IRQHandler
                0x0000000008004b68                USART10_IRQHandler
                0x0000000008004b68                MDMA_IRQHandler
                0x0000000008004b68                LPTIM3_IRQHandler
                0x0000000008004b68                HSEM1_IRQHandler
                0x0000000008004b68                EXTI0_IRQHandler
                0x0000000008004b68                I2C2_EV_IRQHandler
                0x0000000008004b68                DMA1_Stream2_IRQHandler
                0x0000000008004b68                FPU_IRQHandler
                0x0000000008004b68                OTG_HS_WKUP_IRQHandler
                0x0000000008004b68                FDCAN1_IT1_IRQHandler
                0x0000000008004b68                LTDC_ER_IRQHandler
                0x0000000008004b68                DMA2_Stream2_IRQHandler
                0x0000000008004b68                SPI1_IRQHandler
                0x0000000008004b68                OCTOSPI1_IRQHandler
                0x0000000008004b68                TIM6_DAC_IRQHandler
                0x0000000008004b68                DMA2_Stream3_IRQHandler
                0x0000000008004b68                OCTOSPI2_IRQHandler
                0x0000000008004b68                DFSDM1_FLT3_IRQHandler
                0x0000000008004b68                TIM23_IRQHandler
                0x0000000008004b68                USART6_IRQHandler
                0x0000000008004b68                TIM17_IRQHandler
                0x0000000008004b68                USART3_IRQHandler
                0x0000000008004b68                BDMA_Channel7_IRQHandler
                0x0000000008004b68                LPTIM5_IRQHandler
                0x0000000008004b68                UART5_IRQHandler
                0x0000000008004b68                ADC3_IRQHandler
                0x0000000008004b68                DMA2_Stream0_IRQHandler
                0x0000000008004b68                TIM4_IRQHandler
                0x0000000008004b68                BDMA_Channel2_IRQHandler
                0x0000000008004b68                I2C1_EV_IRQHandler
                0x0000000008004b68                DMA1_Stream6_IRQHandler
                0x0000000008004b68                DMAMUX1_OVR_IRQHandler
                0x0000000008004b68                DMA1_Stream1_IRQHandler
                0x0000000008004b68                TIM16_IRQHandler
                0x0000000008004b68                UART4_IRQHandler
                0x0000000008004b68                BDMA_Channel5_IRQHandler
                0x0000000008004b68                TIM3_IRQHandler
                0x0000000008004b68                RCC_IRQHandler
                0x0000000008004b68                UART9_IRQHandler
                0x0000000008004b68                TIM8_BRK_TIM12_IRQHandler
                0x0000000008004b68                TIM1_TRG_COM_IRQHandler
                0x0000000008004b68                Default_Handler
                0x0000000008004b68                ECC_IRQHandler
                0x0000000008004b68                FMAC_IRQHandler
                0x0000000008004b68                CEC_IRQHandler
                0x0000000008004b68                EXTI15_10_IRQHandler
                0x0000000008004b68                BDMA_Channel0_IRQHandler
                0x0000000008004b68                ADC_IRQHandler
                0x0000000008004b68                I2C5_ER_IRQHandler
                0x0000000008004b68                DMA1_Stream7_IRQHandler
                0x0000000008004b68                SPI5_IRQHandler
                0x0000000008004b68                TIM7_IRQHandler
                0x0000000008004b68                FDCAN3_IT1_IRQHandler
                0x0000000008004b68                SDMMC1_IRQHandler
                0x0000000008004b68                TIM5_IRQHandler
                0x0000000008004b68                DMA2_Stream7_IRQHandler
                0x0000000008004b68                TIM15_IRQHandler
                0x0000000008004b68                PVD_AVD_IRQHandler
                0x0000000008004b68                I2C3_EV_IRQHandler
                0x0000000008004b68                EXTI9_5_IRQHandler
                0x0000000008004b68                RTC_WKUP_IRQHandler
                0x0000000008004b68                LTDC_IRQHandler
                0x0000000008004b68                ETH_WKUP_IRQHandler
                0x0000000008004b68                SPDIF_RX_IRQHandler
                0x0000000008004b68                SPI2_IRQHandler
                0x0000000008004b68                OTG_HS_EP1_IN_IRQHandler
                0x0000000008004b68                DMA1_Stream0_IRQHandler
                0x0000000008004b68                TIM24_IRQHandler
                0x0000000008004b68                CRS_IRQHandler
                0x0000000008004b68                EXTI4_IRQHandler
                0x0000000008004b68                RNG_IRQHandler
                0x0000000008004b68                FDCAN2_IT1_IRQHandler
                0x0000000008004b68                ETH_IRQHandler
                0x0000000008004b68                TIM1_UP_IRQHandler
                0x0000000008004b68                BDMA_Channel4_IRQHandler
                0x0000000008004b68                OTG_HS_EP1_OUT_IRQHandler
                0x0000000008004b68                WWDG_IRQHandler
                0x0000000008004b68                SPI6_IRQHandler
                0x0000000008004b68                MDIOS_IRQHandler
                0x0000000008004b68                I2C4_EV_IRQHandler
                0x0000000008004b68                FDCAN2_IT0_IRQHandler
                0x0000000008004b68                LPUART1_IRQHandler
                0x0000000008004b68                FDCAN1_IT0_IRQHandler
                0x0000000008004b68                TIM2_IRQHandler
                0x0000000008004b68                OTG_HS_IRQHandler
                0x0000000008004b68                DMA2D_IRQHandler
                0x0000000008004b68                TIM1_BRK_IRQHandler
                0x0000000008004b68                EXTI1_IRQHandler
                0x0000000008004b68                SDMMC2_IRQHandler
                0x0000000008004b68                BDMA_Channel3_IRQHandler
                0x0000000008004b68                DTS_IRQHandler
                0x0000000008004b68                UART7_IRQHandler
                0x0000000008004b68                MDIOS_WKUP_IRQHandler
                0x0000000008004b68                USART2_IRQHandler
                0x0000000008004b68                DFSDM1_FLT0_IRQHandler
                0x0000000008004b68                SAI4_IRQHandler
                0x0000000008004b68                I2C2_ER_IRQHandler
                0x0000000008004b68                DMA2_Stream1_IRQHandler
                0x0000000008004b68                FLASH_IRQHandler
                0x0000000008004b68                DMA2_Stream4_IRQHandler
                0x0000000008004b68                USART1_IRQHandler
                0x0000000008004b68                SPI3_IRQHandler
                0x0000000008004b68                WAKEUP_PIN_IRQHandler
                0x0000000008004b68                DMA1_Stream4_IRQHandler
                0x0000000008004b68                I2C1_ER_IRQHandler
                0x0000000008004b68                FMC_IRQHandler
                0x0000000008004b68                FDCAN_CAL_IRQHandler
                0x0000000008004b68                SWPMI1_IRQHandler
                0x0000000008004b68                COMP1_IRQHandler
                0x0000000008004b68                LPTIM1_IRQHandler
                0x0000000008004b68                DCMI_PSSI_IRQHandler
                0x0000000008004b68                I2C4_ER_IRQHandler
                0x0000000008004b68                DMA2_Stream6_IRQHandler
                0x0000000008004b68                SAI1_IRQHandler
                0x0000000008004b68                DMA1_Stream3_IRQHandler
 *(.glue_7)
 .glue_7        0x0000000008004b6a        0x0 linker stubs
 *(.glue_7t)
 .glue_7t       0x0000000008004b6a        0x0 linker stubs
 *(.eh_frame)
 *fill*         0x0000000008004b6a        0x2 
 .eh_frame      0x0000000008004b6c        0x0 /usr/lib/gcc/arm-none-eabi/7.3.1/thumb/v7e-m/fpv5/hard/crtbegin.o
 *(.init)
 .init          0x0000000008004b6c        0x4 /usr/lib/gcc/arm-none-eabi/7.3.1/thumb/v7e-m/fpv5/hard/crti.o
                0x0000000008004b6c                _init
 .init          0x0000000008004b70        0x8 /usr/lib/gcc/arm-none-eabi/7.3.1/thumb/v7e-m/fpv5/hard/crtn.o
 *(.fini)
 .fini          0x0000000008004b78        0x4 /usr/lib/gcc/arm-none-eabi/7.3.1/thumb/v7e-m/fpv5/hard/crti.o
                0x0000000008004b78                _fini
 .fini          0x0000000008004b7c        0x8 /usr/lib/gcc/arm-none-eabi/7.3.1/thumb/v7e-m/fpv5/hard/crtn.o
                0x0000000008004b84                . = ALIGN (0x4)
                0x0000000008004b84                _etext = .

.vfp11_veneer   0x0000000008004b84        0x0
 .vfp11_veneer  0x0000000008004b84        0x0 linker stubs

.v4_bx          0x0000000008004b84        0x0
 .v4_bx         0x0000000008004b84        0x0 linker stubs

.iplt           0x0000000008004b84        0x0
 .iplt          0x0000000008004b84        0x0 /usr/lib/gcc/arm-none-eabi/7.3.1/thumb/v7e-m/fpv5/hard/crtbegin.o

.rodata         0x0000000008004b88      0x5e8
                0x0000000008004b88                . = ALIGN (0x4)
 *(.rodata)
 .rodata        0x0000000008004b88      0x188 /usr/lib/gcc/arm-none-eabi/7.3.1/../../../arm-none-eabi/lib/thumb/v7e-m/fpv5/hard/libm.a(lib_a-e_rem_pio2.o)
 .rodata        0x0000000008004d10       0x50 /usr/lib/gcc/arm-none-eabi/7.3.1/../../../arm-none-eabi/lib/thumb/v7e-m/fpv5/hard/libm.a(lib_a-k_rem_pio2.o)
 *(.rodata*)
 .rodata.D1CorePrescTable
                0x0000000008004d60       0x10 build/system_stm32h7xx.o
                0x0000000008004d60                D1CorePrescTable
 .rodata.L8_320x240_CLUT
                0x0000000008004d70      0x400 build/ltdc_mod.o
                0x0000000008004d70                L8_320x240_CLUT
                0x0000000008005170                . = ALIGN (0x4)

.rel.dyn        0x0000000008005170        0x0
 .rel.iplt      0x0000000008005170        0x0 /usr/lib/gcc/arm-none-eabi/7.3.1/thumb/v7e-m/fpv5/hard/crtbegin.o

.ARM.extab
 *(.ARM.extab* .gnu.linkonce.armextab.*)

.ARM            0x0000000008005170        0x0
                0x0000000008005170                __exidx_start = .
 *(.ARM.exidx*)
                0x0000000008005170                __exidx_end = .

.preinit_array  0x0000000008005170        0x0
                0x0000000008005170                PROVIDE (__preinit_array_start = .)
 *(.preinit_array*)
                0x0000000008005170                PROVIDE (__preinit_array_end = .)

.init_array     0x0000000008005170        0x4
                0x0000000008005170                PROVIDE (__init_array_start = .)
 *(SORT_BY_NAME(.init_array.*))
 *(.init_array*)
 .init_array    0x0000000008005170        0x4 /usr/lib/gcc/arm-none-eabi/7.3.1/thumb/v7e-m/fpv5/hard/crtbegin.o
                0x0000000008005174                PROVIDE (__init_array_end = .)

.fini_array     0x0000000008005174        0x4
                0x0000000008005174                PROVIDE (__fini_array_start = .)
 *(SORT_BY_NAME(.fini_array.*))
 *(.fini_array*)
 .fini_array    0x0000000008005174        0x4 /usr/lib/gcc/arm-none-eabi/7.3.1/thumb/v7e-m/fpv5/hard/crtbegin.o
                0x0000000008005178                PROVIDE (__fini_array_end = .)
                0x0000000008005178                _sidata = LOADADDR (.data)

.data           0x0000000020000000       0x10 load address 0x0000000008005178
                0x0000000020000000                . = ALIGN (0x4)
                0x0000000020000000                _sdata = .
 *(.data)
 *(.data*)
 .data.uwTickFreq
                0x0000000020000000        0x1 build/stm32h7xx_hal.o
                0x0000000020000000                uwTickFreq
 *fill*         0x0000000020000001        0x3 
 .data.uwTickPrio
                0x0000000020000004        0x4 build/stm32h7xx_hal.o
                0x0000000020000004                uwTickPrio
 .data.SystemCoreClock
                0x0000000020000008        0x4 build/system_stm32h7xx.o
                0x0000000020000008                SystemCoreClock
 .data.SystemD2Clock
                0x000000002000000c        0x4 build/system_stm32h7xx.o
                0x000000002000000c                SystemD2Clock
                0x0000000020000010                . = ALIGN (0x4)
                0x0000000020000010                _edata = .

.tm_clone_table
                0x0000000020000010        0x0 load address 0x0000000008005188
 .tm_clone_table
                0x0000000020000010        0x0 /usr/lib/gcc/arm-none-eabi/7.3.1/thumb/v7e-m/fpv5/hard/crtbegin.o
 .tm_clone_table
                0x0000000020000010        0x0 /usr/lib/gcc/arm-none-eabi/7.3.1/thumb/v7e-m/fpv5/hard/crtend.o

.igot.plt       0x0000000020000010        0x0 load address 0x0000000008005188
 .igot.plt      0x0000000020000010        0x0 /usr/lib/gcc/arm-none-eabi/7.3.1/thumb/v7e-m/fpv5/hard/crtbegin.o
                0x0000000020000010                . = ALIGN (0x4)

.bss            0x0000000020000010      0x174 load address 0x0000000008005188
                0x0000000020000010                _sbss = .
                0x0000000020000010                __bss_start__ = _sbss
 *(.bss)
 .bss           0x0000000020000010       0x1c /usr/lib/gcc/arm-none-eabi/7.3.1/thumb/v7e-m/fpv5/hard/crtbegin.o
 *(.bss*)
 *(COMMON)
 COMMON         0x000000002000002c       0x60 build/octospi.o
                0x000000002000002c                hospi1
 COMMON         0x000000002000008c        0x4 build/stm32h7xx_hal.o
                0x000000002000008c                uwTick
 COMMON         0x0000000020000090       0x4c build/tim.o
                0x0000000020000090                htim2
 COMMON         0x00000000200000dc       0xa8 build/ltdc_mod.o
                0x00000000200000dc                hltdc
                0x0000000020000184                . = ALIGN (0x4)
                0x0000000020000184                _ebss = .
                0x0000000020000184                __bss_end__ = _ebss

.fb1            0x0000000024000000    0x1fe00
                0x0000000024000000                _sfb1 = .
                0x0000000024000000                __fb1_start__ = _sfb1
 *(.fb1)
 .fb1           0x0000000024000000    0x1fe00 build/main.o
                0x0000000024000000                fb
 *(.fb1*)
                0x000000002401fe00                . = ALIGN (0x4)
                0x000000002401fe00                _efb1 = .
                0x000000002401fe00                __extbss_end__ = _efb1

.extbss         0x0000000090000000        0x0
                0x0000000090000000                _sextbss = .
                0x0000000090000000                __extbss_start__ = _sextbss
 *(.extbss)
 *(.extbss*)
                0x0000000090000000                . = ALIGN (0x4)
                0x0000000090000000                _eextbss = .
                0x0000000090000000                __extbss_end__ = _eextbss

._user_heap_stack
                0x0000000020000184      0x604
                0x0000000020000188                . = ALIGN (0x8)
 *fill*         0x0000000020000184        0x4 
                [!provide]                        PROVIDE (end = .)
                [!provide]                        PROVIDE (_end = .)
                0x0000000020000388                . = (. + _Min_Heap_Size)
 *fill*         0x0000000020000188      0x200 
                0x0000000020000788                . = (. + _Min_Stack_Size)
 *fill*         0x0000000020000388      0x400 
                0x0000000020000788                . = ALIGN (0x8)

/DISCARD/
 libc.a(*)
 libm.a(*)
 libgcc.a(*)

.ARM.attributes
                0x0000000000000000       0x2e
 *(.ARM.attributes)
 .ARM.attributes
                0x0000000000000000       0x20 /usr/lib/gcc/arm-none-eabi/7.3.1/thumb/v7e-m/fpv5/hard/crti.o
 .ARM.attributes
                0x0000000000000020       0x32 /usr/lib/gcc/arm-none-eabi/7.3.1/thumb/v7e-m/fpv5/hard/crtbegin.o
 .ARM.attributes
                0x0000000000000052       0x37 build/main.o
 .ARM.attributes
                0x0000000000000089       0x37 build/octospi.o
 .ARM.attributes
                0x00000000000000c0       0x37 build/stm32h7xx_it.o
 .ARM.attributes
                0x00000000000000f7       0x37 build/stm32h7xx_hal_msp.o
 .ARM.attributes
                0x000000000000012e       0x37 build/stm32h7xx_hal_cortex.o
 .ARM.attributes
                0x0000000000000165       0x37 build/stm32h7xx_hal_rcc.o
 .ARM.attributes
                0x000000000000019c       0x37 build/stm32h7xx_hal_rcc_ex.o
 .ARM.attributes
                0x00000000000001d3       0x37 build/stm32h7xx_hal_gpio.o
 .ARM.attributes
                0x000000000000020a       0x37 build/stm32h7xx_hal_pwr_ex.o
 .ARM.attributes
                0x0000000000000241       0x37 build/stm32h7xx_hal.o
 .ARM.attributes
                0x0000000000000278       0x37 build/stm32h7xx_hal_ospi.o
 .ARM.attributes
                0x00000000000002af       0x37 build/stm32h7xx_hal_tim.o
 .ARM.attributes
                0x00000000000002e6       0x37 build/stm32h7xx_hal_tim_ex.o
 .ARM.attributes
                0x000000000000031d       0x37 build/stm32h7xx_hal_ltdc.o
 .ARM.attributes
                0x0000000000000354       0x37 build/system_stm32h7xx.o
 .ARM.attributes
                0x000000000000038b       0x37 build/gpio.o
 .ARM.attributes
                0x00000000000003c2       0x37 build/tim.o
 .ARM.attributes
                0x00000000000003f9       0x37 build/ltdc_mod.o
 .ARM.attributes
                0x0000000000000430       0x21 build/startup_stm32h723xx.o
 .ARM.attributes
                0x0000000000000451       0x32 /usr/lib/gcc/arm-none-eabi/7.3.1/../../../arm-none-eabi/lib/thumb/v7e-m/fpv5/hard/libc_nano.a(lib_a-init.o)
 .ARM.attributes
                0x0000000000000483       0x32 /usr/lib/gcc/arm-none-eabi/7.3.1/../../../arm-none-eabi/lib/thumb/v7e-m/fpv5/hard/libc_nano.a(lib_a-memset.o)
 .ARM.attributes
                0x00000000000004b5       0x32 /usr/lib/gcc/arm-none-eabi/7.3.1/../../../arm-none-eabi/lib/thumb/v7e-m/fpv5/hard/libm.a(lib_a-s_sin.o)
 .ARM.attributes
                0x00000000000004e7       0x32 /usr/lib/gcc/arm-none-eabi/7.3.1/../../../arm-none-eabi/lib/thumb/v7e-m/fpv5/hard/libm.a(lib_a-e_rem_pio2.o)
 .ARM.attributes
                0x0000000000000519       0x32 /usr/lib/gcc/arm-none-eabi/7.3.1/../../../arm-none-eabi/lib/thumb/v7e-m/fpv5/hard/libm.a(lib_a-k_cos.o)
 .ARM.attributes
                0x000000000000054b       0x32 /usr/lib/gcc/arm-none-eabi/7.3.1/../../../arm-none-eabi/lib/thumb/v7e-m/fpv5/hard/libm.a(lib_a-k_rem_pio2.o)
 .ARM.attributes
                0x000000000000057d       0x32 /usr/lib/gcc/arm-none-eabi/7.3.1/../../../arm-none-eabi/lib/thumb/v7e-m/fpv5/hard/libm.a(lib_a-k_sin.o)
 .ARM.attributes
                0x00000000000005af       0x32 /usr/lib/gcc/arm-none-eabi/7.3.1/../../../arm-none-eabi/lib/thumb/v7e-m/fpv5/hard/libm.a(lib_a-s_fabs.o)
 .ARM.attributes
                0x00000000000005e1       0x32 /usr/lib/gcc/arm-none-eabi/7.3.1/../../../arm-none-eabi/lib/thumb/v7e-m/fpv5/hard/libm.a(lib_a-s_floor.o)
 .ARM.attributes
                0x0000000000000613       0x32 /usr/lib/gcc/arm-none-eabi/7.3.1/../../../arm-none-eabi/lib/thumb/v7e-m/fpv5/hard/libm.a(lib_a-s_scalbn.o)
 .ARM.attributes
                0x0000000000000645       0x32 /usr/lib/gcc/arm-none-eabi/7.3.1/thumb/v7e-m/fpv5/hard/crtend.o
 .ARM.attributes
                0x0000000000000677       0x20 /usr/lib/gcc/arm-none-eabi/7.3.1/thumb/v7e-m/fpv5/hard/crtn.o
OUTPUT(build/atlas_lcd.elf elf32-littlearm)

.comment        0x0000000000000000       0xae
 .comment       0x0000000000000000       0x57 /usr/lib/gcc/arm-none-eabi/7.3.1/thumb/v7e-m/fpv5/hard/crtbegin.o
                                         0x58 (size before relaxing)
 .comment       0x0000000000000057       0x58 build/main.o
 .comment       0x0000000000000057       0x58 build/octospi.o
 .comment       0x0000000000000057       0x58 build/stm32h7xx_it.o
 .comment       0x0000000000000057       0x58 build/stm32h7xx_hal_msp.o
 .comment       0x0000000000000057       0x58 build/stm32h7xx_hal_cortex.o
 .comment       0x0000000000000057       0x58 build/stm32h7xx_hal_rcc.o
 .comment       0x0000000000000057       0x58 build/stm32h7xx_hal_rcc_ex.o
 .comment       0x0000000000000057       0x58 build/stm32h7xx_hal_gpio.o
 .comment       0x0000000000000057       0x58 build/stm32h7xx_hal_pwr_ex.o
 .comment       0x0000000000000057       0x58 build/stm32h7xx_hal.o
 .comment       0x0000000000000057       0x58 build/stm32h7xx_hal_ospi.o
 .comment       0x0000000000000057       0x58 build/stm32h7xx_hal_tim.o
 .comment       0x0000000000000057       0x58 build/stm32h7xx_hal_tim_ex.o
 .comment       0x0000000000000057       0x58 build/stm32h7xx_hal_ltdc.o
 .comment       0x0000000000000057       0x58 build/system_stm32h7xx.o
 .comment       0x0000000000000057       0x58 build/gpio.o
 .comment       0x0000000000000057       0x58 build/tim.o
 .comment       0x0000000000000057       0x58 build/ltdc_mod.o
 .comment       0x0000000000000057       0x57 /usr/lib/gcc/arm-none-eabi/7.3.1/../../../arm-none-eabi/lib/thumb/v7e-m/fpv5/hard/libc_nano.a(lib_a-init.o)
                                         0x58 (size before relaxing)
 .comment       0x00000000000000ae       0x58 /usr/lib/gcc/arm-none-eabi/7.3.1/../../../arm-none-eabi/lib/thumb/v7e-m/fpv5/hard/libc_nano.a(lib_a-memset.o)
 .comment       0x00000000000000ae       0x58 /usr/lib/gcc/arm-none-eabi/7.3.1/../../../arm-none-eabi/lib/thumb/v7e-m/fpv5/hard/libm.a(lib_a-s_sin.o)
 .comment       0x00000000000000ae       0x58 /usr/lib/gcc/arm-none-eabi/7.3.1/../../../arm-none-eabi/lib/thumb/v7e-m/fpv5/hard/libm.a(lib_a-e_rem_pio2.o)
 .comment       0x00000000000000ae       0x58 /usr/lib/gcc/arm-none-eabi/7.3.1/../../../arm-none-eabi/lib/thumb/v7e-m/fpv5/hard/libm.a(lib_a-k_cos.o)
 .comment       0x00000000000000ae       0x58 /usr/lib/gcc/arm-none-eabi/7.3.1/../../../arm-none-eabi/lib/thumb/v7e-m/fpv5/hard/libm.a(lib_a-k_rem_pio2.o)
 .comment       0x00000000000000ae       0x58 /usr/lib/gcc/arm-none-eabi/7.3.1/../../../arm-none-eabi/lib/thumb/v7e-m/fpv5/hard/libm.a(lib_a-k_sin.o)
 .comment       0x00000000000000ae       0x58 /usr/lib/gcc/arm-none-eabi/7.3.1/../../../arm-none-eabi/lib/thumb/v7e-m/fpv5/hard/libm.a(lib_a-s_fabs.o)
 .comment       0x00000000000000ae       0x58 /usr/lib/gcc/arm-none-eabi/7.3.1/../../../arm-none-eabi/lib/thumb/v7e-m/fpv5/hard/libm.a(lib_a-s_floor.o)
 .comment       0x00000000000000ae       0x58 /usr/lib/gcc/arm-none-eabi/7.3.1/../../../arm-none-eabi/lib/thumb/v7e-m/fpv5/hard/libm.a(lib_a-s_scalbn.o)
 .comment       0x00000000000000ae       0x58 /usr/lib/gcc/arm-none-eabi/7.3.1/thumb/v7e-m/fpv5/hard/crtend.o

.debug_info     0x0000000000000000    0x29b22
 .debug_info    0x0000000000000000     0x331a build/main.o
 .debug_info    0x000000000000331a     0x1f5c build/octospi.o
 .debug_info    0x0000000000005276      0xc9a build/stm32h7xx_it.o
 .debug_info    0x0000000000005f10     0x1015 build/stm32h7xx_hal_msp.o
 .debug_info    0x0000000000006f25     0x1de5 build/stm32h7xx_hal_cortex.o
 .debug_info    0x0000000000008d0a     0x1b9d build/stm32h7xx_hal_rcc.o
 .debug_info    0x000000000000a8a7     0x241e build/stm32h7xx_hal_rcc_ex.o
 .debug_info    0x000000000000ccc5     0x18d7 build/stm32h7xx_hal_gpio.o
 .debug_info    0x000000000000e59c     0x1a56 build/stm32h7xx_hal_pwr_ex.o
 .debug_info    0x000000000000fff2     0x2358 build/stm32h7xx_hal.o
 .debug_info    0x000000000001234a     0x2ab6 build/stm32h7xx_hal_ospi.o
 .debug_info    0x0000000000014e00     0x44fb build/stm32h7xx_hal_tim.o
 .debug_info    0x00000000000192fb     0x2671 build/stm32h7xx_hal_tim_ex.o
 .debug_info    0x000000000001b96c     0x1eb3 build/stm32h7xx_hal_ltdc.o
 .debug_info    0x000000000001d81f     0x168c build/system_stm32h7xx.o
 .debug_info    0x000000000001eeab     0x13b6 build/gpio.o
 .debug_info    0x0000000000020261     0x1b7c build/tim.o
 .debug_info    0x0000000000021ddd     0x191f build/ltdc_mod.o
 .debug_info    0x00000000000236fc       0x22 build/startup_stm32h723xx.o
 .debug_info    0x000000000002371e      0x109 /usr/lib/gcc/arm-none-eabi/7.3.1/../../../arm-none-eabi/lib/thumb/v7e-m/fpv5/hard/libc_nano.a(lib_a-init.o)
 .debug_info    0x0000000000023827      0xe1d /usr/lib/gcc/arm-none-eabi/7.3.1/../../../arm-none-eabi/lib/thumb/v7e-m/fpv5/hard/libc_nano.a(lib_a-memset.o)
 .debug_info    0x0000000000024644      0xa52 /usr/lib/gcc/arm-none-eabi/7.3.1/../../../arm-none-eabi/lib/thumb/v7e-m/fpv5/hard/libm.a(lib_a-s_sin.o)
 .debug_info    0x0000000000025096      0xc28 /usr/lib/gcc/arm-none-eabi/7.3.1/../../../arm-none-eabi/lib/thumb/v7e-m/fpv5/hard/libm.a(lib_a-e_rem_pio2.o)
 .debug_info    0x0000000000025cbe      0xa7a /usr/lib/gcc/arm-none-eabi/7.3.1/../../../arm-none-eabi/lib/thumb/v7e-m/fpv5/hard/libm.a(lib_a-k_cos.o)
 .debug_info    0x0000000000026738      0xbf3 /usr/lib/gcc/arm-none-eabi/7.3.1/../../../arm-none-eabi/lib/thumb/v7e-m/fpv5/hard/libm.a(lib_a-k_rem_pio2.o)
 .debug_info    0x000000000002732b      0xa48 /usr/lib/gcc/arm-none-eabi/7.3.1/../../../arm-none-eabi/lib/thumb/v7e-m/fpv5/hard/libm.a(lib_a-k_sin.o)
 .debug_info    0x0000000000027d73      0x984 /usr/lib/gcc/arm-none-eabi/7.3.1/../../../arm-none-eabi/lib/thumb/v7e-m/fpv5/hard/libm.a(lib_a-s_fabs.o)
 .debug_info    0x00000000000286f7      0x9e9 /usr/lib/gcc/arm-none-eabi/7.3.1/../../../arm-none-eabi/lib/thumb/v7e-m/fpv5/hard/libm.a(lib_a-s_floor.o)
 .debug_info    0x00000000000290e0      0xa42 /usr/lib/gcc/arm-none-eabi/7.3.1/../../../arm-none-eabi/lib/thumb/v7e-m/fpv5/hard/libm.a(lib_a-s_scalbn.o)

.debug_abbrev   0x0000000000000000     0x4991
 .debug_abbrev  0x0000000000000000      0x3c7 build/main.o
 .debug_abbrev  0x00000000000003c7      0x289 build/octospi.o
 .debug_abbrev  0x0000000000000650      0x219 build/stm32h7xx_it.o
 .debug_abbrev  0x0000000000000869      0x216 build/stm32h7xx_hal_msp.o
 .debug_abbrev  0x0000000000000a7f      0x410 build/stm32h7xx_hal_cortex.o
 .debug_abbrev  0x0000000000000e8f      0x319 build/stm32h7xx_hal_rcc.o
 .debug_abbrev  0x00000000000011a8      0x323 build/stm32h7xx_hal_rcc_ex.o
 .debug_abbrev  0x00000000000014cb      0x2fc build/stm32h7xx_hal_gpio.o
 .debug_abbrev  0x00000000000017c7      0x356 build/stm32h7xx_hal_pwr_ex.o
 .debug_abbrev  0x0000000000001b1d      0x315 build/stm32h7xx_hal.o
 .debug_abbrev  0x0000000000001e32      0x335 build/stm32h7xx_hal_ospi.o
 .debug_abbrev  0x0000000000002167      0x31b build/stm32h7xx_hal_tim.o
 .debug_abbrev  0x0000000000002482      0x323 build/stm32h7xx_hal_tim_ex.o
 .debug_abbrev  0x00000000000027a5      0x308 build/stm32h7xx_hal_ltdc.o
 .debug_abbrev  0x0000000000002aad      0x229 build/system_stm32h7xx.o
 .debug_abbrev  0x0000000000002cd6      0x250 build/gpio.o
 .debug_abbrev  0x0000000000002f26      0x2cc build/tim.o
 .debug_abbrev  0x00000000000031f2      0x2d6 build/ltdc_mod.o
 .debug_abbrev  0x00000000000034c8       0x12 build/startup_stm32h723xx.o
 .debug_abbrev  0x00000000000034da       0xba /usr/lib/gcc/arm-none-eabi/7.3.1/../../../arm-none-eabi/lib/thumb/v7e-m/fpv5/hard/libc_nano.a(lib_a-init.o)
 .debug_abbrev  0x0000000000003594      0x1a8 /usr/lib/gcc/arm-none-eabi/7.3.1/../../../arm-none-eabi/lib/thumb/v7e-m/fpv5/hard/libc_nano.a(lib_a-memset.o)
 .debug_abbrev  0x000000000000373c      0x262 /usr/lib/gcc/arm-none-eabi/7.3.1/../../../arm-none-eabi/lib/thumb/v7e-m/fpv5/hard/libm.a(lib_a-s_sin.o)
 .debug_abbrev  0x000000000000399e      0x297 /usr/lib/gcc/arm-none-eabi/7.3.1/../../../arm-none-eabi/lib/thumb/v7e-m/fpv5/hard/libm.a(lib_a-e_rem_pio2.o)
 .debug_abbrev  0x0000000000003c35      0x238 /usr/lib/gcc/arm-none-eabi/7.3.1/../../../arm-none-eabi/lib/thumb/v7e-m/fpv5/hard/libm.a(lib_a-k_cos.o)
 .debug_abbrev  0x0000000000003e6d      0x28a /usr/lib/gcc/arm-none-eabi/7.3.1/../../../arm-none-eabi/lib/thumb/v7e-m/fpv5/hard/libm.a(lib_a-k_rem_pio2.o)
 .debug_abbrev  0x00000000000040f7      0x22d /usr/lib/gcc/arm-none-eabi/7.3.1/../../../arm-none-eabi/lib/thumb/v7e-m/fpv5/hard/libm.a(lib_a-k_sin.o)
 .debug_abbrev  0x0000000000004324      0x207 /usr/lib/gcc/arm-none-eabi/7.3.1/../../../arm-none-eabi/lib/thumb/v7e-m/fpv5/hard/libm.a(lib_a-s_fabs.o)
 .debug_abbrev  0x000000000000452b      0x229 /usr/lib/gcc/arm-none-eabi/7.3.1/../../../arm-none-eabi/lib/thumb/v7e-m/fpv5/hard/libm.a(lib_a-s_floor.o)
 .debug_abbrev  0x0000000000004754      0x23d /usr/lib/gcc/arm-none-eabi/7.3.1/../../../arm-none-eabi/lib/thumb/v7e-m/fpv5/hard/libm.a(lib_a-s_scalbn.o)

.debug_loc      0x0000000000000000    0x107fe
 .debug_loc     0x0000000000000000      0x183 build/main.o
 .debug_loc     0x0000000000000183      0x120 build/octospi.o
 .debug_loc     0x00000000000002a3       0x20 build/stm32h7xx_it.o
 .debug_loc     0x00000000000002c3       0x2c build/stm32h7xx_hal_msp.o
 .debug_loc     0x00000000000002ef      0x63c build/stm32h7xx_hal_cortex.o
 .debug_loc     0x000000000000092b      0x750 build/stm32h7xx_hal_rcc.o
 .debug_loc     0x000000000000107b     0x15c5 build/stm32h7xx_hal_rcc_ex.o
 .debug_loc     0x0000000000002640      0x40a build/stm32h7xx_hal_gpio.o
 .debug_loc     0x0000000000002a4a      0x468 build/stm32h7xx_hal_pwr_ex.o
 .debug_loc     0x0000000000002eb2      0x607 build/stm32h7xx_hal.o
 .debug_loc     0x00000000000034b9     0x1bf0 build/stm32h7xx_hal_ospi.o
 .debug_loc     0x00000000000050a9     0x55e0 build/stm32h7xx_hal_tim.o
 .debug_loc     0x000000000000a689     0x26bb build/stm32h7xx_hal_tim_ex.o
 .debug_loc     0x000000000000cd44     0x19a9 build/stm32h7xx_hal_ltdc.o
 .debug_loc     0x000000000000e6ed      0x134 build/system_stm32h7xx.o
 .debug_loc     0x000000000000e821       0x39 build/gpio.o
 .debug_loc     0x000000000000e85a       0xf0 build/tim.o
 .debug_loc     0x000000000000e94a      0x120 build/ltdc_mod.o
 .debug_loc     0x000000000000ea6a       0xa2 /usr/lib/gcc/arm-none-eabi/7.3.1/../../../arm-none-eabi/lib/thumb/v7e-m/fpv5/hard/libc_nano.a(lib_a-init.o)
 .debug_loc     0x000000000000eb0c      0x175 /usr/lib/gcc/arm-none-eabi/7.3.1/../../../arm-none-eabi/lib/thumb/v7e-m/fpv5/hard/libc_nano.a(lib_a-memset.o)
 .debug_loc     0x000000000000ec81       0xaa /usr/lib/gcc/arm-none-eabi/7.3.1/../../../arm-none-eabi/lib/thumb/v7e-m/fpv5/hard/libm.a(lib_a-s_sin.o)
 .debug_loc     0x000000000000ed2b      0x5ed /usr/lib/gcc/arm-none-eabi/7.3.1/../../../arm-none-eabi/lib/thumb/v7e-m/fpv5/hard/libm.a(lib_a-e_rem_pio2.o)
 .debug_loc     0x000000000000f318      0x1cb /usr/lib/gcc/arm-none-eabi/7.3.1/../../../arm-none-eabi/lib/thumb/v7e-m/fpv5/hard/libm.a(lib_a-k_cos.o)
 .debug_loc     0x000000000000f4e3      0xc21 /usr/lib/gcc/arm-none-eabi/7.3.1/../../../arm-none-eabi/lib/thumb/v7e-m/fpv5/hard/libm.a(lib_a-k_rem_pio2.o)
 .debug_loc     0x0000000000010104      0x146 /usr/lib/gcc/arm-none-eabi/7.3.1/../../../arm-none-eabi/lib/thumb/v7e-m/fpv5/hard/libm.a(lib_a-k_sin.o)
 .debug_loc     0x000000000001024a       0x42 /usr/lib/gcc/arm-none-eabi/7.3.1/../../../arm-none-eabi/lib/thumb/v7e-m/fpv5/hard/libm.a(lib_a-s_fabs.o)
 .debug_loc     0x000000000001028c      0x31b /usr/lib/gcc/arm-none-eabi/7.3.1/../../../arm-none-eabi/lib/thumb/v7e-m/fpv5/hard/libm.a(lib_a-s_floor.o)
 .debug_loc     0x00000000000105a7      0x257 /usr/lib/gcc/arm-none-eabi/7.3.1/../../../arm-none-eabi/lib/thumb/v7e-m/fpv5/hard/libm.a(lib_a-s_scalbn.o)

.debug_aranges  0x0000000000000000     0x10c8
 .debug_aranges
                0x0000000000000000       0x40 build/main.o
 .debug_aranges
                0x0000000000000040       0x30 build/octospi.o
 .debug_aranges
                0x0000000000000070       0x60 build/stm32h7xx_it.o
 .debug_aranges
                0x00000000000000d0       0x20 build/stm32h7xx_hal_msp.o
 .debug_aranges
                0x00000000000000f0       0xb0 build/stm32h7xx_hal_cortex.o
 .debug_aranges
                0x00000000000001a0       0x88 build/stm32h7xx_hal_rcc.o
 .debug_aranges
                0x0000000000000228       0xf8 build/stm32h7xx_hal_rcc_ex.o
 .debug_aranges
                0x0000000000000320       0x58 build/stm32h7xx_hal_gpio.o
 .debug_aranges
                0x0000000000000378      0x148 build/stm32h7xx_hal_pwr_ex.o
 .debug_aranges
                0x00000000000004c0      0x1c8 build/stm32h7xx_hal.o
 .debug_aranges
                0x0000000000000688      0x168 build/stm32h7xx_hal_ospi.o
 .debug_aranges
                0x00000000000007f0      0x3e0 build/stm32h7xx_hal_tim.o
 .debug_aranges
                0x0000000000000bd0      0x188 build/stm32h7xx_hal_tim_ex.o
 .debug_aranges
                0x0000000000000d58      0x158 build/stm32h7xx_hal_ltdc.o
 .debug_aranges
                0x0000000000000eb0       0x28 build/system_stm32h7xx.o
 .debug_aranges
                0x0000000000000ed8       0x20 build/gpio.o
 .debug_aranges
                0x0000000000000ef8       0x38 build/tim.o
 .debug_aranges
                0x0000000000000f30       0x30 build/ltdc_mod.o
 .debug_aranges
                0x0000000000000f60       0x28 build/startup_stm32h723xx.o
 .debug_aranges
                0x0000000000000f88       0x20 /usr/lib/gcc/arm-none-eabi/7.3.1/../../../arm-none-eabi/lib/thumb/v7e-m/fpv5/hard/libc_nano.a(lib_a-init.o)
 .debug_aranges
                0x0000000000000fa8       0x20 /usr/lib/gcc/arm-none-eabi/7.3.1/../../../arm-none-eabi/lib/thumb/v7e-m/fpv5/hard/libc_nano.a(lib_a-memset.o)
 .debug_aranges
                0x0000000000000fc8       0x20 /usr/lib/gcc/arm-none-eabi/7.3.1/../../../arm-none-eabi/lib/thumb/v7e-m/fpv5/hard/libm.a(lib_a-s_sin.o)
 .debug_aranges
                0x0000000000000fe8       0x20 /usr/lib/gcc/arm-none-eabi/7.3.1/../../../arm-none-eabi/lib/thumb/v7e-m/fpv5/hard/libm.a(lib_a-e_rem_pio2.o)
 .debug_aranges
                0x0000000000001008       0x20 /usr/lib/gcc/arm-none-eabi/7.3.1/../../../arm-none-eabi/lib/thumb/v7e-m/fpv5/hard/libm.a(lib_a-k_cos.o)
 .debug_aranges
                0x0000000000001028       0x20 /usr/lib/gcc/arm-none-eabi/7.3.1/../../../arm-none-eabi/lib/thumb/v7e-m/fpv5/hard/libm.a(lib_a-k_rem_pio2.o)
 .debug_aranges
                0x0000000000001048       0x20 /usr/lib/gcc/arm-none-eabi/7.3.1/../../../arm-none-eabi/lib/thumb/v7e-m/fpv5/hard/libm.a(lib_a-k_sin.o)
 .debug_aranges
                0x0000000000001068       0x20 /usr/lib/gcc/arm-none-eabi/7.3.1/../../../arm-none-eabi/lib/thumb/v7e-m/fpv5/hard/libm.a(lib_a-s_fabs.o)
 .debug_aranges
                0x0000000000001088       0x20 /usr/lib/gcc/arm-none-eabi/7.3.1/../../../arm-none-eabi/lib/thumb/v7e-m/fpv5/hard/libm.a(lib_a-s_floor.o)
 .debug_aranges
                0x00000000000010a8       0x20 /usr/lib/gcc/arm-none-eabi/7.3.1/../../../arm-none-eabi/lib/thumb/v7e-m/fpv5/hard/libm.a(lib_a-s_scalbn.o)

.debug_ranges   0x0000000000000000     0x1010
 .debug_ranges  0x0000000000000000       0xa8 build/main.o
 .debug_ranges  0x00000000000000a8       0x20 build/octospi.o
 .debug_ranges  0x00000000000000c8       0x50 build/stm32h7xx_it.o
 .debug_ranges  0x0000000000000118       0x10 build/stm32h7xx_hal_msp.o
 .debug_ranges  0x0000000000000128      0x100 build/stm32h7xx_hal_cortex.o
 .debug_ranges  0x0000000000000228       0xe0 build/stm32h7xx_hal_rcc.o
 .debug_ranges  0x0000000000000308       0xe8 build/stm32h7xx_hal_rcc_ex.o
 .debug_ranges  0x00000000000003f0       0x48 build/stm32h7xx_hal_gpio.o
 .debug_ranges  0x0000000000000438      0x138 build/stm32h7xx_hal_pwr_ex.o
 .debug_ranges  0x0000000000000570      0x1b8 build/stm32h7xx_hal.o
 .debug_ranges  0x0000000000000728      0x158 build/stm32h7xx_hal_ospi.o
 .debug_ranges  0x0000000000000880      0x3d0 build/stm32h7xx_hal_tim.o
 .debug_ranges  0x0000000000000c50      0x178 build/stm32h7xx_hal_tim_ex.o
 .debug_ranges  0x0000000000000dc8      0x148 build/stm32h7xx_hal_ltdc.o
 .debug_ranges  0x0000000000000f10       0x18 build/system_stm32h7xx.o
 .debug_ranges  0x0000000000000f28       0x10 build/gpio.o
 .debug_ranges  0x0000000000000f38       0x28 build/tim.o
 .debug_ranges  0x0000000000000f60       0x20 build/ltdc_mod.o
 .debug_ranges  0x0000000000000f80       0x20 build/startup_stm32h723xx.o
 .debug_ranges  0x0000000000000fa0       0x38 /usr/lib/gcc/arm-none-eabi/7.3.1/../../../arm-none-eabi/lib/thumb/v7e-m/fpv5/hard/libm.a(lib_a-e_rem_pio2.o)
 .debug_ranges  0x0000000000000fd8       0x38 /usr/lib/gcc/arm-none-eabi/7.3.1/../../../arm-none-eabi/lib/thumb/v7e-m/fpv5/hard/libm.a(lib_a-s_scalbn.o)

.debug_line     0x0000000000000000     0x8ec9
 .debug_line    0x0000000000000000      0x41a build/main.o
 .debug_line    0x000000000000041a      0x2eb build/octospi.o
 .debug_line    0x0000000000000705      0x271 build/stm32h7xx_it.o
 .debug_line    0x0000000000000976      0x204 build/stm32h7xx_hal_msp.o
 .debug_line    0x0000000000000b7a      0x486 build/stm32h7xx_hal_cortex.o
 .debug_line    0x0000000000001000      0x5bf build/stm32h7xx_hal_rcc.o
 .debug_line    0x00000000000015bf      0x8bc build/stm32h7xx_hal_rcc_ex.o
 .debug_line    0x0000000000001e7b      0x38e build/stm32h7xx_hal_gpio.o
 .debug_line    0x0000000000002209      0x5d2 build/stm32h7xx_hal_pwr_ex.o
 .debug_line    0x00000000000027db      0x648 build/stm32h7xx_hal.o
 .debug_line    0x0000000000002e23      0x978 build/stm32h7xx_hal_ospi.o
 .debug_line    0x000000000000379b     0x1fcb build/stm32h7xx_hal_tim.o
 .debug_line    0x0000000000005766      0xede build/stm32h7xx_hal_tim_ex.o
 .debug_line    0x0000000000006644      0xad0 build/stm32h7xx_hal_ltdc.o
 .debug_line    0x0000000000007114      0x24a build/system_stm32h7xx.o
 .debug_line    0x000000000000735e      0x24e build/gpio.o
 .debug_line    0x00000000000075ac      0x2c1 build/tim.o
 .debug_line    0x000000000000786d      0x2e9 build/ltdc_mod.o
 .debug_line    0x0000000000007b56       0x75 build/startup_stm32h723xx.o
 .debug_line    0x0000000000007bcb       0xbf /usr/lib/gcc/arm-none-eabi/7.3.1/../../../arm-none-eabi/lib/thumb/v7e-m/fpv5/hard/libc_nano.a(lib_a-init.o)
 .debug_line    0x0000000000007c8a      0x1c4 /usr/lib/gcc/arm-none-eabi/7.3.1/../../../arm-none-eabi/lib/thumb/v7e-m/fpv5/hard/libc_nano.a(lib_a-memset.o)
 .debug_line    0x0000000000007e4e      0x1d1 /usr/lib/gcc/arm-none-eabi/7.3.1/../../../arm-none-eabi/lib/thumb/v7e-m/fpv5/hard/libm.a(lib_a-s_sin.o)
 .debug_line    0x000000000000801f      0x23e /usr/lib/gcc/arm-none-eabi/7.3.1/../../../arm-none-eabi/lib/thumb/v7e-m/fpv5/hard/libm.a(lib_a-e_rem_pio2.o)
 .debug_line    0x000000000000825d      0x1c4 /usr/lib/gcc/arm-none-eabi/7.3.1/../../../arm-none-eabi/lib/thumb/v7e-m/fpv5/hard/libm.a(lib_a-k_cos.o)
 .debug_line    0x0000000000008421      0x379 /usr/lib/gcc/arm-none-eabi/7.3.1/../../../arm-none-eabi/lib/thumb/v7e-m/fpv5/hard/libm.a(lib_a-k_rem_pio2.o)
 .debug_line    0x000000000000879a      0x1b4 /usr/lib/gcc/arm-none-eabi/7.3.1/../../../arm-none-eabi/lib/thumb/v7e-m/fpv5/hard/libm.a(lib_a-k_sin.o)
 .debug_line    0x000000000000894e      0x1a7 /usr/lib/gcc/arm-none-eabi/7.3.1/../../../arm-none-eabi/lib/thumb/v7e-m/fpv5/hard/libm.a(lib_a-s_fabs.o)
 .debug_line    0x0000000000008af5      0x217 /usr/lib/gcc/arm-none-eabi/7.3.1/../../../arm-none-eabi/lib/thumb/v7e-m/fpv5/hard/libm.a(lib_a-s_floor.o)
 .debug_line    0x0000000000008d0c      0x1bd /usr/lib/gcc/arm-none-eabi/7.3.1/../../../arm-none-eabi/lib/thumb/v7e-m/fpv5/hard/libm.a(lib_a-s_scalbn.o)

.debug_str      0x0000000000000000     0x6f0e
 .debug_str     0x0000000000000000     0x1d42 build/main.o
                                       0x1f11 (size before relaxing)
 .debug_str     0x0000000000001d42      0x236 build/octospi.o
                                       0x1224 (size before relaxing)
 .debug_str     0x0000000000001f78       0xb4 build/stm32h7xx_it.o
                                        0x8d4 (size before relaxing)
 .debug_str     0x000000000000202c       0x29 build/stm32h7xx_hal_msp.o
                                        0xa73 (size before relaxing)
 .debug_str     0x0000000000002055      0xd67 build/stm32h7xx_hal_cortex.o
                                       0x1665 (size before relaxing)
 .debug_str     0x0000000000002dbc      0x2f7 build/stm32h7xx_hal_rcc.o
                                        0xff0 (size before relaxing)
 .debug_str     0x00000000000030b3      0x678 build/stm32h7xx_hal_rcc_ex.o
                                       0x1514 (size before relaxing)
 .debug_str     0x000000000000372b      0x149 build/stm32h7xx_hal_gpio.o
                                        0xd57 (size before relaxing)
 .debug_str     0x0000000000003874      0x512 build/stm32h7xx_hal_pwr_ex.o
                                       0x101d (size before relaxing)
 .debug_str     0x0000000000003d86      0x61e build/stm32h7xx_hal.o
                                       0x1b51 (size before relaxing)
 .debug_str     0x00000000000043a4      0x549 build/stm32h7xx_hal_ospi.o
                                       0x14f7 (size before relaxing)
 .debug_str     0x00000000000048ed      0xf54 build/stm32h7xx_hal_tim.o
                                       0x1e6d (size before relaxing)
 .debug_str     0x0000000000005841      0x6cc build/stm32h7xx_hal_tim_ex.o
                                       0x17b3 (size before relaxing)
 .debug_str     0x0000000000005f0d      0x4f3 build/stm32h7xx_hal_ltdc.o
                                        0xff2 (size before relaxing)
 .debug_str     0x0000000000006400       0x3d build/system_stm32h7xx.o
                                        0xcdd (size before relaxing)
 .debug_str     0x000000000000643d       0x10 build/gpio.o
                                        0xb24 (size before relaxing)
 .debug_str     0x000000000000644d       0x46 build/tim.o
                                       0x1320 (size before relaxing)
 .debug_str     0x0000000000006493       0x45 build/ltdc_mod.o
                                        0xe75 (size before relaxing)
 .debug_str     0x00000000000064d8       0x24 build/startup_stm32h723xx.o
                                         0x47 (size before relaxing)
 .debug_str     0x00000000000064fc      0x1c3 /usr/lib/gcc/arm-none-eabi/7.3.1/../../../arm-none-eabi/lib/thumb/v7e-m/fpv5/hard/libc_nano.a(lib_a-init.o)
                                        0x25e (size before relaxing)
 .debug_str     0x00000000000066bf      0x391 /usr/lib/gcc/arm-none-eabi/7.3.1/../../../arm-none-eabi/lib/thumb/v7e-m/fpv5/hard/libc_nano.a(lib_a-memset.o)
                                        0x944 (size before relaxing)
 .debug_str     0x0000000000006a50       0xd4 /usr/lib/gcc/arm-none-eabi/7.3.1/../../../arm-none-eabi/lib/thumb/v7e-m/fpv5/hard/libm.a(lib_a-s_sin.o)
                                        0x698 (size before relaxing)
 .debug_str     0x0000000000006b24       0xbe /usr/lib/gcc/arm-none-eabi/7.3.1/../../../arm-none-eabi/lib/thumb/v7e-m/fpv5/hard/libm.a(lib_a-e_rem_pio2.o)
                                        0x708 (size before relaxing)
 .debug_str     0x0000000000006be2       0x39 /usr/lib/gcc/arm-none-eabi/7.3.1/../../../arm-none-eabi/lib/thumb/v7e-m/fpv5/hard/libm.a(lib_a-k_cos.o)
                                        0x67d (size before relaxing)
 .debug_str     0x0000000000006c1b       0x70 /usr/lib/gcc/arm-none-eabi/7.3.1/../../../arm-none-eabi/lib/thumb/v7e-m/fpv5/hard/libm.a(lib_a-k_rem_pio2.o)
                                        0x696 (size before relaxing)
 .debug_str     0x0000000000006c8b       0x34 /usr/lib/gcc/arm-none-eabi/7.3.1/../../../arm-none-eabi/lib/thumb/v7e-m/fpv5/hard/libm.a(lib_a-k_sin.o)
                                        0x67d (size before relaxing)
 .debug_str     0x0000000000006cbf       0x35 /usr/lib/gcc/arm-none-eabi/7.3.1/../../../arm-none-eabi/lib/thumb/v7e-m/fpv5/hard/libm.a(lib_a-s_fabs.o)
                                        0x671 (size before relaxing)
 .debug_str     0x0000000000006cf4       0xa2 /usr/lib/gcc/arm-none-eabi/7.3.1/../../../arm-none-eabi/lib/thumb/v7e-m/fpv5/hard/libm.a(lib_a-s_floor.o)
                                        0x68e (size before relaxing)
 .debug_str     0x0000000000006d96      0x178 /usr/lib/gcc/arm-none-eabi/7.3.1/../../../arm-none-eabi/lib/thumb/v7e-m/fpv5/hard/libm.a(lib_a-s_scalbn.o)
                                        0x6a7 (size before relaxing)

.debug_frame    0x0000000000000000     0x3024
 .debug_frame   0x0000000000000000       0xa8 build/main.o
 .debug_frame   0x00000000000000a8       0x84 build/octospi.o
 .debug_frame   0x000000000000012c       0xac build/stm32h7xx_it.o
 .debug_frame   0x00000000000001d8       0x28 build/stm32h7xx_hal_msp.o
 .debug_frame   0x0000000000000200      0x17c build/stm32h7xx_hal_cortex.o
 .debug_frame   0x000000000000037c      0x1a4 build/stm32h7xx_hal_rcc.o
 .debug_frame   0x0000000000000520      0x2b8 build/stm32h7xx_hal_rcc_ex.o
 .debug_frame   0x00000000000007d8       0xe4 build/stm32h7xx_hal_gpio.o
 .debug_frame   0x00000000000008bc      0x2f4 build/stm32h7xx_hal_pwr_ex.o
 .debug_frame   0x0000000000000bb0      0x418 build/stm32h7xx_hal.o
 .debug_frame   0x0000000000000fc8      0x4dc build/stm32h7xx_hal_ospi.o
 .debug_frame   0x00000000000014a4      0xdbc build/stm32h7xx_hal_tim.o
 .debug_frame   0x0000000000002260      0x5ac build/stm32h7xx_hal_tim_ex.o
 .debug_frame   0x000000000000280c      0x480 build/stm32h7xx_hal_ltdc.o
 .debug_frame   0x0000000000002c8c       0x30 build/system_stm32h7xx.o
 .debug_frame   0x0000000000002cbc       0x44 build/gpio.o
 .debug_frame   0x0000000000002d00       0x7c build/tim.o
 .debug_frame   0x0000000000002d7c       0x80 build/ltdc_mod.o
 .debug_frame   0x0000000000002dfc       0x2c /usr/lib/gcc/arm-none-eabi/7.3.1/../../../arm-none-eabi/lib/thumb/v7e-m/fpv5/hard/libc_nano.a(lib_a-init.o)
 .debug_frame   0x0000000000002e28       0x38 /usr/lib/gcc/arm-none-eabi/7.3.1/../../../arm-none-eabi/lib/thumb/v7e-m/fpv5/hard/libc_nano.a(lib_a-memset.o)
 .debug_frame   0x0000000000002e60       0x34 /usr/lib/gcc/arm-none-eabi/7.3.1/../../../arm-none-eabi/lib/thumb/v7e-m/fpv5/hard/libm.a(lib_a-s_sin.o)
 .debug_frame   0x0000000000002e94       0x3c /usr/lib/gcc/arm-none-eabi/7.3.1/../../../arm-none-eabi/lib/thumb/v7e-m/fpv5/hard/libm.a(lib_a-e_rem_pio2.o)
 .debug_frame   0x0000000000002ed0       0x20 /usr/lib/gcc/arm-none-eabi/7.3.1/../../../arm-none-eabi/lib/thumb/v7e-m/fpv5/hard/libm.a(lib_a-k_cos.o)
 .debug_frame   0x0000000000002ef0       0x70 /usr/lib/gcc/arm-none-eabi/7.3.1/../../../arm-none-eabi/lib/thumb/v7e-m/fpv5/hard/libm.a(lib_a-k_rem_pio2.o)
 .debug_frame   0x0000000000002f60       0x20 /usr/lib/gcc/arm-none-eabi/7.3.1/../../../arm-none-eabi/lib/thumb/v7e-m/fpv5/hard/libm.a(lib_a-k_sin.o)
 .debug_frame   0x0000000000002f80       0x20 /usr/lib/gcc/arm-none-eabi/7.3.1/../../../arm-none-eabi/lib/thumb/v7e-m/fpv5/hard/libm.a(lib_a-s_fabs.o)
 .debug_frame   0x0000000000002fa0       0x40 /usr/lib/gcc/arm-none-eabi/7.3.1/../../../arm-none-eabi/lib/thumb/v7e-m/fpv5/hard/libm.a(lib_a-s_floor.o)
 .debug_frame   0x0000000000002fe0       0x44 /usr/lib/gcc/arm-none-eabi/7.3.1/../../../arm-none-eabi/lib/thumb/v7e-m/fpv5/hard/libm.a(lib_a-s_scalbn.o)

Cross Reference Table

Symbol                                            File
ADC3_IRQHandler                                   build/startup_stm32h723xx.o
ADC_IRQHandler                                    build/startup_stm32h723xx.o
BDMA_Channel0_IRQHandler                          build/startup_stm32h723xx.o
BDMA_Channel1_IRQHandler                          build/startup_stm32h723xx.o
BDMA_Channel2_IRQHandler                          build/startup_stm32h723xx.o
BDMA_Channel3_IRQHandler                          build/startup_stm32h723xx.o
BDMA_Channel4_IRQHandler                          build/startup_stm32h723xx.o
BDMA_Channel5_IRQHandler                          build/startup_stm32h723xx.o
BDMA_Channel6_IRQHandler                          build/startup_stm32h723xx.o
BDMA_Channel7_IRQHandler                          build/startup_stm32h723xx.o
BusFault_Handler                                  build/stm32h7xx_it.o
CEC_IRQHandler                                    build/startup_stm32h723xx.o
COMP1_IRQHandler                                  build/startup_stm32h723xx.o
CORDIC_IRQHandler                                 build/startup_stm32h723xx.o
CRS_IRQHandler                                    build/startup_stm32h723xx.o
D1CorePrescTable                                  build/system_stm32h7xx.o
                                                  build/stm32h7xx_hal.o
                                                  build/stm32h7xx_hal_rcc_ex.o
                                                  build/stm32h7xx_hal_rcc.o
DCMI_PSSI_IRQHandler                              build/startup_stm32h723xx.o
DFSDM1_FLT0_IRQHandler                            build/startup_stm32h723xx.o
DFSDM1_FLT1_IRQHandler                            build/startup_stm32h723xx.o
DFSDM1_FLT2_IRQHandler                            build/startup_stm32h723xx.o
DFSDM1_FLT3_IRQHandler                            build/startup_stm32h723xx.o
DMA1_Stream0_IRQHandler                           build/startup_stm32h723xx.o
DMA1_Stream1_IRQHandler                           build/startup_stm32h723xx.o
DMA1_Stream2_IRQHandler                           build/startup_stm32h723xx.o
DMA1_Stream3_IRQHandler                           build/startup_stm32h723xx.o
DMA1_Stream4_IRQHandler                           build/startup_stm32h723xx.o
DMA1_Stream5_IRQHandler                           build/startup_stm32h723xx.o
DMA1_Stream6_IRQHandler                           build/startup_stm32h723xx.o
DMA1_Stream7_IRQHandler                           build/startup_stm32h723xx.o
DMA2D_IRQHandler                                  build/startup_stm32h723xx.o
DMA2_Stream0_IRQHandler                           build/startup_stm32h723xx.o
DMA2_Stream1_IRQHandler                           build/startup_stm32h723xx.o
DMA2_Stream2_IRQHandler                           build/startup_stm32h723xx.o
DMA2_Stream3_IRQHandler                           build/startup_stm32h723xx.o
DMA2_Stream4_IRQHandler                           build/startup_stm32h723xx.o
DMA2_Stream5_IRQHandler                           build/startup_stm32h723xx.o
DMA2_Stream6_IRQHandler                           build/startup_stm32h723xx.o
DMA2_Stream7_IRQHandler                           build/startup_stm32h723xx.o
DMAMUX1_OVR_IRQHandler                            build/startup_stm32h723xx.o
DMAMUX2_OVR_IRQHandler                            build/startup_stm32h723xx.o
DTS_IRQHandler                                    build/startup_stm32h723xx.o
DebugMon_Handler                                  build/stm32h7xx_it.o
Default_Handler                                   build/startup_stm32h723xx.o
DelayBlock_Configure                              build/stm32h7xx_ll_delayblock.o
DelayBlock_Disable                                build/stm32h7xx_ll_delayblock.o
DelayBlock_Enable                                 build/stm32h7xx_ll_delayblock.o
                                                  build/stm32h7xx_hal_sd.o
ECC_IRQHandler                                    build/startup_stm32h723xx.o
ETH_IRQHandler                                    build/startup_stm32h723xx.o
ETH_WKUP_IRQHandler                               build/startup_stm32h723xx.o
EXTI0_IRQHandler                                  build/startup_stm32h723xx.o
EXTI15_10_IRQHandler                              build/startup_stm32h723xx.o
EXTI1_IRQHandler                                  build/startup_stm32h723xx.o
EXTI2_IRQHandler                                  build/startup_stm32h723xx.o
EXTI3_IRQHandler                                  build/startup_stm32h723xx.o
EXTI4_IRQHandler                                  build/startup_stm32h723xx.o
EXTI9_5_IRQHandler                                build/startup_stm32h723xx.o
Error_Handler                                     build/main.o
                                                  build/ltdc_mod.o
                                                  build/tim.o
                                                  build/octospi.o
FDCAN1_IT0_IRQHandler                             build/startup_stm32h723xx.o
FDCAN1_IT1_IRQHandler                             build/startup_stm32h723xx.o
FDCAN2_IT0_IRQHandler                             build/startup_stm32h723xx.o
FDCAN2_IT1_IRQHandler                             build/startup_stm32h723xx.o
FDCAN3_IT0_IRQHandler                             build/startup_stm32h723xx.o
FDCAN3_IT1_IRQHandler                             build/startup_stm32h723xx.o
FDCAN_CAL_IRQHandler                              build/startup_stm32h723xx.o
FLASH_CRC_WaitForLastOperation                    build/stm32h7xx_hal_flash.o
                                                  build/stm32h7xx_hal_flash_ex.o
FLASH_Erase_Sector                                build/stm32h7xx_hal_flash_ex.o
                                                  build/stm32h7xx_hal_flash.o
FLASH_IRQHandler                                  build/startup_stm32h723xx.o
FLASH_OB_WaitForLastOperation                     build/stm32h7xx_hal_flash.o
                                                  build/stm32h7xx_hal_flash_ex.o
FLASH_WaitForLastOperation                        build/stm32h7xx_hal_flash.o
                                                  build/stm32h7xx_hal_flash_ex.o
FMAC_IRQHandler                                   build/startup_stm32h723xx.o
FMC_IRQHandler                                    build/startup_stm32h723xx.o
FPU_IRQHandler                                    build/startup_stm32h723xx.o
HAL_DBGMCU_DisableDBGSleepMode                    build/stm32h7xx_hal.o
HAL_DBGMCU_DisableDBGStandbyMode                  build/stm32h7xx_hal.o
HAL_DBGMCU_DisableDBGStopMode                     build/stm32h7xx_hal.o
HAL_DBGMCU_EnableDBGSleepMode                     build/stm32h7xx_hal.o
HAL_DBGMCU_EnableDBGStandbyMode                   build/stm32h7xx_hal.o
HAL_DBGMCU_EnableDBGStopMode                      build/stm32h7xx_hal.o
HAL_DMAEx_ChangeMemory                            build/stm32h7xx_hal_dma_ex.o
HAL_DMAEx_ConfigMuxRequestGenerator               build/stm32h7xx_hal_dma_ex.o
HAL_DMAEx_ConfigMuxSync                           build/stm32h7xx_hal_dma_ex.o
HAL_DMAEx_DisableMuxRequestGenerator              build/stm32h7xx_hal_dma_ex.o
HAL_DMAEx_EnableMuxRequestGenerator               build/stm32h7xx_hal_dma_ex.o
HAL_DMAEx_MUX_IRQHandler                          build/stm32h7xx_hal_dma_ex.o
HAL_DMAEx_MultiBufferStart                        build/stm32h7xx_hal_dma_ex.o
HAL_DMAEx_MultiBufferStart_IT                     build/stm32h7xx_hal_dma_ex.o
HAL_DMA_Abort                                     build/stm32h7xx_hal_dma.o
HAL_DMA_Abort_IT                                  build/stm32h7xx_hal_dma.o
                                                  build/stm32h7xx_hal_tim_ex.o
                                                  build/stm32h7xx_hal_tim.o
                                                  build/stm32h7xx_hal_i2c.o
HAL_DMA_DeInit                                    build/stm32h7xx_hal_dma.o
HAL_DMA_GetError                                  build/stm32h7xx_hal_dma.o
                                                  build/stm32h7xx_hal_i2c.o
HAL_DMA_GetState                                  build/stm32h7xx_hal_dma.o
                                                  build/stm32h7xx_hal_i2c.o
HAL_DMA_IRQHandler                                build/stm32h7xx_hal_dma.o
HAL_DMA_Init                                      build/stm32h7xx_hal_dma.o
HAL_DMA_PollForTransfer                           build/stm32h7xx_hal_dma.o
HAL_DMA_RegisterCallback                          build/stm32h7xx_hal_dma.o
HAL_DMA_Start                                     build/stm32h7xx_hal_dma.o
HAL_DMA_Start_IT                                  build/stm32h7xx_hal_dma.o
                                                  build/stm32h7xx_hal_tim_ex.o
                                                  build/stm32h7xx_hal_tim.o
                                                  build/stm32h7xx_hal_i2c.o
HAL_DMA_UnRegisterCallback                        build/stm32h7xx_hal_dma.o
HAL_DeInit                                        build/stm32h7xx_hal.o
HAL_Delay                                         build/stm32h7xx_hal.o
                                                  build/stm32h7xx_hal_sd.o
                                                  build/main.o
HAL_DisableCompensationCell                       build/stm32h7xx_hal.o
HAL_DisableDomain3DBGStandbyMode                  build/stm32h7xx_hal.o
HAL_DisableDomain3DBGStopMode                     build/stm32h7xx_hal.o
HAL_EXTI_ClearConfigLine                          build/stm32h7xx_hal_exti.o
HAL_EXTI_ClearPending                             build/stm32h7xx_hal_exti.o
HAL_EXTI_D1_ClearFlag                             build/stm32h7xx_hal.o
HAL_EXTI_D1_EventInputConfig                      build/stm32h7xx_hal.o
HAL_EXTI_D3_EventInputConfig                      build/stm32h7xx_hal.o
HAL_EXTI_EdgeConfig                               build/stm32h7xx_hal.o
HAL_EXTI_GenerateSWI                              build/stm32h7xx_hal_exti.o
HAL_EXTI_GenerateSWInterrupt                      build/stm32h7xx_hal.o
HAL_EXTI_GetConfigLine                            build/stm32h7xx_hal_exti.o
HAL_EXTI_GetHandle                                build/stm32h7xx_hal_exti.o
HAL_EXTI_GetPending                               build/stm32h7xx_hal_exti.o
HAL_EXTI_IRQHandler                               build/stm32h7xx_hal_exti.o
HAL_EXTI_RegisterCallback                         build/stm32h7xx_hal_exti.o
HAL_EXTI_SetConfigLine                            build/stm32h7xx_hal_exti.o
HAL_EnableCompensationCell                        build/stm32h7xx_hal.o
                                                  build/main.o
HAL_EnableDomain3DBGStandbyMode                   build/stm32h7xx_hal.o
HAL_EnableDomain3DBGStopMode                      build/stm32h7xx_hal.o
HAL_FLASHEx_ComputeCRC                            build/stm32h7xx_hal_flash_ex.o
HAL_FLASHEx_Erase                                 build/stm32h7xx_hal_flash_ex.o
HAL_FLASHEx_Erase_IT                              build/stm32h7xx_hal_flash_ex.o
HAL_FLASHEx_Lock_Bank1                            build/stm32h7xx_hal_flash_ex.o
HAL_FLASHEx_OBGetConfig                           build/stm32h7xx_hal_flash_ex.o
HAL_FLASHEx_OBProgram                             build/stm32h7xx_hal_flash_ex.o
HAL_FLASHEx_Unlock_Bank1                          build/stm32h7xx_hal_flash_ex.o
HAL_FLASH_EndOfOperationCallback                  build/stm32h7xx_hal_flash.o
HAL_FLASH_GetError                                build/stm32h7xx_hal_flash.o
HAL_FLASH_IRQHandler                              build/stm32h7xx_hal_flash.o
HAL_FLASH_Lock                                    build/stm32h7xx_hal_flash.o
HAL_FLASH_OB_Launch                               build/stm32h7xx_hal_flash.o
HAL_FLASH_OB_Lock                                 build/stm32h7xx_hal_flash.o
HAL_FLASH_OB_Unlock                               build/stm32h7xx_hal_flash.o
HAL_FLASH_OperationErrorCallback                  build/stm32h7xx_hal_flash.o
HAL_FLASH_Program                                 build/stm32h7xx_hal_flash.o
HAL_FLASH_Program_IT                              build/stm32h7xx_hal_flash.o
HAL_FLASH_Unlock                                  build/stm32h7xx_hal_flash.o
HAL_GPIO_DeInit                                   build/stm32h7xx_hal_gpio.o
                                                  build/ltdc_mod.o
                                                  build/octospi.o
HAL_GPIO_EXTI_Callback                            build/stm32h7xx_hal_gpio.o
HAL_GPIO_EXTI_IRQHandler                          build/stm32h7xx_hal_gpio.o
HAL_GPIO_Init                                     build/stm32h7xx_hal_gpio.o
                                                  build/ltdc_mod.o
                                                  build/tim.o
                                                  build/gpio.o
                                                  build/stm32h7xx_hal_rcc.o
                                                  build/octospi.o
HAL_GPIO_LockPin                                  build/stm32h7xx_hal_gpio.o
HAL_GPIO_ReadPin                                  build/stm32h7xx_hal_gpio.o
HAL_GPIO_TogglePin                                build/stm32h7xx_hal_gpio.o
                                                  build/main.o
HAL_GPIO_WritePin                                 build/stm32h7xx_hal_gpio.o
                                                  build/gpio.o
                                                  build/main.o
HAL_GetCurrentCPUID                               build/stm32h7xx_hal_cortex.o
HAL_GetDEVID                                      build/stm32h7xx_hal.o
HAL_GetFMCMemorySwappingConfig                    build/stm32h7xx_hal.o
HAL_GetHalVersion                                 build/stm32h7xx_hal.o
HAL_GetREVID                                      build/stm32h7xx_hal.o
                                                  build/stm32h7xx_hal_rcc_ex.o
HAL_GetTick                                       build/stm32h7xx_hal.o
                                                  build/stm32h7xx_hal_sd.o
                                                  build/stm32h7xx_ll_delayblock.o
                                                  build/stm32h7xx_hal_ospi.o
                                                  build/stm32h7xx_hal_i2c.o
                                                  build/stm32h7xx_hal_pwr_ex.o
                                                  build/stm32h7xx_hal_mdma.o
                                                  build/stm32h7xx_hal_dma.o
                                                  build/stm32h7xx_hal_flash.o
                                                  build/stm32h7xx_hal_rcc_ex.o
                                                  build/stm32h7xx_hal_rcc.o
HAL_GetTickFreq                                   build/stm32h7xx_hal.o
HAL_GetTickPrio                                   build/stm32h7xx_hal.o
HAL_GetUIDw0                                      build/stm32h7xx_hal.o
HAL_GetUIDw1                                      build/stm32h7xx_hal.o
HAL_GetUIDw2                                      build/stm32h7xx_hal.o
HAL_HSEM_ActivateNotification                     build/stm32h7xx_hal_hsem.o
HAL_HSEM_DeactivateNotification                   build/stm32h7xx_hal_hsem.o
HAL_HSEM_FastTake                                 build/stm32h7xx_hal_hsem.o
HAL_HSEM_FreeCallback                             build/stm32h7xx_hal_hsem.o
HAL_HSEM_GetClearKey                              build/stm32h7xx_hal_hsem.o
HAL_HSEM_IRQHandler                               build/stm32h7xx_hal_hsem.o
HAL_HSEM_IsSemTaken                               build/stm32h7xx_hal_hsem.o
HAL_HSEM_Release                                  build/stm32h7xx_hal_hsem.o
HAL_HSEM_ReleaseAll                               build/stm32h7xx_hal_hsem.o
HAL_HSEM_SetClearKey                              build/stm32h7xx_hal_hsem.o
HAL_HSEM_Take                                     build/stm32h7xx_hal_hsem.o
HAL_I2CEx_ConfigAnalogFilter                      build/stm32h7xx_hal_i2c_ex.o
HAL_I2CEx_ConfigDigitalFilter                     build/stm32h7xx_hal_i2c_ex.o
HAL_I2CEx_DisableFastModePlus                     build/stm32h7xx_hal_i2c_ex.o
HAL_I2CEx_DisableWakeUp                           build/stm32h7xx_hal_i2c_ex.o
HAL_I2CEx_EnableFastModePlus                      build/stm32h7xx_hal_i2c_ex.o
HAL_I2CEx_EnableWakeUp                            build/stm32h7xx_hal_i2c_ex.o
HAL_I2C_AbortCpltCallback                         build/stm32h7xx_hal_i2c.o
HAL_I2C_AddrCallback                              build/stm32h7xx_hal_i2c.o
HAL_I2C_DeInit                                    build/stm32h7xx_hal_i2c.o
HAL_I2C_DisableListen_IT                          build/stm32h7xx_hal_i2c.o
HAL_I2C_ER_IRQHandler                             build/stm32h7xx_hal_i2c.o
HAL_I2C_EV_IRQHandler                             build/stm32h7xx_hal_i2c.o
HAL_I2C_EnableListen_IT                           build/stm32h7xx_hal_i2c.o
HAL_I2C_ErrorCallback                             build/stm32h7xx_hal_i2c.o
HAL_I2C_GetError                                  build/stm32h7xx_hal_i2c.o
HAL_I2C_GetMode                                   build/stm32h7xx_hal_i2c.o
HAL_I2C_GetState                                  build/stm32h7xx_hal_i2c.o
HAL_I2C_Init                                      build/stm32h7xx_hal_i2c.o
HAL_I2C_IsDeviceReady                             build/stm32h7xx_hal_i2c.o
HAL_I2C_ListenCpltCallback                        build/stm32h7xx_hal_i2c.o
HAL_I2C_MasterRxCpltCallback                      build/stm32h7xx_hal_i2c.o
HAL_I2C_MasterTxCpltCallback                      build/stm32h7xx_hal_i2c.o
HAL_I2C_Master_Abort_IT                           build/stm32h7xx_hal_i2c.o
HAL_I2C_Master_Receive                            build/stm32h7xx_hal_i2c.o
HAL_I2C_Master_Receive_DMA                        build/stm32h7xx_hal_i2c.o
HAL_I2C_Master_Receive_IT                         build/stm32h7xx_hal_i2c.o
HAL_I2C_Master_Seq_Receive_DMA                    build/stm32h7xx_hal_i2c.o
HAL_I2C_Master_Seq_Receive_IT                     build/stm32h7xx_hal_i2c.o
HAL_I2C_Master_Seq_Transmit_DMA                   build/stm32h7xx_hal_i2c.o
HAL_I2C_Master_Seq_Transmit_IT                    build/stm32h7xx_hal_i2c.o
HAL_I2C_Master_Transmit                           build/stm32h7xx_hal_i2c.o
HAL_I2C_Master_Transmit_DMA                       build/stm32h7xx_hal_i2c.o
HAL_I2C_Master_Transmit_IT                        build/stm32h7xx_hal_i2c.o
HAL_I2C_MemRxCpltCallback                         build/stm32h7xx_hal_i2c.o
HAL_I2C_MemTxCpltCallback                         build/stm32h7xx_hal_i2c.o
HAL_I2C_Mem_Read                                  build/stm32h7xx_hal_i2c.o
HAL_I2C_Mem_Read_DMA                              build/stm32h7xx_hal_i2c.o
HAL_I2C_Mem_Read_IT                               build/stm32h7xx_hal_i2c.o
HAL_I2C_Mem_Write                                 build/stm32h7xx_hal_i2c.o
HAL_I2C_Mem_Write_DMA                             build/stm32h7xx_hal_i2c.o
HAL_I2C_Mem_Write_IT                              build/stm32h7xx_hal_i2c.o
HAL_I2C_MspDeInit                                 build/stm32h7xx_hal_i2c.o
HAL_I2C_MspInit                                   build/stm32h7xx_hal_i2c.o
HAL_I2C_SlaveRxCpltCallback                       build/stm32h7xx_hal_i2c.o
HAL_I2C_SlaveTxCpltCallback                       build/stm32h7xx_hal_i2c.o
HAL_I2C_Slave_Receive                             build/stm32h7xx_hal_i2c.o
HAL_I2C_Slave_Receive_DMA                         build/stm32h7xx_hal_i2c.o
HAL_I2C_Slave_Receive_IT                          build/stm32h7xx_hal_i2c.o
HAL_I2C_Slave_Seq_Receive_DMA                     build/stm32h7xx_hal_i2c.o
HAL_I2C_Slave_Seq_Receive_IT                      build/stm32h7xx_hal_i2c.o
HAL_I2C_Slave_Seq_Transmit_DMA                    build/stm32h7xx_hal_i2c.o
HAL_I2C_Slave_Seq_Transmit_IT                     build/stm32h7xx_hal_i2c.o
HAL_I2C_Slave_Transmit                            build/stm32h7xx_hal_i2c.o
HAL_I2C_Slave_Transmit_DMA                        build/stm32h7xx_hal_i2c.o
HAL_I2C_Slave_Transmit_IT                         build/stm32h7xx_hal_i2c.o
HAL_IncTick                                       build/stm32h7xx_hal.o
                                                  build/stm32h7xx_it.o
HAL_Init                                          build/stm32h7xx_hal.o
                                                  build/main.o
HAL_InitTick                                      build/stm32h7xx_hal.o
                                                  build/stm32h7xx_hal_rcc.o
HAL_LTDC_ConfigCLUT                               build/stm32h7xx_hal_ltdc.o
                                                  build/ltdc_mod.o
HAL_LTDC_ConfigColorKeying                        build/stm32h7xx_hal_ltdc.o
HAL_LTDC_ConfigColorKeying_NoReload               build/stm32h7xx_hal_ltdc.o
HAL_LTDC_ConfigLayer                              build/stm32h7xx_hal_ltdc.o
                                                  build/ltdc_mod.o
HAL_LTDC_ConfigLayer_NoReload                     build/stm32h7xx_hal_ltdc.o
HAL_LTDC_DeInit                                   build/stm32h7xx_hal_ltdc.o
HAL_LTDC_DisableCLUT                              build/stm32h7xx_hal_ltdc.o
HAL_LTDC_DisableCLUT_NoReload                     build/stm32h7xx_hal_ltdc.o
HAL_LTDC_DisableColorKeying                       build/stm32h7xx_hal_ltdc.o
HAL_LTDC_DisableColorKeying_NoReload              build/stm32h7xx_hal_ltdc.o
HAL_LTDC_DisableDither                            build/stm32h7xx_hal_ltdc.o
HAL_LTDC_EnableCLUT                               build/stm32h7xx_hal_ltdc.o
                                                  build/ltdc_mod.o
HAL_LTDC_EnableCLUT_NoReload                      build/stm32h7xx_hal_ltdc.o
HAL_LTDC_EnableColorKeying                        build/stm32h7xx_hal_ltdc.o
HAL_LTDC_EnableColorKeying_NoReload               build/stm32h7xx_hal_ltdc.o
HAL_LTDC_EnableDither                             build/stm32h7xx_hal_ltdc.o
HAL_LTDC_ErrorCallback                            build/stm32h7xx_hal_ltdc.o
HAL_LTDC_GetError                                 build/stm32h7xx_hal_ltdc.o
HAL_LTDC_GetState                                 build/stm32h7xx_hal_ltdc.o
HAL_LTDC_IRQHandler                               build/stm32h7xx_hal_ltdc.o
HAL_LTDC_Init                                     build/stm32h7xx_hal_ltdc.o
                                                  build/ltdc_mod.o
HAL_LTDC_LineEventCallback                        build/stm32h7xx_hal_ltdc.o
HAL_LTDC_MspDeInit                                build/ltdc_mod.o
                                                  build/stm32h7xx_hal_ltdc.o
HAL_LTDC_MspInit                                  build/ltdc_mod.o
                                                  build/stm32h7xx_hal_ltdc.o
HAL_LTDC_ProgramLineEvent                         build/stm32h7xx_hal_ltdc.o
HAL_LTDC_Reload                                   build/stm32h7xx_hal_ltdc.o
HAL_LTDC_ReloadEventCallback                      build/stm32h7xx_hal_ltdc.o
HAL_LTDC_SetAddress                               build/stm32h7xx_hal_ltdc.o
HAL_LTDC_SetAddress_NoReload                      build/stm32h7xx_hal_ltdc.o
HAL_LTDC_SetAlpha                                 build/stm32h7xx_hal_ltdc.o
HAL_LTDC_SetAlpha_NoReload                        build/stm32h7xx_hal_ltdc.o
HAL_LTDC_SetPitch                                 build/stm32h7xx_hal_ltdc.o
HAL_LTDC_SetPitch_NoReload                        build/stm32h7xx_hal_ltdc.o
HAL_LTDC_SetPixelFormat                           build/stm32h7xx_hal_ltdc.o
HAL_LTDC_SetPixelFormat_NoReload                  build/stm32h7xx_hal_ltdc.o
HAL_LTDC_SetWindowPosition                        build/stm32h7xx_hal_ltdc.o
HAL_LTDC_SetWindowPosition_NoReload               build/stm32h7xx_hal_ltdc.o
HAL_LTDC_SetWindowSize                            build/stm32h7xx_hal_ltdc.o
HAL_LTDC_SetWindowSize_NoReload                   build/stm32h7xx_hal_ltdc.o
HAL_MDMA_Abort                                    build/stm32h7xx_hal_mdma.o
                                                  build/stm32h7xx_hal_ospi.o
HAL_MDMA_Abort_IT                                 build/stm32h7xx_hal_mdma.o
                                                  build/stm32h7xx_hal_ospi.o
HAL_MDMA_ConfigPostRequestMask                    build/stm32h7xx_hal_mdma.o
HAL_MDMA_DeInit                                   build/stm32h7xx_hal_mdma.o
HAL_MDMA_GenerateSWRequest                        build/stm32h7xx_hal_mdma.o
HAL_MDMA_GetError                                 build/stm32h7xx_hal_mdma.o
HAL_MDMA_GetState                                 build/stm32h7xx_hal_mdma.o
HAL_MDMA_IRQHandler                               build/stm32h7xx_hal_mdma.o
HAL_MDMA_Init                                     build/stm32h7xx_hal_mdma.o
HAL_MDMA_LinkedList_AddNode                       build/stm32h7xx_hal_mdma.o
HAL_MDMA_LinkedList_CreateNode                    build/stm32h7xx_hal_mdma.o
HAL_MDMA_LinkedList_DisableCircularMode           build/stm32h7xx_hal_mdma.o
HAL_MDMA_LinkedList_EnableCircularMode            build/stm32h7xx_hal_mdma.o
HAL_MDMA_LinkedList_RemoveNode                    build/stm32h7xx_hal_mdma.o
HAL_MDMA_PollForTransfer                          build/stm32h7xx_hal_mdma.o
HAL_MDMA_RegisterCallback                         build/stm32h7xx_hal_mdma.o
HAL_MDMA_Start                                    build/stm32h7xx_hal_mdma.o
HAL_MDMA_Start_IT                                 build/stm32h7xx_hal_mdma.o
                                                  build/stm32h7xx_hal_ospi.o
HAL_MDMA_UnRegisterCallback                       build/stm32h7xx_hal_mdma.o
HAL_MPU_ConfigRegion                              build/stm32h7xx_hal_cortex.o
HAL_MPU_Disable                                   build/stm32h7xx_hal_cortex.o
HAL_MPU_Enable                                    build/stm32h7xx_hal_cortex.o
HAL_MspDeInit                                     build/stm32h7xx_hal.o
HAL_MspInit                                       build/stm32h7xx_hal_msp.o
HAL_NVIC_ClearPendingIRQ                          build/stm32h7xx_hal_cortex.o
HAL_NVIC_DisableIRQ                               build/stm32h7xx_hal_cortex.o
HAL_NVIC_EnableIRQ                                build/stm32h7xx_hal_cortex.o
HAL_NVIC_GetActive                                build/stm32h7xx_hal_cortex.o
HAL_NVIC_GetPendingIRQ                            build/stm32h7xx_hal_cortex.o
HAL_NVIC_GetPriority                              build/stm32h7xx_hal_cortex.o
HAL_NVIC_GetPriorityGrouping                      build/stm32h7xx_hal_cortex.o
HAL_NVIC_SetPendingIRQ                            build/stm32h7xx_hal_cortex.o
HAL_NVIC_SetPriority                              build/stm32h7xx_hal_cortex.o
                                                  build/stm32h7xx_hal.o
HAL_NVIC_SetPriorityGrouping                      build/stm32h7xx_hal_cortex.o
                                                  build/stm32h7xx_hal.o
HAL_NVIC_SystemReset                              build/stm32h7xx_hal_cortex.o
HAL_OSPIM_Config                                  build/stm32h7xx_hal_ospi.o
                                                  build/octospi.o
HAL_OSPI_Abort                                    build/stm32h7xx_hal_ospi.o
HAL_OSPI_AbortCpltCallback                        build/stm32h7xx_hal_ospi.o
HAL_OSPI_Abort_IT                                 build/stm32h7xx_hal_ospi.o
HAL_OSPI_AutoPolling                              build/stm32h7xx_hal_ospi.o
HAL_OSPI_AutoPolling_IT                           build/stm32h7xx_hal_ospi.o
HAL_OSPI_CmdCpltCallback                          build/stm32h7xx_hal_ospi.o
HAL_OSPI_Command                                  build/stm32h7xx_hal_ospi.o
HAL_OSPI_Command_IT                               build/stm32h7xx_hal_ospi.o
HAL_OSPI_DeInit                                   build/stm32h7xx_hal_ospi.o
HAL_OSPI_ErrorCallback                            build/stm32h7xx_hal_ospi.o
HAL_OSPI_FifoThresholdCallback                    build/stm32h7xx_hal_ospi.o
HAL_OSPI_GetError                                 build/stm32h7xx_hal_ospi.o
HAL_OSPI_GetFifoThreshold                         build/stm32h7xx_hal_ospi.o
HAL_OSPI_GetState                                 build/stm32h7xx_hal_ospi.o
HAL_OSPI_HyperbusCfg                              build/stm32h7xx_hal_ospi.o
                                                  build/octospi.o
HAL_OSPI_HyperbusCmd                              build/stm32h7xx_hal_ospi.o
                                                  build/octospi.o
HAL_OSPI_IRQHandler                               build/stm32h7xx_hal_ospi.o